secrets	Set up job	﻿2026-10-07T20:57:35.1082551Z Current runner version: '2.337.0'
secrets	Set up job	2026-10-07T20:57:35.1103852Z ##[group]Runner Image Provisioner
secrets	Set up job	2026-10-07T20:57:35.1104578Z Hosted Compute Agent
secrets	Set up job	2026-10-07T20:57:35.1105090Z Version: 20261002.596
secrets	Set up job	2026-10-07T20:57:35.1105646Z Commit: c3d12f3313a95f25162a1503be624f3b0617f8c0
secrets	Set up job	2026-10-07T20:57:35.1106240Z Build Date: 2026-10-02T22:28:27Z
secrets	Set up job	2026-10-07T20:57:35.1106874Z Worker ID: {f4daa5ba-f19a-4a4c-819c-a842194b9ecf}
secrets	Set up job	2026-10-07T20:57:35.1107451Z Region: westus3
secrets	Set up job	2026-10-07T20:57:35.1107930Z Cloud: Azure
secrets	Set up job	2026-10-07T20:57:35.1108404Z ##[endgroup]
secrets	Set up job	2026-10-07T20:57:35.1109522Z ##[group]Operating System
secrets	Set up job	2026-10-07T20:57:35.1110032Z Ubuntu
secrets	Set up job	2026-10-07T20:57:35.1110538Z 24.04.5
secrets	Set up job	2026-10-07T20:57:35.1110988Z LTS
secrets	Set up job	2026-10-07T20:57:35.1111434Z ##[endgroup]
secrets	Set up job	2026-10-07T20:57:35.1111905Z ##[group]Runner Image
secrets	Set up job	2026-10-07T20:57:35.1112432Z Image: ubuntu-24.04
secrets	Set up job	2026-10-07T20:57:35.1112941Z Version: 20261004.327.1
secrets	Set up job	2026-10-07T20:57:35.1114152Z Included Software: https://github.com/actions/runner-images/blob/ubuntu24/20261004.327/images/ubuntu/Ubuntu2404-Readme.md
secrets	Set up job	2026-10-07T20:57:35.1115549Z Image Release: https://github.com/actions/runner-images/releases/tag/ubuntu24%2F20261004.327
secrets	Set up job	2026-10-07T20:57:35.1116357Z ##[endgroup]
secrets	Set up job	2026-10-07T20:57:35.1117386Z ##[group]GITHUB_TOKEN Permissions
secrets	Set up job	2026-10-07T20:57:35.1119093Z Contents: read
secrets	Set up job	2026-10-07T20:57:35.1119662Z Metadata: read
secrets	Set up job	2026-10-07T20:57:35.1120129Z PullRequests: read
secrets	Set up job	2026-10-07T20:57:35.1120636Z ##[endgroup]
secrets	Set up job	2026-10-07T20:57:35.1122346Z Secret source: Actions
secrets	Set up job	2026-10-07T20:57:35.1123281Z Cache mode: write
secrets	Set up job	2026-10-07T20:57:35.1123841Z Prepare workflow directory
secrets	Set up job	2026-10-07T20:57:35.1382680Z Prepare all required actions
secrets	Set up job	2026-10-07T20:57:35.1424169Z Getting action download info
secrets	Set up job	2026-10-07T20:57:35.4434296Z Download action repository 'actions/checkout@11d5960a326750d5838078e36cf38b85af677262' (SHA:11d5960a326750d5838078e36cf38b85af677262)
secrets	Set up job	2026-10-07T20:57:35.5379786Z Download action repository 'gitleaks/gitleaks-action@dcedce43c6f43de0b836d1fe38946645c9c638dc' (SHA:dcedce43c6f43de0b836d1fe38946645c9c638dc)
secrets	Set up job	2026-10-07T20:57:36.3081342Z Complete job name: secrets
secrets	Run actions/checkout@11d5960a326750d5838078e36cf38b85af677262	﻿2026-10-07T20:57:36.3689533Z ##[group]Run actions/checkout@11d5960a326750d5838078e36cf38b85af677262
secrets	Run actions/checkout@11d5960a326750d5838078e36cf38b85af677262	2026-10-07T20:57:36.3690424Z with:
secrets	Run actions/checkout@11d5960a326750d5838078e36cf38b85af677262	2026-10-07T20:57:36.3690804Z   fetch-depth: 0
secrets	Run actions/checkout@11d5960a326750d5838078e36cf38b85af677262	2026-10-07T20:57:36.3691201Z   persist-credentials: false
secrets	Run actions/checkout@11d5960a326750d5838078e36cf38b85af677262	2026-10-07T20:57:36.3691652Z   repository: hyunlord/bs-mobile
secrets	Run actions/checkout@11d5960a326750d5838078e36cf38b85af677262	2026-10-07T20:57:36.3695299Z   token: ***
secrets	Run actions/checkout@11d5960a326750d5838078e36cf38b85af677262	2026-10-07T20:57:36.3695683Z   ssh-strict: true
secrets	Run actions/checkout@11d5960a326750d5838078e36cf38b85af677262	2026-10-07T20:57:36.3696068Z   ssh-user: git
secrets	Run actions/checkout@11d5960a326750d5838078e36cf38b85af677262	2026-10-07T20:57:36.3696434Z   clean: true
secrets	Run actions/checkout@11d5960a326750d5838078e36cf38b85af677262	2026-10-07T20:57:36.3696820Z   sparse-checkout-cone-mode: true
secrets	Run actions/checkout@11d5960a326750d5838078e36cf38b85af677262	2026-10-07T20:57:36.3697270Z   fetch-tags: false
secrets	Run actions/checkout@11d5960a326750d5838078e36cf38b85af677262	2026-10-07T20:57:36.3697656Z   show-progress: true
secrets	Run actions/checkout@11d5960a326750d5838078e36cf38b85af677262	2026-10-07T20:57:36.3698042Z   lfs: false
secrets	Run actions/checkout@11d5960a326750d5838078e36cf38b85af677262	2026-10-07T20:57:36.3698404Z   submodules: false
secrets	Run actions/checkout@11d5960a326750d5838078e36cf38b85af677262	2026-10-07T20:57:36.3698815Z   set-safe-directory: true
secrets	Run actions/checkout@11d5960a326750d5838078e36cf38b85af677262	2026-10-07T20:57:36.3699248Z   allow-unsafe-pr-checkout: false
secrets	Run actions/checkout@11d5960a326750d5838078e36cf38b85af677262	2026-10-07T20:57:36.3699874Z ##[endgroup]
secrets	Run actions/checkout@11d5960a326750d5838078e36cf38b85af677262	2026-10-07T20:57:36.4498948Z Syncing repository: hyunlord/bs-mobile
secrets	Run actions/checkout@11d5960a326750d5838078e36cf38b85af677262	2026-10-07T20:57:36.4501161Z ##[group]Getting Git version info
secrets	Run actions/checkout@11d5960a326750d5838078e36cf38b85af677262	2026-10-07T20:57:36.4502204Z Working directory is '/home/runner/work/bs-mobile/bs-mobile'
secrets	Run actions/checkout@11d5960a326750d5838078e36cf38b85af677262	2026-10-07T20:57:36.4503844Z [command]/usr/bin/git version
secrets	Run actions/checkout@11d5960a326750d5838078e36cf38b85af677262	2026-10-07T20:57:36.4520426Z git version 2.55.0
secrets	Run actions/checkout@11d5960a326750d5838078e36cf38b85af677262	2026-10-07T20:57:36.4535865Z ##[endgroup]
secrets	Run actions/checkout@11d5960a326750d5838078e36cf38b85af677262	2026-10-07T20:57:36.4547376Z Temporarily overriding HOME='/home/runner/work/_temp/44c39682-f842-417b-b9b9-22324e6203d2' before making global git config changes
secrets	Run actions/checkout@11d5960a326750d5838078e36cf38b85af677262	2026-10-07T20:57:36.4549403Z Adding repository directory to the temporary git global config as a safe directory
secrets	Run actions/checkout@11d5960a326750d5838078e36cf38b85af677262	2026-10-07T20:57:36.4551056Z [command]/usr/bin/git config --global --add safe.directory /home/runner/work/bs-mobile/bs-mobile
secrets	Run actions/checkout@11d5960a326750d5838078e36cf38b85af677262	2026-10-07T20:57:36.4589059Z Deleting the contents of '/home/runner/work/bs-mobile/bs-mobile'
secrets	Run actions/checkout@11d5960a326750d5838078e36cf38b85af677262	2026-10-07T20:57:36.4594535Z ##[group]Initializing the repository
secrets	Run actions/checkout@11d5960a326750d5838078e36cf38b85af677262	2026-10-07T20:57:36.4596621Z [command]/usr/bin/git init /home/runner/work/bs-mobile/bs-mobile
secrets	Run actions/checkout@11d5960a326750d5838078e36cf38b85af677262	2026-10-07T20:57:36.4667399Z hint: Using 'master' as the name for the initial branch. This default branch name
secrets	Run actions/checkout@11d5960a326750d5838078e36cf38b85af677262	2026-10-07T20:57:36.4670263Z hint: will change to "main" in Git 3.0. To configure the initial branch name
secrets	Run actions/checkout@11d5960a326750d5838078e36cf38b85af677262	2026-10-07T20:57:36.4671689Z hint: to use in all of your new repositories, which will suppress this warning,
secrets	Run actions/checkout@11d5960a326750d5838078e36cf38b85af677262	2026-10-07T20:57:36.4672833Z hint: call:
secrets	Run actions/checkout@11d5960a326750d5838078e36cf38b85af677262	2026-10-07T20:57:36.4673938Z hint:
secrets	Run actions/checkout@11d5960a326750d5838078e36cf38b85af677262	2026-10-07T20:57:36.4674724Z hint: 	git config --global init.defaultBranch <name>
secrets	Run actions/checkout@11d5960a326750d5838078e36cf38b85af677262	2026-10-07T20:57:36.4675643Z hint:
secrets	Run actions/checkout@11d5960a326750d5838078e36cf38b85af677262	2026-10-07T20:57:36.4676534Z hint: Names commonly chosen instead of 'master' are 'main', 'trunk' and
secrets	Run actions/checkout@11d5960a326750d5838078e36cf38b85af677262	2026-10-07T20:57:36.4677926Z hint: 'development'. The just-created branch can be renamed via this command:
secrets	Run actions/checkout@11d5960a326750d5838078e36cf38b85af677262	2026-10-07T20:57:36.4679030Z hint:
secrets	Run actions/checkout@11d5960a326750d5838078e36cf38b85af677262	2026-10-07T20:57:36.4679679Z hint: 	git branch -m <name>
secrets	Run actions/checkout@11d5960a326750d5838078e36cf38b85af677262	2026-10-07T20:57:36.4680253Z hint:
secrets	Run actions/checkout@11d5960a326750d5838078e36cf38b85af677262	2026-10-07T20:57:36.4680829Z hint: Disable this message with "git config set advice.defaultBranchName false"
secrets	Run actions/checkout@11d5960a326750d5838078e36cf38b85af677262	2026-10-07T20:57:36.4682808Z Initialized empty Git repository in /home/runner/work/bs-mobile/bs-mobile/.git/
secrets	Run actions/checkout@11d5960a326750d5838078e36cf38b85af677262	2026-10-07T20:57:36.4685664Z [command]/usr/bin/git remote add origin https://github.com/hyunlord/bs-mobile
secrets	Run actions/checkout@11d5960a326750d5838078e36cf38b85af677262	2026-10-07T20:57:36.4715390Z ##[endgroup]
secrets	Run actions/checkout@11d5960a326750d5838078e36cf38b85af677262	2026-10-07T20:57:36.4716565Z ##[group]Disabling automatic garbage collection
secrets	Run actions/checkout@11d5960a326750d5838078e36cf38b85af677262	2026-10-07T20:57:36.4717745Z [command]/usr/bin/git config --local gc.auto 0
secrets	Run actions/checkout@11d5960a326750d5838078e36cf38b85af677262	2026-10-07T20:57:36.4744739Z ##[endgroup]
secrets	Run actions/checkout@11d5960a326750d5838078e36cf38b85af677262	2026-10-07T20:57:36.4746035Z ##[group]Setting up auth
secrets	Run actions/checkout@11d5960a326750d5838078e36cf38b85af677262	2026-10-07T20:57:36.4749348Z [command]/usr/bin/git config --local --name-only --get-regexp core\.sshCommand
secrets	Run actions/checkout@11d5960a326750d5838078e36cf38b85af677262	2026-10-07T20:57:36.4777324Z [command]/usr/bin/git submodule foreach --recursive sh -c "git config --local --name-only --get-regexp 'core\.sshCommand' && git config --local --unset-all 'core.sshCommand' || :"
secrets	Run actions/checkout@11d5960a326750d5838078e36cf38b85af677262	2026-10-07T20:57:36.5059985Z [command]/usr/bin/git config --local --name-only --get-regexp http\.https\:\/\/github\.com\/\.extraheader
secrets	Run actions/checkout@11d5960a326750d5838078e36cf38b85af677262	2026-10-07T20:57:36.5093530Z [command]/usr/bin/git submodule foreach --recursive sh -c "git config --local --name-only --get-regexp 'http\.https\:\/\/github\.com\/\.extraheader' && git config --local --unset-all 'http.https://github.com/.extraheader' || :"
secrets	Run actions/checkout@11d5960a326750d5838078e36cf38b85af677262	2026-10-07T20:57:36.5293282Z [command]/usr/bin/git config --local --name-only --get-regexp ^includeIf\.gitdir:
secrets	Run actions/checkout@11d5960a326750d5838078e36cf38b85af677262	2026-10-07T20:57:36.5324381Z [command]/usr/bin/git submodule foreach --recursive git config --local --show-origin --name-only --get-regexp remote.origin.url
secrets	Run actions/checkout@11d5960a326750d5838078e36cf38b85af677262	2026-10-07T20:57:36.5513936Z [command]/usr/bin/git config --local http.https://github.com/.extraheader AUTHORIZATION: basic ***
secrets	Run actions/checkout@11d5960a326750d5838078e36cf38b85af677262	2026-10-07T20:57:36.5549348Z ##[endgroup]
secrets	Run actions/checkout@11d5960a326750d5838078e36cf38b85af677262	2026-10-07T20:57:36.5550504Z ##[group]Fetching the repository
secrets	Run actions/checkout@11d5960a326750d5838078e36cf38b85af677262	2026-10-07T20:57:36.5558981Z [command]/usr/bin/git -c protocol.version=2 fetch --prune --no-recurse-submodules origin +refs/heads/*:refs/remotes/origin/* +refs/tags/*:refs/tags/* +f3505ef6432a20af60876255f3b5fe0d81e7e184:refs/remotes/pull/35/merge
secrets	Run actions/checkout@11d5960a326750d5838078e36cf38b85af677262	2026-10-07T20:57:38.1857372Z From https://github.com/hyunlord/bs-mobile
secrets	Run actions/checkout@11d5960a326750d5838078e36cf38b85af677262	2026-10-07T20:57:38.1858533Z  * [new branch]      dependabot/github_actions/actions/checkout-7.0.1 -> origin/dependabot/github_actions/actions/checkout-7.0.1
secrets	Run actions/checkout@11d5960a326750d5838078e36cf38b85af677262	2026-10-07T20:57:38.1859809Z  * [new branch]      dependabot/github_actions/actions/setup-dotnet-6.0.0 -> origin/dependabot/github_actions/actions/setup-dotnet-6.0.0
secrets	Run actions/checkout@11d5960a326750d5838078e36cf38b85af677262	2026-10-07T20:57:38.1860994Z  * [new branch]      dependabot/github_actions/actions/setup-node-7.0.0 -> origin/dependabot/github_actions/actions/setup-node-7.0.0
secrets	Run actions/checkout@11d5960a326750d5838078e36cf38b85af677262	2026-10-07T20:57:38.1862240Z  * [new branch]      dependabot/github_actions/actions/upload-artifact-7.0.1 -> origin/dependabot/github_actions/actions/upload-artifact-7.0.1
secrets	Run actions/checkout@11d5960a326750d5838078e36cf38b85af677262	2026-10-07T20:57:38.1864277Z  * [new branch]      dependabot/github_actions/gitleaks/gitleaks-action-ff98106e4c7b2bc287b24eaf42907196329070c7 -> origin/dependabot/github_actions/gitleaks/gitleaks-action-ff98106e4c7b2bc287b24eaf42907196329070c7
secrets	Run actions/checkout@11d5960a326750d5838078e36cf38b85af677262	2026-10-07T20:57:38.1866237Z  * [new branch]      dependabot/nuget/core/bench/SowSiege.Bench/BenchmarkDotNet-0.15.8 -> origin/dependabot/nuget/core/bench/SowSiege.Bench/BenchmarkDotNet-0.15.8
secrets	Run actions/checkout@11d5960a326750d5838078e36cf38b85af677262	2026-10-07T20:57:38.1867981Z  * [new branch]      dependabot/nuget/core/tests/SowSiege.Tests/Microsoft.NET.Test.Sdk-18.10.1 -> origin/dependabot/nuget/core/tests/SowSiege.Tests/Microsoft.NET.Test.Sdk-18.10.1
secrets	Run actions/checkout@11d5960a326750d5838078e36cf38b85af677262	2026-10-07T20:57:38.1869832Z  * [new branch]      dependabot/nuget/core/tests/SowSiege.Tests/xunit-2.9.3 -> origin/dependabot/nuget/core/tests/SowSiege.Tests/xunit-2.9.3
secrets	Run actions/checkout@11d5960a326750d5838078e36cf38b85af677262	2026-10-07T20:57:38.1871642Z  * [new branch]      dependabot/nuget/core/tests/SowSiege.Tests/xunit.runner.visualstudio-4.0.0 -> origin/dependabot/nuget/core/tests/SowSiege.Tests/xunit.runner.visualstudio-4.0.0
secrets	Run actions/checkout@11d5960a326750d5838078e36cf38b85af677262	2026-10-07T20:57:38.1873020Z  * [new branch]      feat/s2-headless-world                   -> origin/feat/s2-headless-world
secrets	Run actions/checkout@11d5960a326750d5838078e36cf38b85af677262	2026-10-07T20:57:38.1873892Z  * [new branch]      main                                     -> origin/main
secrets	Run actions/checkout@11d5960a326750d5838078e36cf38b85af677262	2026-10-07T20:57:38.1874522Z  * [new tag]         metrics-history                          -> metrics-history
secrets	Run actions/checkout@11d5960a326750d5838078e36cf38b85af677262	2026-10-07T20:57:38.1875190Z  * [new ref]         f3505ef6432a20af60876255f3b5fe0d81e7e184 -> pull/35/merge
secrets	Run actions/checkout@11d5960a326750d5838078e36cf38b85af677262	2026-10-07T20:57:38.1877051Z ##[endgroup]
secrets	Run actions/checkout@11d5960a326750d5838078e36cf38b85af677262	2026-10-07T20:57:38.1877684Z ##[group]Determining the checkout info
secrets	Run actions/checkout@11d5960a326750d5838078e36cf38b85af677262	2026-10-07T20:57:38.1878284Z ##[endgroup]
secrets	Run actions/checkout@11d5960a326750d5838078e36cf38b85af677262	2026-10-07T20:57:38.1878683Z [command]/usr/bin/git sparse-checkout disable
secrets	Run actions/checkout@11d5960a326750d5838078e36cf38b85af677262	2026-10-07T20:57:38.1916203Z [command]/usr/bin/git config --local --unset-all extensions.worktreeConfig
secrets	Run actions/checkout@11d5960a326750d5838078e36cf38b85af677262	2026-10-07T20:57:38.1950514Z ##[group]Checking out the ref
secrets	Run actions/checkout@11d5960a326750d5838078e36cf38b85af677262	2026-10-07T20:57:38.1953675Z [command]/usr/bin/git checkout --progress --force refs/remotes/pull/35/merge
secrets	Run actions/checkout@11d5960a326750d5838078e36cf38b85af677262	2026-10-07T20:57:38.2179359Z Note: switching to 'refs/remotes/pull/35/merge'.
secrets	Run actions/checkout@11d5960a326750d5838078e36cf38b85af677262	2026-10-07T20:57:38.2179620Z 
secrets	Run actions/checkout@11d5960a326750d5838078e36cf38b85af677262	2026-10-07T20:57:38.2179851Z You are in 'detached HEAD' state. You can look around, make experimental
secrets	Run actions/checkout@11d5960a326750d5838078e36cf38b85af677262	2026-10-07T20:57:38.2180501Z changes and commit them, and you can discard any commits you make in this
secrets	Run actions/checkout@11d5960a326750d5838078e36cf38b85af677262	2026-10-07T20:57:38.2181196Z state without impacting any branches by switching back to a branch.
secrets	Run actions/checkout@11d5960a326750d5838078e36cf38b85af677262	2026-10-07T20:57:38.2181588Z 
secrets	Run actions/checkout@11d5960a326750d5838078e36cf38b85af677262	2026-10-07T20:57:38.2181880Z If you want to create a new branch to retain commits you create, you may
secrets	Run actions/checkout@11d5960a326750d5838078e36cf38b85af677262	2026-10-07T20:57:38.2182513Z do so (now or later) by using -c with the switch command. Example:
secrets	Run actions/checkout@11d5960a326750d5838078e36cf38b85af677262	2026-10-07T20:57:38.2182930Z 
secrets	Run actions/checkout@11d5960a326750d5838078e36cf38b85af677262	2026-10-07T20:57:38.2183539Z   git switch -c <new-branch-name>
secrets	Run actions/checkout@11d5960a326750d5838078e36cf38b85af677262	2026-10-07T20:57:38.2183816Z 
secrets	Run actions/checkout@11d5960a326750d5838078e36cf38b85af677262	2026-10-07T20:57:38.2183990Z Or undo this operation with:
secrets	Run actions/checkout@11d5960a326750d5838078e36cf38b85af677262	2026-10-07T20:57:38.2184258Z 
secrets	Run actions/checkout@11d5960a326750d5838078e36cf38b85af677262	2026-10-07T20:57:38.2184406Z   git switch -
secrets	Run actions/checkout@11d5960a326750d5838078e36cf38b85af677262	2026-10-07T20:57:38.2184663Z 
secrets	Run actions/checkout@11d5960a326750d5838078e36cf38b85af677262	2026-10-07T20:57:38.2184982Z Turn off this advice by setting config variable advice.detachedHead to false
secrets	Run actions/checkout@11d5960a326750d5838078e36cf38b85af677262	2026-10-07T20:57:38.2185403Z 
secrets	Run actions/checkout@11d5960a326750d5838078e36cf38b85af677262	2026-10-07T20:57:38.2185906Z HEAD is now at f3505ef Merge f0a111e7e21bcb5576f05662bf4d32d23c6a68e9 into 374771b9579af3d13bcb56e383da52b42754fc28
secrets	Run actions/checkout@11d5960a326750d5838078e36cf38b85af677262	2026-10-07T20:57:38.2189962Z ##[endgroup]
secrets	Run actions/checkout@11d5960a326750d5838078e36cf38b85af677262	2026-10-07T20:57:38.2225811Z [command]/usr/bin/git log -1 --format=%H
secrets	Run actions/checkout@11d5960a326750d5838078e36cf38b85af677262	2026-10-07T20:57:38.2247903Z f3505ef6432a20af60876255f3b5fe0d81e7e184
secrets	Run actions/checkout@11d5960a326750d5838078e36cf38b85af677262	2026-10-07T20:57:38.2255788Z ##[group]Removing auth
secrets	Run actions/checkout@11d5960a326750d5838078e36cf38b85af677262	2026-10-07T20:57:38.2259092Z [command]/usr/bin/git config --local --name-only --get-regexp core\.sshCommand
secrets	Run actions/checkout@11d5960a326750d5838078e36cf38b85af677262	2026-10-07T20:57:38.2285753Z [command]/usr/bin/git submodule foreach --recursive sh -c "git config --local --name-only --get-regexp 'core\.sshCommand' && git config --local --unset-all 'core.sshCommand' || :"
secrets	Run actions/checkout@11d5960a326750d5838078e36cf38b85af677262	2026-10-07T20:57:38.2471524Z [command]/usr/bin/git config --local --name-only --get-regexp http\.https\:\/\/github\.com\/\.extraheader
secrets	Run actions/checkout@11d5960a326750d5838078e36cf38b85af677262	2026-10-07T20:57:38.2494258Z http.https://github.com/.extraheader
secrets	Run actions/checkout@11d5960a326750d5838078e36cf38b85af677262	2026-10-07T20:57:38.2499000Z [command]/usr/bin/git config --local --unset-all http.https://github.com/.extraheader
secrets	Run actions/checkout@11d5960a326750d5838078e36cf38b85af677262	2026-10-07T20:57:38.2528078Z [command]/usr/bin/git submodule foreach --recursive sh -c "git config --local --name-only --get-regexp 'http\.https\:\/\/github\.com\/\.extraheader' && git config --local --unset-all 'http.https://github.com/.extraheader' || :"
secrets	Run actions/checkout@11d5960a326750d5838078e36cf38b85af677262	2026-10-07T20:57:38.2708484Z [command]/usr/bin/git config --local --name-only --get-regexp ^includeIf\.gitdir:
secrets	Run actions/checkout@11d5960a326750d5838078e36cf38b85af677262	2026-10-07T20:57:38.2734756Z [command]/usr/bin/git submodule foreach --recursive git config --local --show-origin --name-only --get-regexp remote.origin.url
secrets	Run actions/checkout@11d5960a326750d5838078e36cf38b85af677262	2026-10-07T20:57:38.2916748Z ##[endgroup]
secrets	Run gitleaks/gitleaks-action@dcedce43c6f43de0b836d1fe38946645c9c638dc	﻿2026-10-07T20:57:38.3114447Z ##[group]Run gitleaks/gitleaks-action@dcedce43c6f43de0b836d1fe38946645c9c638dc
secrets	Run gitleaks/gitleaks-action@dcedce43c6f43de0b836d1fe38946645c9c638dc	2026-10-07T20:57:38.3114862Z env:
secrets	Run gitleaks/gitleaks-action@dcedce43c6f43de0b836d1fe38946645c9c638dc	2026-10-07T20:57:38.3117396Z   GITHUB_TOKEN: ***
secrets	Run gitleaks/gitleaks-action@dcedce43c6f43de0b836d1fe38946645c9c638dc	2026-10-07T20:57:38.3117633Z ##[endgroup]
secrets	Run gitleaks/gitleaks-action@dcedce43c6f43de0b836d1fe38946645c9c638dc	2026-10-07T20:57:38.4468121Z (node:2157) [DEP0040] DeprecationWarning: The `punycode` module is deprecated. Please use a userland alternative instead.
secrets	Run gitleaks/gitleaks-action@dcedce43c6f43de0b836d1fe38946645c9c638dc	2026-10-07T20:57:38.4468891Z (Use `node --trace-deprecation ...` to show where the warning was created)
secrets	Run gitleaks/gitleaks-action@dcedce43c6f43de0b836d1fe38946645c9c638dc	2026-10-07T20:57:38.4560955Z (node:2157) [DEP0169] DeprecationWarning: `url.parse()` behavior is not standardized and prone to errors that have security implications. Use the WHATWG URL API instead. CVEs are not issued for `url.parse()` vulnerabilities.
secrets	Run gitleaks/gitleaks-action@dcedce43c6f43de0b836d1fe38946645c9c638dc	2026-10-07T20:57:38.8482074Z [hyunlord] is an individual user. No license key is required.
secrets	Run gitleaks/gitleaks-action@dcedce43c6f43de0b836d1fe38946645c9c638dc	2026-10-07T20:57:38.8482787Z gitleaks version: 8.24.3
secrets	Run gitleaks/gitleaks-action@dcedce43c6f43de0b836d1fe38946645c9c638dc	2026-10-07T20:57:38.8483519Z Version to install: 8.24.3 (target directory: /tmp/gitleaks-8.24.3)
secrets	Run gitleaks/gitleaks-action@dcedce43c6f43de0b836d1fe38946645c9c638dc	2026-10-07T20:57:39.0407080Z Cache hit for: gitleaks-cache-8.24.3-linux-x64
secrets	Run gitleaks/gitleaks-action@dcedce43c6f43de0b836d1fe38946645c9c638dc	2026-10-07T20:57:39.9506986Z Received 5713630 of 5713630 (100.0%), 7.8 MBs/sec
secrets	Run gitleaks/gitleaks-action@dcedce43c6f43de0b836d1fe38946645c9c638dc	2026-10-07T20:57:39.9508182Z Cache Size: ~5 MB (5713630 B)
secrets	Run gitleaks/gitleaks-action@dcedce43c6f43de0b836d1fe38946645c9c638dc	2026-10-07T20:57:39.9531883Z [command]/usr/bin/tar -xf /home/runner/work/_temp/78b3d4d3-e242-4464-a676-7c3115852bde/cache.tzst -P -C /home/runner/work/bs-mobile/bs-mobile --use-compress-program unzstd
secrets	Run gitleaks/gitleaks-action@dcedce43c6f43de0b836d1fe38946645c9c638dc	2026-10-07T20:57:39.9794566Z Cache restored successfully
secrets	Run gitleaks/gitleaks-action@dcedce43c6f43de0b836d1fe38946645c9c638dc	2026-10-07T20:57:39.9799057Z Gitleaks restored from cache
secrets	Run gitleaks/gitleaks-action@dcedce43c6f43de0b836d1fe38946645c9c638dc	2026-10-07T20:57:39.9801158Z event type: pull_request
secrets	Run gitleaks/gitleaks-action@dcedce43c6f43de0b836d1fe38946645c9c638dc	2026-10-07T20:57:40.4264111Z gitleaks cmd: gitleaks detect --redact -v --exit-code=2 --report-format=sarif --report-path=results.sarif --log-level=debug --log-opts=--no-merges --first-parent 61bb726cecacc79c670cde4c5bd9730a35196251^..f0a111e7e21bcb5576f05662bf4d32d23c6a68e9
secrets	Run gitleaks/gitleaks-action@dcedce43c6f43de0b836d1fe38946645c9c638dc	2026-10-07T20:57:40.4281229Z [command]/tmp/gitleaks-8.24.3/gitleaks detect --redact -v --exit-code=2 --report-format=sarif --report-path=results.sarif --log-level=debug --log-opts=--no-merges --first-parent 61bb726cecacc79c670cde4c5bd9730a35196251^..f0a111e7e21bcb5576f05662bf4d32d23c6a68e9
secrets	Run gitleaks/gitleaks-action@dcedce43c6f43de0b836d1fe38946645c9c638dc	2026-10-07T20:57:40.6352219Z 
secrets	Run gitleaks/gitleaks-action@dcedce43c6f43de0b836d1fe38946645c9c638dc	2026-10-07T20:57:40.6352821Z     ○
secrets	Run gitleaks/gitleaks-action@dcedce43c6f43de0b836d1fe38946645c9c638dc	2026-10-07T20:57:40.6353559Z     │╲
secrets	Run gitleaks/gitleaks-action@dcedce43c6f43de0b836d1fe38946645c9c638dc	2026-10-07T20:57:40.6354086Z     │ ○
secrets	Run gitleaks/gitleaks-action@dcedce43c6f43de0b836d1fe38946645c9c638dc	2026-10-07T20:57:40.6354685Z     ○ ░
secrets	Run gitleaks/gitleaks-action@dcedce43c6f43de0b836d1fe38946645c9c638dc	2026-10-07T20:57:40.6355137Z     ░    gitleaks
secrets	Run gitleaks/gitleaks-action@dcedce43c6f43de0b836d1fe38946645c9c638dc	2026-10-07T20:57:40.6355386Z 
secrets	Run gitleaks/gitleaks-action@dcedce43c6f43de0b836d1fe38946645c9c638dc	2026-10-07T20:57:40.6355736Z [90m8:57PM[0m DBG using github.com/wasilibs/go-re2 regex engine
secrets	Run gitleaks/gitleaks-action@dcedce43c6f43de0b836d1fe38946645c9c638dc	2026-10-07T20:57:40.6356536Z [90m8:57PM[0m DBG no gitleaks config found in path .gitleaks.toml, using default gitleaks config
secrets	Run gitleaks/gitleaks-action@dcedce43c6f43de0b836d1fe38946645c9c638dc	2026-10-07T20:57:40.7415312Z [90m8:57PM[0m DBG executing: /usr/bin/git -C . log -p -U0 --no-merges --first-parent 61bb726cecacc79c670cde4c5bd9730a35196251^..f0a111e7e21bcb5576f05662bf4d32d23c6a68e9
secrets	Run gitleaks/gitleaks-action@dcedce43c6f43de0b836d1fe38946645c9c638dc	2026-10-07T20:57:40.7450475Z [90m8:57PM[0m DBG SCM platform parsed from host [36mhost=[0mgithub.com [36mplatform=[0mgithub
secrets	Run gitleaks/gitleaks-action@dcedce43c6f43de0b836d1fe38946645c9c638dc	2026-10-07T20:57:40.7929987Z [90m8:57PM[0m [32mINF[0m [1m3 commits scanned.[0m
secrets	Run gitleaks/gitleaks-action@dcedce43c6f43de0b836d1fe38946645c9c638dc	2026-10-07T20:57:40.7930720Z [90m8:57PM[0m DBG Note: this number might be smaller than expected due to commits with no additions
secrets	Run gitleaks/gitleaks-action@dcedce43c6f43de0b836d1fe38946645c9c638dc	2026-10-07T20:57:40.7931307Z [90m8:57PM[0m [32mINF[0m [1mscanned ~1369886 bytes (1.37 MB) in 158ms[0m
secrets	Run gitleaks/gitleaks-action@dcedce43c6f43de0b836d1fe38946645c9c638dc	2026-10-07T20:57:40.7931673Z [90m8:57PM[0m [32mINF[0m [1mno leaks found[0m
secrets	Run gitleaks/gitleaks-action@dcedce43c6f43de0b836d1fe38946645c9c638dc	2026-10-07T20:57:40.7961110Z Artifact name is valid!
secrets	Run gitleaks/gitleaks-action@dcedce43c6f43de0b836d1fe38946645c9c638dc	2026-10-07T20:57:40.7962949Z Root directory input is valid!
secrets	Run gitleaks/gitleaks-action@dcedce43c6f43de0b836d1fe38946645c9c638dc	2026-10-07T20:57:41.1296903Z Beginning upload of artifact content to blob storage
secrets	Run gitleaks/gitleaks-action@dcedce43c6f43de0b836d1fe38946645c9c638dc	2026-10-07T20:57:41.3406195Z Uploaded bytes 6768
secrets	Run gitleaks/gitleaks-action@dcedce43c6f43de0b836d1fe38946645c9c638dc	2026-10-07T20:57:41.4002398Z Finished uploading artifact content to blob storage!
secrets	Run gitleaks/gitleaks-action@dcedce43c6f43de0b836d1fe38946645c9c638dc	2026-10-07T20:57:41.4003523Z SHA256 digest of uploaded artifact zip is bc66f79e5bc67424e5adb3930a0875224abeac91290d037ba718381215abdc08
secrets	Run gitleaks/gitleaks-action@dcedce43c6f43de0b836d1fe38946645c9c638dc	2026-10-07T20:57:41.4004741Z Finalizing artifact upload
secrets	Run gitleaks/gitleaks-action@dcedce43c6f43de0b836d1fe38946645c9c638dc	2026-10-07T20:57:41.8005536Z Artifact gitleaks-results.sarif.zip successfully finalized. Artifact ID 11511670338
secrets	Run gitleaks/gitleaks-action@dcedce43c6f43de0b836d1fe38946645c9c638dc	2026-10-07T20:57:41.8016576Z ✅ No leaks detected
secrets	Post Run actions/checkout@11d5960a326750d5838078e36cf38b85af677262	﻿2026-10-07T20:57:41.8207304Z Post job cleanup.
secrets	Post Run actions/checkout@11d5960a326750d5838078e36cf38b85af677262	2026-10-07T20:57:41.8882545Z [command]/usr/bin/git version
secrets	Post Run actions/checkout@11d5960a326750d5838078e36cf38b85af677262	2026-10-07T20:57:41.8917292Z git version 2.55.0
secrets	Post Run actions/checkout@11d5960a326750d5838078e36cf38b85af677262	2026-10-07T20:57:41.8948694Z Temporarily overriding HOME='/home/runner/work/_temp/6a481610-55fb-42f5-922a-152fd7818a1a' before making global git config changes
secrets	Post Run actions/checkout@11d5960a326750d5838078e36cf38b85af677262	2026-10-07T20:57:41.8949660Z Adding repository directory to the temporary git global config as a safe directory
secrets	Post Run actions/checkout@11d5960a326750d5838078e36cf38b85af677262	2026-10-07T20:57:41.8953340Z [command]/usr/bin/git config --global --add safe.directory /home/runner/work/bs-mobile/bs-mobile
secrets	Post Run actions/checkout@11d5960a326750d5838078e36cf38b85af677262	2026-10-07T20:57:41.8984784Z [command]/usr/bin/git config --local --name-only --get-regexp core\.sshCommand
secrets	Post Run actions/checkout@11d5960a326750d5838078e36cf38b85af677262	2026-10-07T20:57:41.9013507Z [command]/usr/bin/git submodule foreach --recursive sh -c "git config --local --name-only --get-regexp 'core\.sshCommand' && git config --local --unset-all 'core.sshCommand' || :"
secrets	Post Run actions/checkout@11d5960a326750d5838078e36cf38b85af677262	2026-10-07T20:57:41.9225727Z [command]/usr/bin/git config --local --name-only --get-regexp http\.https\:\/\/github\.com\/\.extraheader
secrets	Post Run actions/checkout@11d5960a326750d5838078e36cf38b85af677262	2026-10-07T20:57:41.9250885Z [command]/usr/bin/git submodule foreach --recursive sh -c "git config --local --name-only --get-regexp 'http\.https\:\/\/github\.com\/\.extraheader' && git config --local --unset-all 'http.https://github.com/.extraheader' || :"
secrets	Post Run actions/checkout@11d5960a326750d5838078e36cf38b85af677262	2026-10-07T20:57:41.9469547Z [command]/usr/bin/git config --local --name-only --get-regexp ^includeIf\.gitdir:
secrets	Post Run actions/checkout@11d5960a326750d5838078e36cf38b85af677262	2026-10-07T20:57:41.9504773Z [command]/usr/bin/git submodule foreach --recursive git config --local --show-origin --name-only --get-regexp remote.origin.url
secrets	Complete job	﻿2026-10-07T20:57:41.9821021Z Cleaning up orphan processes
secrets	Complete job	2026-10-07T20:57:42.0052050Z ##[warning]Node.js 20 is deprecated. The following actions target Node.js 20 but are being forced to run on Node.js 24: actions/checkout@11d5960a326750d5838078e36cf38b85af677262, gitleaks/gitleaks-action@dcedce43c6f43de0b836d1fe38946645c9c638dc. For more information see: https://github.blog/changelog/2025-09-19-deprecation-of-node-20-on-github-actions-runners/
quality	Set up job	﻿2026-10-07T20:57:35.3552919Z Current runner version: '2.337.0'
quality	Set up job	2026-10-07T20:57:35.3575260Z ##[group]Runner Image Provisioner
quality	Set up job	2026-10-07T20:57:35.3576010Z Hosted Compute Agent
quality	Set up job	2026-10-07T20:57:35.3576500Z Version: 20261002.596
quality	Set up job	2026-10-07T20:57:35.3577138Z Commit: c3d12f3313a95f25162a1503be624f3b0617f8c0
quality	Set up job	2026-10-07T20:57:35.3577737Z Build Date: 2026-10-02T22:28:27Z
quality	Set up job	2026-10-07T20:57:35.3578320Z Worker ID: {86d8cdd0-2e8a-49c9-8661-06e09aab53f3}
quality	Set up job	2026-10-07T20:57:35.3578922Z Region: westus3
quality	Set up job	2026-10-07T20:57:35.3579388Z Cloud: Azure
quality	Set up job	2026-10-07T20:57:35.3579949Z ##[endgroup]
quality	Set up job	2026-10-07T20:57:35.3581060Z ##[group]Operating System
quality	Set up job	2026-10-07T20:57:35.3581622Z Ubuntu
quality	Set up job	2026-10-07T20:57:35.3582083Z 24.04.5
quality	Set up job	2026-10-07T20:57:35.3582521Z LTS
quality	Set up job	2026-10-07T20:57:35.3583023Z ##[endgroup]
quality	Set up job	2026-10-07T20:57:35.3583487Z ##[group]Runner Image
quality	Set up job	2026-10-07T20:57:35.3583989Z Image: ubuntu-24.04
quality	Set up job	2026-10-07T20:57:35.3584694Z Version: 20261004.327.1
quality	Set up job	2026-10-07T20:57:35.3585570Z Included Software: https://github.com/actions/runner-images/blob/ubuntu24/20261004.327/images/ubuntu/Ubuntu2404-Readme.md
quality	Set up job	2026-10-07T20:57:35.3587067Z Image Release: https://github.com/actions/runner-images/releases/tag/ubuntu24%2F20261004.327
quality	Set up job	2026-10-07T20:57:35.3587844Z ##[endgroup]
quality	Set up job	2026-10-07T20:57:35.3588894Z ##[group]GITHUB_TOKEN Permissions
quality	Set up job	2026-10-07T20:57:35.3590409Z Contents: read
quality	Set up job	2026-10-07T20:57:35.3591071Z Issues: read
quality	Set up job	2026-10-07T20:57:35.3591534Z Metadata: read
quality	Set up job	2026-10-07T20:57:35.3592041Z ##[endgroup]
quality	Set up job	2026-10-07T20:57:35.3593731Z Secret source: Actions
quality	Set up job	2026-10-07T20:57:35.3594766Z Cache mode: write
quality	Set up job	2026-10-07T20:57:35.3595391Z Prepare workflow directory
quality	Set up job	2026-10-07T20:57:35.3855220Z Prepare all required actions
quality	Set up job	2026-10-07T20:57:35.3896125Z Getting action download info
quality	Set up job	2026-10-07T20:57:35.7120817Z Download action repository 'actions/checkout@11d5960a326750d5838078e36cf38b85af677262' (SHA:11d5960a326750d5838078e36cf38b85af677262)
quality	Set up job	2026-10-07T20:57:35.7925915Z Download action repository 'actions/setup-dotnet@67a3573c9a986a3f9c594539f4ab511d57bb3ce9' (SHA:67a3573c9a986a3f9c594539f4ab511d57bb3ce9)
quality	Set up job	2026-10-07T20:57:37.1050945Z Download action repository 'actions/setup-node@49933ea5288caeca8642d1e84afbd3f7d6820020' (SHA:49933ea5288caeca8642d1e84afbd3f7d6820020)
quality	Set up job	2026-10-07T20:57:37.7412873Z Download action repository 'actions/upload-artifact@ea165f8d65b6e75b540449e92b4886f43607fa02' (SHA:ea165f8d65b6e75b540449e92b4886f43607fa02)
quality	Set up job	2026-10-07T20:57:38.2042577Z Complete job name: quality
quality	Run actions/checkout@11d5960a326750d5838078e36cf38b85af677262	﻿2026-10-07T20:57:38.2989608Z ##[group]Run actions/checkout@11d5960a326750d5838078e36cf38b85af677262
quality	Run actions/checkout@11d5960a326750d5838078e36cf38b85af677262	2026-10-07T20:57:38.2990230Z with:
quality	Run actions/checkout@11d5960a326750d5838078e36cf38b85af677262	2026-10-07T20:57:38.2990400Z   fetch-depth: 0
quality	Run actions/checkout@11d5960a326750d5838078e36cf38b85af677262	2026-10-07T20:57:38.2990588Z   persist-credentials: false
quality	Run actions/checkout@11d5960a326750d5838078e36cf38b85af677262	2026-10-07T20:57:38.2990803Z   repository: hyunlord/bs-mobile
quality	Run actions/checkout@11d5960a326750d5838078e36cf38b85af677262	2026-10-07T20:57:38.2992933Z   token: ***
quality	Run actions/checkout@11d5960a326750d5838078e36cf38b85af677262	2026-10-07T20:57:38.2993108Z   ssh-strict: true
quality	Run actions/checkout@11d5960a326750d5838078e36cf38b85af677262	2026-10-07T20:57:38.2993281Z   ssh-user: git
quality	Run actions/checkout@11d5960a326750d5838078e36cf38b85af677262	2026-10-07T20:57:38.2993448Z   clean: true
quality	Run actions/checkout@11d5960a326750d5838078e36cf38b85af677262	2026-10-07T20:57:38.2993629Z   sparse-checkout-cone-mode: true
quality	Run actions/checkout@11d5960a326750d5838078e36cf38b85af677262	2026-10-07T20:57:38.2993846Z   fetch-tags: false
quality	Run actions/checkout@11d5960a326750d5838078e36cf38b85af677262	2026-10-07T20:57:38.2994032Z   show-progress: true
quality	Run actions/checkout@11d5960a326750d5838078e36cf38b85af677262	2026-10-07T20:57:38.2994246Z   lfs: false
quality	Run actions/checkout@11d5960a326750d5838078e36cf38b85af677262	2026-10-07T20:57:38.2994589Z   submodules: false
quality	Run actions/checkout@11d5960a326750d5838078e36cf38b85af677262	2026-10-07T20:57:38.2994819Z   set-safe-directory: true
quality	Run actions/checkout@11d5960a326750d5838078e36cf38b85af677262	2026-10-07T20:57:38.2995026Z   allow-unsafe-pr-checkout: false
quality	Run actions/checkout@11d5960a326750d5838078e36cf38b85af677262	2026-10-07T20:57:38.2995423Z ##[endgroup]
quality	Run actions/checkout@11d5960a326750d5838078e36cf38b85af677262	2026-10-07T20:57:38.3844913Z Syncing repository: hyunlord/bs-mobile
quality	Run actions/checkout@11d5960a326750d5838078e36cf38b85af677262	2026-10-07T20:57:38.3846294Z ##[group]Getting Git version info
quality	Run actions/checkout@11d5960a326750d5838078e36cf38b85af677262	2026-10-07T20:57:38.3846714Z Working directory is '/home/runner/work/bs-mobile/bs-mobile'
quality	Run actions/checkout@11d5960a326750d5838078e36cf38b85af677262	2026-10-07T20:57:38.3847160Z [command]/usr/bin/git version
quality	Run actions/checkout@11d5960a326750d5838078e36cf38b85af677262	2026-10-07T20:57:38.3908871Z git version 2.55.0
quality	Run actions/checkout@11d5960a326750d5838078e36cf38b85af677262	2026-10-07T20:57:38.3924312Z ##[endgroup]
quality	Run actions/checkout@11d5960a326750d5838078e36cf38b85af677262	2026-10-07T20:57:38.3938732Z Temporarily overriding HOME='/home/runner/work/_temp/ecce97e2-c2df-4fb1-aaf3-0b6e61a59086' before making global git config changes
quality	Run actions/checkout@11d5960a326750d5838078e36cf38b85af677262	2026-10-07T20:57:38.3939922Z Adding repository directory to the temporary git global config as a safe directory
quality	Run actions/checkout@11d5960a326750d5838078e36cf38b85af677262	2026-10-07T20:57:38.3943620Z [command]/usr/bin/git config --global --add safe.directory /home/runner/work/bs-mobile/bs-mobile
quality	Run actions/checkout@11d5960a326750d5838078e36cf38b85af677262	2026-10-07T20:57:38.4151852Z Deleting the contents of '/home/runner/work/bs-mobile/bs-mobile'
quality	Run actions/checkout@11d5960a326750d5838078e36cf38b85af677262	2026-10-07T20:57:38.4185427Z ##[group]Initializing the repository
quality	Run actions/checkout@11d5960a326750d5838078e36cf38b85af677262	2026-10-07T20:57:38.4195721Z [command]/usr/bin/git init /home/runner/work/bs-mobile/bs-mobile
quality	Run actions/checkout@11d5960a326750d5838078e36cf38b85af677262	2026-10-07T20:57:38.5367808Z hint: Using 'master' as the name for the initial branch. This default branch name
quality	Run actions/checkout@11d5960a326750d5838078e36cf38b85af677262	2026-10-07T20:57:38.5368611Z hint: will change to "main" in Git 3.0. To configure the initial branch name
quality	Run actions/checkout@11d5960a326750d5838078e36cf38b85af677262	2026-10-07T20:57:38.5369158Z hint: to use in all of your new repositories, which will suppress this warning,
quality	Run actions/checkout@11d5960a326750d5838078e36cf38b85af677262	2026-10-07T20:57:38.5369482Z hint: call:
quality	Run actions/checkout@11d5960a326750d5838078e36cf38b85af677262	2026-10-07T20:57:38.5369642Z hint:
quality	Run actions/checkout@11d5960a326750d5838078e36cf38b85af677262	2026-10-07T20:57:38.5369931Z hint: 	git config --global init.defaultBranch <name>
quality	Run actions/checkout@11d5960a326750d5838078e36cf38b85af677262	2026-10-07T20:57:38.5370198Z hint:
quality	Run actions/checkout@11d5960a326750d5838078e36cf38b85af677262	2026-10-07T20:57:38.5370437Z hint: Names commonly chosen instead of 'master' are 'main', 'trunk' and
quality	Run actions/checkout@11d5960a326750d5838078e36cf38b85af677262	2026-10-07T20:57:38.5370825Z hint: 'development'. The just-created branch can be renamed via this command:
quality	Run actions/checkout@11d5960a326750d5838078e36cf38b85af677262	2026-10-07T20:57:38.5371119Z hint:
quality	Run actions/checkout@11d5960a326750d5838078e36cf38b85af677262	2026-10-07T20:57:38.5371299Z hint: 	git branch -m <name>
quality	Run actions/checkout@11d5960a326750d5838078e36cf38b85af677262	2026-10-07T20:57:38.5371525Z hint:
quality	Run actions/checkout@11d5960a326750d5838078e36cf38b85af677262	2026-10-07T20:57:38.5371781Z hint: Disable this message with "git config set advice.defaultBranchName false"
quality	Run actions/checkout@11d5960a326750d5838078e36cf38b85af677262	2026-10-07T20:57:38.5372426Z Initialized empty Git repository in /home/runner/work/bs-mobile/bs-mobile/.git/
quality	Run actions/checkout@11d5960a326750d5838078e36cf38b85af677262	2026-10-07T20:57:38.5378576Z [command]/usr/bin/git remote add origin https://github.com/hyunlord/bs-mobile
quality	Run actions/checkout@11d5960a326750d5838078e36cf38b85af677262	2026-10-07T20:57:38.5597901Z ##[endgroup]
quality	Run actions/checkout@11d5960a326750d5838078e36cf38b85af677262	2026-10-07T20:57:38.5598591Z ##[group]Disabling automatic garbage collection
quality	Run actions/checkout@11d5960a326750d5838078e36cf38b85af677262	2026-10-07T20:57:38.5608857Z [command]/usr/bin/git config --local gc.auto 0
quality	Run actions/checkout@11d5960a326750d5838078e36cf38b85af677262	2026-10-07T20:57:38.6017646Z ##[endgroup]
quality	Run actions/checkout@11d5960a326750d5838078e36cf38b85af677262	2026-10-07T20:57:38.6018118Z ##[group]Setting up auth
quality	Run actions/checkout@11d5960a326750d5838078e36cf38b85af677262	2026-10-07T20:57:38.6018534Z [command]/usr/bin/git config --local --name-only --get-regexp core\.sshCommand
quality	Run actions/checkout@11d5960a326750d5838078e36cf38b85af677262	2026-10-07T20:57:38.6019755Z [command]/usr/bin/git submodule foreach --recursive sh -c "git config --local --name-only --get-regexp 'core\.sshCommand' && git config --local --unset-all 'core.sshCommand' || :"
quality	Run actions/checkout@11d5960a326750d5838078e36cf38b85af677262	2026-10-07T20:57:38.6024379Z [command]/usr/bin/git config --local --name-only --get-regexp http\.https\:\/\/github\.com\/\.extraheader
quality	Run actions/checkout@11d5960a326750d5838078e36cf38b85af677262	2026-10-07T20:57:38.6056462Z [command]/usr/bin/git submodule foreach --recursive sh -c "git config --local --name-only --get-regexp 'http\.https\:\/\/github\.com\/\.extraheader' && git config --local --unset-all 'http.https://github.com/.extraheader' || :"
quality	Run actions/checkout@11d5960a326750d5838078e36cf38b85af677262	2026-10-07T20:57:38.6253048Z [command]/usr/bin/git config --local --name-only --get-regexp ^includeIf\.gitdir:
quality	Run actions/checkout@11d5960a326750d5838078e36cf38b85af677262	2026-10-07T20:57:38.6280429Z [command]/usr/bin/git submodule foreach --recursive git config --local --show-origin --name-only --get-regexp remote.origin.url
quality	Run actions/checkout@11d5960a326750d5838078e36cf38b85af677262	2026-10-07T20:57:38.6485537Z [command]/usr/bin/git config --local http.https://github.com/.extraheader AUTHORIZATION: basic ***
quality	Run actions/checkout@11d5960a326750d5838078e36cf38b85af677262	2026-10-07T20:57:38.6845417Z ##[endgroup]
quality	Run actions/checkout@11d5960a326750d5838078e36cf38b85af677262	2026-10-07T20:57:38.6846053Z ##[group]Fetching the repository
quality	Run actions/checkout@11d5960a326750d5838078e36cf38b85af677262	2026-10-07T20:57:38.6853603Z [command]/usr/bin/git -c protocol.version=2 fetch --prune --no-recurse-submodules origin +refs/heads/*:refs/remotes/origin/* +refs/tags/*:refs/tags/* +f3505ef6432a20af60876255f3b5fe0d81e7e184:refs/remotes/pull/35/merge
quality	Run actions/checkout@11d5960a326750d5838078e36cf38b85af677262	2026-10-07T20:57:40.3607810Z From https://github.com/hyunlord/bs-mobile
quality	Run actions/checkout@11d5960a326750d5838078e36cf38b85af677262	2026-10-07T20:57:40.3608503Z  * [new branch]      dependabot/github_actions/actions/checkout-7.0.1 -> origin/dependabot/github_actions/actions/checkout-7.0.1
quality	Run actions/checkout@11d5960a326750d5838078e36cf38b85af677262	2026-10-07T20:57:40.3609251Z  * [new branch]      dependabot/github_actions/actions/setup-dotnet-6.0.0 -> origin/dependabot/github_actions/actions/setup-dotnet-6.0.0
quality	Run actions/checkout@11d5960a326750d5838078e36cf38b85af677262	2026-10-07T20:57:40.3610020Z  * [new branch]      dependabot/github_actions/actions/setup-node-7.0.0 -> origin/dependabot/github_actions/actions/setup-node-7.0.0
quality	Run actions/checkout@11d5960a326750d5838078e36cf38b85af677262	2026-10-07T20:57:40.3610727Z  * [new branch]      dependabot/github_actions/actions/upload-artifact-7.0.1 -> origin/dependabot/github_actions/actions/upload-artifact-7.0.1
quality	Run actions/checkout@11d5960a326750d5838078e36cf38b85af677262	2026-10-07T20:57:40.3611712Z  * [new branch]      dependabot/github_actions/gitleaks/gitleaks-action-ff98106e4c7b2bc287b24eaf42907196329070c7 -> origin/dependabot/github_actions/gitleaks/gitleaks-action-ff98106e4c7b2bc287b24eaf42907196329070c7
quality	Run actions/checkout@11d5960a326750d5838078e36cf38b85af677262	2026-10-07T20:57:40.3612995Z  * [new branch]      dependabot/nuget/core/bench/SowSiege.Bench/BenchmarkDotNet-0.15.8 -> origin/dependabot/nuget/core/bench/SowSiege.Bench/BenchmarkDotNet-0.15.8
quality	Run actions/checkout@11d5960a326750d5838078e36cf38b85af677262	2026-10-07T20:57:40.3613978Z  * [new branch]      dependabot/nuget/core/tests/SowSiege.Tests/Microsoft.NET.Test.Sdk-18.10.1 -> origin/dependabot/nuget/core/tests/SowSiege.Tests/Microsoft.NET.Test.Sdk-18.10.1
quality	Run actions/checkout@11d5960a326750d5838078e36cf38b85af677262	2026-10-07T20:57:40.3615095Z  * [new branch]      dependabot/nuget/core/tests/SowSiege.Tests/xunit-2.9.3 -> origin/dependabot/nuget/core/tests/SowSiege.Tests/xunit-2.9.3
quality	Run actions/checkout@11d5960a326750d5838078e36cf38b85af677262	2026-10-07T20:57:40.3616016Z  * [new branch]      dependabot/nuget/core/tests/SowSiege.Tests/xunit.runner.visualstudio-4.0.0 -> origin/dependabot/nuget/core/tests/SowSiege.Tests/xunit.runner.visualstudio-4.0.0
quality	Run actions/checkout@11d5960a326750d5838078e36cf38b85af677262	2026-10-07T20:57:40.3616779Z  * [new branch]      feat/s2-headless-world                   -> origin/feat/s2-headless-world
quality	Run actions/checkout@11d5960a326750d5838078e36cf38b85af677262	2026-10-07T20:57:40.3617331Z  * [new branch]      main                                     -> origin/main
quality	Run actions/checkout@11d5960a326750d5838078e36cf38b85af677262	2026-10-07T20:57:40.3617926Z  * [new tag]         metrics-history                          -> metrics-history
quality	Run actions/checkout@11d5960a326750d5838078e36cf38b85af677262	2026-10-07T20:57:40.3618538Z  * [new ref]         f3505ef6432a20af60876255f3b5fe0d81e7e184 -> pull/35/merge
quality	Run actions/checkout@11d5960a326750d5838078e36cf38b85af677262	2026-10-07T20:57:40.3620508Z ##[endgroup]
quality	Run actions/checkout@11d5960a326750d5838078e36cf38b85af677262	2026-10-07T20:57:40.3621070Z ##[group]Determining the checkout info
quality	Run actions/checkout@11d5960a326750d5838078e36cf38b85af677262	2026-10-07T20:57:40.3621580Z ##[endgroup]
quality	Run actions/checkout@11d5960a326750d5838078e36cf38b85af677262	2026-10-07T20:57:40.3621827Z [command]/usr/bin/git sparse-checkout disable
quality	Run actions/checkout@11d5960a326750d5838078e36cf38b85af677262	2026-10-07T20:57:40.4280233Z [command]/usr/bin/git config --local --unset-all extensions.worktreeConfig
quality	Run actions/checkout@11d5960a326750d5838078e36cf38b85af677262	2026-10-07T20:57:40.4398885Z ##[group]Checking out the ref
quality	Run actions/checkout@11d5960a326750d5838078e36cf38b85af677262	2026-10-07T20:57:40.4402567Z [command]/usr/bin/git checkout --progress --force refs/remotes/pull/35/merge
quality	Run actions/checkout@11d5960a326750d5838078e36cf38b85af677262	2026-10-07T20:57:40.4869236Z Note: switching to 'refs/remotes/pull/35/merge'.
quality	Run actions/checkout@11d5960a326750d5838078e36cf38b85af677262	2026-10-07T20:57:40.4869876Z 
quality	Run actions/checkout@11d5960a326750d5838078e36cf38b85af677262	2026-10-07T20:57:40.4870717Z You are in 'detached HEAD' state. You can look around, make experimental
quality	Run actions/checkout@11d5960a326750d5838078e36cf38b85af677262	2026-10-07T20:57:40.4871391Z changes and commit them, and you can discard any commits you make in this
quality	Run actions/checkout@11d5960a326750d5838078e36cf38b85af677262	2026-10-07T20:57:40.4872047Z state without impacting any branches by switching back to a branch.
quality	Run actions/checkout@11d5960a326750d5838078e36cf38b85af677262	2026-10-07T20:57:40.4872425Z 
quality	Run actions/checkout@11d5960a326750d5838078e36cf38b85af677262	2026-10-07T20:57:40.4872655Z If you want to create a new branch to retain commits you create, you may
quality	Run actions/checkout@11d5960a326750d5838078e36cf38b85af677262	2026-10-07T20:57:40.4873343Z do so (now or later) by using -c with the switch command. Example:
quality	Run actions/checkout@11d5960a326750d5838078e36cf38b85af677262	2026-10-07T20:57:40.4873733Z 
quality	Run actions/checkout@11d5960a326750d5838078e36cf38b85af677262	2026-10-07T20:57:40.4874216Z   git switch -c <new-branch-name>
quality	Run actions/checkout@11d5960a326750d5838078e36cf38b85af677262	2026-10-07T20:57:40.4874593Z 
quality	Run actions/checkout@11d5960a326750d5838078e36cf38b85af677262	2026-10-07T20:57:40.4874740Z Or undo this operation with:
quality	Run actions/checkout@11d5960a326750d5838078e36cf38b85af677262	2026-10-07T20:57:40.4875015Z 
quality	Run actions/checkout@11d5960a326750d5838078e36cf38b85af677262	2026-10-07T20:57:40.4875127Z   git switch -
quality	Run actions/checkout@11d5960a326750d5838078e36cf38b85af677262	2026-10-07T20:57:40.4875335Z 
quality	Run actions/checkout@11d5960a326750d5838078e36cf38b85af677262	2026-10-07T20:57:40.4875591Z Turn off this advice by setting config variable advice.detachedHead to false
quality	Run actions/checkout@11d5960a326750d5838078e36cf38b85af677262	2026-10-07T20:57:40.4875983Z 
quality	Run actions/checkout@11d5960a326750d5838078e36cf38b85af677262	2026-10-07T20:57:40.4876441Z HEAD is now at f3505ef Merge f0a111e7e21bcb5576f05662bf4d32d23c6a68e9 into 374771b9579af3d13bcb56e383da52b42754fc28
quality	Run actions/checkout@11d5960a326750d5838078e36cf38b85af677262	2026-10-07T20:57:40.4887877Z ##[endgroup]
quality	Run actions/checkout@11d5960a326750d5838078e36cf38b85af677262	2026-10-07T20:57:40.5280426Z [command]/usr/bin/git log -1 --format=%H
quality	Run actions/checkout@11d5960a326750d5838078e36cf38b85af677262	2026-10-07T20:57:40.5304396Z f3505ef6432a20af60876255f3b5fe0d81e7e184
quality	Run actions/checkout@11d5960a326750d5838078e36cf38b85af677262	2026-10-07T20:57:40.5312384Z ##[group]Removing auth
quality	Run actions/checkout@11d5960a326750d5838078e36cf38b85af677262	2026-10-07T20:57:40.5315995Z [command]/usr/bin/git config --local --name-only --get-regexp core\.sshCommand
quality	Run actions/checkout@11d5960a326750d5838078e36cf38b85af677262	2026-10-07T20:57:40.5342676Z [command]/usr/bin/git submodule foreach --recursive sh -c "git config --local --name-only --get-regexp 'core\.sshCommand' && git config --local --unset-all 'core.sshCommand' || :"
quality	Run actions/checkout@11d5960a326750d5838078e36cf38b85af677262	2026-10-07T20:57:40.5529116Z [command]/usr/bin/git config --local --name-only --get-regexp http\.https\:\/\/github\.com\/\.extraheader
quality	Run actions/checkout@11d5960a326750d5838078e36cf38b85af677262	2026-10-07T20:57:40.5553083Z http.https://github.com/.extraheader
quality	Run actions/checkout@11d5960a326750d5838078e36cf38b85af677262	2026-10-07T20:57:40.5559102Z [command]/usr/bin/git config --local --unset-all http.https://github.com/.extraheader
quality	Run actions/checkout@11d5960a326750d5838078e36cf38b85af677262	2026-10-07T20:57:40.6182106Z [command]/usr/bin/git submodule foreach --recursive sh -c "git config --local --name-only --get-regexp 'http\.https\:\/\/github\.com\/\.extraheader' && git config --local --unset-all 'http.https://github.com/.extraheader' || :"
quality	Run actions/checkout@11d5960a326750d5838078e36cf38b85af677262	2026-10-07T20:57:40.6378022Z [command]/usr/bin/git config --local --name-only --get-regexp ^includeIf\.gitdir:
quality	Run actions/checkout@11d5960a326750d5838078e36cf38b85af677262	2026-10-07T20:57:40.6406701Z [command]/usr/bin/git submodule foreach --recursive git config --local --show-origin --name-only --get-regexp remote.origin.url
quality	Run actions/checkout@11d5960a326750d5838078e36cf38b85af677262	2026-10-07T20:57:40.6591629Z ##[endgroup]
quality	Run actions/setup-dotnet@67a3573c9a986a3f9c594539f4ab511d57bb3ce9	﻿2026-10-07T20:57:40.7578930Z ##[group]Run actions/setup-dotnet@67a3573c9a986a3f9c594539f4ab511d57bb3ce9
quality	Run actions/setup-dotnet@67a3573c9a986a3f9c594539f4ab511d57bb3ce9	2026-10-07T20:57:40.7579265Z with:
quality	Run actions/setup-dotnet@67a3573c9a986a3f9c594539f4ab511d57bb3ce9	2026-10-07T20:57:40.7579437Z   global-json-file: global.json
quality	Run actions/setup-dotnet@67a3573c9a986a3f9c594539f4ab511d57bb3ce9	2026-10-07T20:57:40.7579639Z   cache: false
quality	Run actions/setup-dotnet@67a3573c9a986a3f9c594539f4ab511d57bb3ce9	2026-10-07T20:57:40.7579801Z ##[endgroup]
quality	Run actions/setup-dotnet@67a3573c9a986a3f9c594539f4ab511d57bb3ce9	2026-10-07T20:57:40.8699308Z (node:2164) [DEP0040] DeprecationWarning: The `punycode` module is deprecated. Please use a userland alternative instead.
quality	Run actions/setup-dotnet@67a3573c9a986a3f9c594539f4ab511d57bb3ce9	2026-10-07T20:57:40.8700262Z (Use `node --trace-deprecation ...` to show where the warning was created)
quality	Run actions/setup-dotnet@67a3573c9a986a3f9c594539f4ab511d57bb3ce9	2026-10-07T20:57:40.8718581Z [command]/home/runner/work/_actions/actions/setup-dotnet/67a3573c9a986a3f9c594539f4ab511d57bb3ce9/externals/install-dotnet.sh --skip-non-versioned-files --runtime dotnet --channel LTS
quality	Run actions/setup-dotnet@67a3573c9a986a3f9c594539f4ab511d57bb3ce9	2026-10-07T20:57:41.1510611Z dotnet-install: .NET Core Runtime with version '10.0.12' is already installed.
quality	Run actions/setup-dotnet@67a3573c9a986a3f9c594539f4ab511d57bb3ce9	2026-10-07T20:57:41.1529867Z [command]/home/runner/work/_actions/actions/setup-dotnet/67a3573c9a986a3f9c594539f4ab511d57bb3ce9/externals/install-dotnet.sh --skip-non-versioned-files --version 8.0.425
quality	Run actions/setup-dotnet@67a3573c9a986a3f9c594539f4ab511d57bb3ce9	2026-10-07T20:57:41.2652296Z dotnet-install: .NET Core SDK with version '8.0.425' is already installed.
quality	Run actions/setup-node@49933ea5288caeca8642d1e84afbd3f7d6820020	﻿2026-10-07T20:57:41.2846417Z ##[group]Run actions/setup-node@49933ea5288caeca8642d1e84afbd3f7d6820020
quality	Run actions/setup-node@49933ea5288caeca8642d1e84afbd3f7d6820020	2026-10-07T20:57:41.2846743Z with:
quality	Run actions/setup-node@49933ea5288caeca8642d1e84afbd3f7d6820020	2026-10-07T20:57:41.2846913Z   node-version: 22
quality	Run actions/setup-node@49933ea5288caeca8642d1e84afbd3f7d6820020	2026-10-07T20:57:41.2847084Z   cache: npm
quality	Run actions/setup-node@49933ea5288caeca8642d1e84afbd3f7d6820020	2026-10-07T20:57:41.2847254Z   always-auth: false
quality	Run actions/setup-node@49933ea5288caeca8642d1e84afbd3f7d6820020	2026-10-07T20:57:41.2847441Z   check-latest: false
quality	Run actions/setup-node@49933ea5288caeca8642d1e84afbd3f7d6820020	2026-10-07T20:57:41.2849532Z   token: ***
quality	Run actions/setup-node@49933ea5288caeca8642d1e84afbd3f7d6820020	2026-10-07T20:57:41.2849700Z env:
quality	Run actions/setup-node@49933ea5288caeca8642d1e84afbd3f7d6820020	2026-10-07T20:57:41.2849866Z   DOTNET_ROOT: /usr/share/dotnet
quality	Run actions/setup-node@49933ea5288caeca8642d1e84afbd3f7d6820020	2026-10-07T20:57:41.2850068Z ##[endgroup]
quality	Run actions/setup-node@49933ea5288caeca8642d1e84afbd3f7d6820020	2026-10-07T20:57:41.3958516Z Found in cache @ /opt/hostedtoolcache/node/22.23.3/x64
quality	Run actions/setup-node@49933ea5288caeca8642d1e84afbd3f7d6820020	2026-10-07T20:57:41.3961996Z (node:2337) [DEP0040] DeprecationWarning: The `punycode` module is deprecated. Please use a userland alternative instead.
quality	Run actions/setup-node@49933ea5288caeca8642d1e84afbd3f7d6820020	2026-10-07T20:57:41.3962976Z (Use `node --trace-deprecation ...` to show where the warning was created)
quality	Run actions/setup-node@49933ea5288caeca8642d1e84afbd3f7d6820020	2026-10-07T20:57:41.3964183Z ##[group]Environment details
quality	Run actions/setup-node@49933ea5288caeca8642d1e84afbd3f7d6820020	2026-10-07T20:57:44.1195541Z node: v22.23.3
quality	Run actions/setup-node@49933ea5288caeca8642d1e84afbd3f7d6820020	2026-10-07T20:57:44.1195929Z npm: 10.9.9
quality	Run actions/setup-node@49933ea5288caeca8642d1e84afbd3f7d6820020	2026-10-07T20:57:44.1196167Z yarn: 1.22.22
quality	Run actions/setup-node@49933ea5288caeca8642d1e84afbd3f7d6820020	2026-10-07T20:57:44.1196897Z ##[endgroup]
quality	Run actions/setup-node@49933ea5288caeca8642d1e84afbd3f7d6820020	2026-10-07T20:57:44.1211113Z [command]/opt/hostedtoolcache/node/22.23.3/x64/bin/npm config get cache
quality	Run actions/setup-node@49933ea5288caeca8642d1e84afbd3f7d6820020	2026-10-07T20:57:44.3667902Z /home/runner/.npm
quality	Run actions/setup-node@49933ea5288caeca8642d1e84afbd3f7d6820020	2026-10-07T20:57:44.5811560Z Cache hit for: node-cache-Linux-x64-npm-cdb2da766a805e8f9ebcf60a145848332c0bb5aaf2bc7f6f00be2d7028f88b29
quality	Run actions/setup-node@49933ea5288caeca8642d1e84afbd3f7d6820020	2026-10-07T20:57:44.5890748Z (node:2337) [DEP0169] DeprecationWarning: `url.parse()` behavior is not standardized and prone to errors that have security implications. Use the WHATWG URL API instead. CVEs are not issued for `url.parse()` vulnerabilities.
quality	Run actions/setup-node@49933ea5288caeca8642d1e84afbd3f7d6820020	2026-10-07T20:57:45.1574784Z Received 279809 of 279809 (100.0%), 0.8 MBs/sec
quality	Run actions/setup-node@49933ea5288caeca8642d1e84afbd3f7d6820020	2026-10-07T20:57:45.1575318Z Cache Size: ~0 MB (279809 B)
quality	Run actions/setup-node@49933ea5288caeca8642d1e84afbd3f7d6820020	2026-10-07T20:57:45.1595322Z [command]/usr/bin/tar -xf /home/runner/work/_temp/5ca4d987-f7ab-4a4b-a605-39d2fefff145/cache.tzst -P -C /home/runner/work/bs-mobile/bs-mobile --use-compress-program unzstd
quality	Run actions/setup-node@49933ea5288caeca8642d1e84afbd3f7d6820020	2026-10-07T20:57:45.1655673Z Cache restored successfully
quality	Run actions/setup-node@49933ea5288caeca8642d1e84afbd3f7d6820020	2026-10-07T20:57:45.1658965Z Cache restored from key: node-cache-Linux-x64-npm-cdb2da766a805e8f9ebcf60a145848332c0bb5aaf2bc7f6f00be2d7028f88b29
quality	Full gate	﻿2026-10-07T20:57:45.1778022Z ##[group]Run ./tools/check.sh
quality	Full gate	2026-10-07T20:57:45.1778305Z [36;1m./tools/check.sh[0m
quality	Full gate	2026-10-07T20:57:45.2009976Z shell: /usr/bin/bash -e {0}
quality	Full gate	2026-10-07T20:57:45.2010219Z env:
quality	Full gate	2026-10-07T20:57:45.2010404Z   DOTNET_ROOT: /usr/share/dotnet
quality	Full gate	2026-10-07T20:57:45.2012592Z   GH_TOKEN: ***
quality	Full gate	2026-10-07T20:57:45.2012778Z ##[endgroup]
quality	Full gate	2026-10-07T20:57:46.7769805Z 
quality	Full gate	2026-10-07T20:57:46.7776984Z added 5 packages, and audited 6 packages in 2s
quality	Full gate	2026-10-07T20:57:46.7777835Z 
quality	Full gate	2026-10-07T20:57:46.7778119Z 2 packages are looking for funding
quality	Full gate	2026-10-07T20:57:46.7778498Z   run `npm fund` for details
quality	Full gate	2026-10-07T20:57:46.7778648Z 
quality	Full gate	2026-10-07T20:57:46.7778765Z found 0 vulnerabilities
quality	Full gate	2026-10-07T20:57:46.8891313Z 
quality	Full gate	2026-10-07T20:57:46.8892020Z > test
quality	Full gate	2026-10-07T20:57:46.8892589Z > node --test tools/test-content-validator.mjs
quality	Full gate	2026-10-07T20:57:46.8892920Z 
quality	Full gate	2026-10-07T20:57:46.9672535Z TAP version 13
quality	Full gate	2026-10-07T20:57:47.0843634Z # Subtest: valid schema and cross-record references pass
quality	Full gate	2026-10-07T20:57:47.0847796Z ok 1 - valid schema and cross-record references pass
quality	Full gate	2026-10-07T20:57:47.0848489Z   ---
quality	Full gate	2026-10-07T20:57:47.0848851Z   duration_ms: 57.974011
quality	Full gate	2026-10-07T20:57:47.0849318Z   type: 'test'
quality	Full gate	2026-10-07T20:57:47.0849617Z   ...
quality	Full gate	2026-10-07T20:57:47.1491658Z # Subtest: rejects damage below minimum
quality	Full gate	2026-10-07T20:57:47.1493482Z ok 2 - rejects damage below minimum
quality	Full gate	2026-10-07T20:57:47.1494037Z   ---
quality	Full gate	2026-10-07T20:57:47.1494328Z   duration_ms: 64.818786
quality	Full gate	2026-10-07T20:57:47.1495110Z   type: 'test'
quality	Full gate	2026-10-07T20:57:47.1495381Z   ...
quality	Full gate	2026-10-07T20:57:47.1723306Z # Subtest: rejects unknown field
quality	Full gate	2026-10-07T20:57:47.1726206Z ok 3 - rejects unknown field
quality	Full gate	2026-10-07T20:57:47.1726539Z   ---
quality	Full gate	2026-10-07T20:57:47.1726811Z   duration_ms: 23.406325
quality	Full gate	2026-10-07T20:57:47.1727158Z   type: 'test'
quality	Full gate	2026-10-07T20:57:47.1727426Z   ...
quality	Full gate	2026-10-07T20:57:47.1990203Z # Subtest: rejects missing growth
quality	Full gate	2026-10-07T20:57:47.1990930Z ok 4 - rejects missing growth
quality	Full gate	2026-10-07T20:57:47.1991378Z   ---
quality	Full gate	2026-10-07T20:57:47.1991726Z   duration_ms: 26.349614
quality	Full gate	2026-10-07T20:57:47.1992104Z   type: 'test'
quality	Full gate	2026-10-07T20:57:47.1992344Z   ...
quality	Full gate	2026-10-07T20:57:47.2219505Z # Subtest: rejects missing activation
quality	Full gate	2026-10-07T20:57:47.2220199Z ok 5 - rejects missing activation
quality	Full gate	2026-10-07T20:57:47.2225717Z   ---
quality	Full gate	2026-10-07T20:57:47.2226245Z   duration_ms: 22.807549
quality	Full gate	2026-10-07T20:57:47.2226892Z   type: 'test'
quality	Full gate	2026-10-07T20:57:47.2227801Z   ...
quality	Full gate	2026-10-07T20:57:47.2480668Z # Subtest: rejects wrong scalar type
quality	Full gate	2026-10-07T20:57:47.2485515Z ok 6 - rejects wrong scalar type
quality	Full gate	2026-10-07T20:57:47.2485886Z   ---
quality	Full gate	2026-10-07T20:57:47.2486421Z   duration_ms: 26.183112
quality	Full gate	2026-10-07T20:57:47.2486742Z   type: 'test'
quality	Full gate	2026-10-07T20:57:47.2487001Z   ...
quality	Full gate	2026-10-07T20:57:47.2657942Z # Subtest: rejects invalid namespace
quality	Full gate	2026-10-07T20:57:47.2658603Z ok 7 - rejects invalid namespace
quality	Full gate	2026-10-07T20:57:47.2658971Z   ---
quality	Full gate	2026-10-07T20:57:47.2659253Z   duration_ms: 17.504351
quality	Full gate	2026-10-07T20:57:47.2659569Z   type: 'test'
quality	Full gate	2026-10-07T20:57:47.2659866Z   ...
quality	Full gate	2026-10-07T20:57:47.2815002Z # Subtest: rejects unresolved hero tool
quality	Full gate	2026-10-07T20:57:47.2815638Z ok 8 - rejects unresolved hero tool
quality	Full gate	2026-10-07T20:57:47.2815940Z   ---
quality	Full gate	2026-10-07T20:57:47.2816170Z   duration_ms: 15.77541
quality	Full gate	2026-10-07T20:57:47.2816421Z   type: 'test'
quality	Full gate	2026-10-07T20:57:47.2816661Z   ...
quality	Full gate	2026-10-07T20:57:47.2984859Z # Subtest: rejects wrong-kind reference
quality	Full gate	2026-10-07T20:57:47.2987290Z ok 9 - rejects wrong-kind reference
quality	Full gate	2026-10-07T20:57:47.2987649Z   ---
quality	Full gate	2026-10-07T20:57:47.2987916Z   duration_ms: 16.627357
quality	Full gate	2026-10-07T20:57:47.2988253Z   type: 'test'
quality	Full gate	2026-10-07T20:57:47.2988775Z   ...
quality	Full gate	2026-10-07T20:57:47.3144903Z # Subtest: rejects unresolved estate tool
quality	Full gate	2026-10-07T20:57:47.3145795Z ok 10 - rejects unresolved estate tool
quality	Full gate	2026-10-07T20:57:47.3146431Z   ---
quality	Full gate	2026-10-07T20:57:47.3146740Z   duration_ms: 16.269245
quality	Full gate	2026-10-07T20:57:47.3147011Z   type: 'test'
quality	Full gate	2026-10-07T20:57:47.3147427Z   ...
quality	Full gate	2026-10-07T20:57:47.3315480Z # Subtest: rejects unresolved tuning hero
quality	Full gate	2026-10-07T20:57:47.3316280Z ok 11 - rejects unresolved tuning hero
quality	Full gate	2026-10-07T20:57:47.3316714Z   ---
quality	Full gate	2026-10-07T20:57:47.3317341Z   duration_ms: 17.062609
quality	Full gate	2026-10-07T20:57:47.3317633Z   type: 'test'
quality	Full gate	2026-10-07T20:57:47.3317880Z   ...
quality	Full gate	2026-10-07T20:57:47.3466000Z # Subtest: rejects unresolved anti-synergy
quality	Full gate	2026-10-07T20:57:47.3466789Z ok 12 - rejects unresolved anti-synergy
quality	Full gate	2026-10-07T20:57:47.3467137Z   ---
quality	Full gate	2026-10-07T20:57:47.3467393Z   duration_ms: 14.963324
quality	Full gate	2026-10-07T20:57:47.3467685Z   type: 'test'
quality	Full gate	2026-10-07T20:57:47.3468135Z   ...
quality	Full gate	2026-10-07T20:57:47.3627749Z # Subtest: rejects invalid schema
quality	Full gate	2026-10-07T20:57:47.3628421Z ok 13 - rejects invalid schema
quality	Full gate	2026-10-07T20:57:47.3628716Z   ---
quality	Full gate	2026-10-07T20:57:47.3628956Z   duration_ms: 16.106188
quality	Full gate	2026-10-07T20:57:47.3629236Z   type: 'test'
quality	Full gate	2026-10-07T20:57:47.3629463Z   ...
quality	Full gate	2026-10-07T20:57:47.3770218Z # Subtest: rejects undeclared schema draft
quality	Full gate	2026-10-07T20:57:47.3770962Z ok 14 - rejects undeclared schema draft
quality	Full gate	2026-10-07T20:57:47.3771330Z   ---
quality	Full gate	2026-10-07T20:57:47.3771579Z   duration_ms: 14.258095
quality	Full gate	2026-10-07T20:57:47.3771872Z   type: 'test'
quality	Full gate	2026-10-07T20:57:47.3772111Z   ...
quality	Full gate	2026-10-07T20:57:47.3968021Z # Subtest: rejects unknown schema keyword
quality	Full gate	2026-10-07T20:57:47.3968630Z ok 15 - rejects unknown schema keyword
quality	Full gate	2026-10-07T20:57:47.3970341Z   ---
quality	Full gate	2026-10-07T20:57:47.3970623Z   duration_ms: 19.560353
quality	Full gate	2026-10-07T20:57:47.3970971Z   type: 'test'
quality	Full gate	2026-10-07T20:57:47.3971171Z   ...
quality	Full gate	2026-10-07T20:57:47.4175760Z # Subtest: recursively checks test content and global duplicate IDs
quality	Full gate	2026-10-07T20:57:47.4176919Z ok 16 - recursively checks test content and global duplicate IDs
quality	Full gate	2026-10-07T20:57:47.4177260Z   ---
quality	Full gate	2026-10-07T20:57:47.4177445Z   duration_ms: 20.604675
quality	Full gate	2026-10-07T20:57:47.4177644Z   type: 'test'
quality	Full gate	2026-10-07T20:57:47.4177825Z   ...
quality	Full gate	2026-10-07T20:57:47.4313698Z # Subtest: rejects content without matching schema
quality	Full gate	2026-10-07T20:57:47.4314221Z ok 17 - rejects content without matching schema
quality	Full gate	2026-10-07T20:57:47.4314705Z   ---
quality	Full gate	2026-10-07T20:57:47.4314893Z   duration_ms: 14.061343
quality	Full gate	2026-10-07T20:57:47.4315091Z   type: 'test'
quality	Full gate	2026-10-07T20:57:47.4315254Z   ...
quality	Full gate	2026-10-07T20:57:47.4468051Z # Subtest: skin numbers fail even if schema permits arbitrary fields
quality	Full gate	2026-10-07T20:57:47.4468742Z ok 18 - skin numbers fail even if schema permits arbitrary fields
quality	Full gate	2026-10-07T20:57:47.4469042Z   ---
quality	Full gate	2026-10-07T20:57:47.4469223Z   duration_ms: 15.306604
quality	Full gate	2026-10-07T20:57:47.4469425Z   type: 'test'
quality	Full gate	2026-10-07T20:57:47.4469606Z   ...
quality	Full gate	2026-10-07T20:57:47.4627575Z # Subtest: valid Draft2020 unevaluatedProperties is enforced
quality	Full gate	2026-10-07T20:57:47.4628658Z ok 19 - valid Draft2020 unevaluatedProperties is enforced
quality	Full gate	2026-10-07T20:57:47.4629390Z   ---
quality	Full gate	2026-10-07T20:57:47.4629771Z   duration_ms: 15.811935
quality	Full gate	2026-10-07T20:57:47.4630203Z   type: 'test'
quality	Full gate	2026-10-07T20:57:47.4630462Z   ...
quality	Full gate	2026-10-07T20:57:47.4813433Z # Subtest: rejects malformed JSON instead of silently skipping it
quality	Full gate	2026-10-07T20:57:47.4814218Z ok 20 - rejects malformed JSON instead of silently skipping it
quality	Full gate	2026-10-07T20:57:47.4814762Z   ---
quality	Full gate	2026-10-07T20:57:47.4815018Z   duration_ms: 18.386603
quality	Full gate	2026-10-07T20:57:47.4833075Z   type: 'test'
quality	Full gate	2026-10-07T20:57:47.4833395Z   ...
quality	Full gate	2026-10-07T20:57:47.5562882Z # Subtest: S2 rejects season duration mismatch
quality	Full gate	2026-10-07T20:57:47.5563514Z ok 21 - S2 rejects season duration mismatch
quality	Full gate	2026-10-07T20:57:47.5563882Z   ---
quality	Full gate	2026-10-07T20:57:47.5564139Z   duration_ms: 74.951458
quality	Full gate	2026-10-07T20:57:47.5564555Z   type: 'test'
quality	Full gate	2026-10-07T20:57:47.5564805Z   ...
quality	Full gate	2026-10-07T20:57:47.6245466Z # Subtest: S2 rejects missing world numeric tuning
quality	Full gate	2026-10-07T20:57:47.6246185Z ok 22 - S2 rejects missing world numeric tuning
quality	Full gate	2026-10-07T20:57:47.6246564Z   ---
quality	Full gate	2026-10-07T20:57:47.6246833Z   duration_ms: 68.246261
quality	Full gate	2026-10-07T20:57:47.6247057Z   type: 'test'
quality	Full gate	2026-10-07T20:57:47.6247226Z   ...
quality	Full gate	2026-10-07T20:57:47.6820734Z # Subtest: S2 rejects unresolved starting weapon
quality	Full gate	2026-10-07T20:57:47.6821363Z ok 23 - S2 rejects unresolved starting weapon
quality	Full gate	2026-10-07T20:57:47.6821689Z   ---
quality	Full gate	2026-10-07T20:57:47.6821905Z   duration_ms: 57.46203
quality	Full gate	2026-10-07T20:57:47.6822189Z   type: 'test'
quality	Full gate	2026-10-07T20:57:47.6822411Z   ...
quality	Full gate	2026-10-07T20:57:47.7957323Z # Subtest: S2 rejects excessive load
quality	Full gate	2026-10-07T20:57:47.7958273Z ok 24 - S2 rejects excessive load
quality	Full gate	2026-10-07T20:57:47.7958632Z   ---
quality	Full gate	2026-10-07T20:57:47.7958921Z   duration_ms: 113.529046
quality	Full gate	2026-10-07T20:57:47.7959302Z   type: 'test'
quality	Full gate	2026-10-07T20:57:47.7959619Z   ...
quality	Full gate	2026-10-07T20:57:47.9239873Z # Subtest: S2 rejects map-incompatible spawn inset
quality	Full gate	2026-10-07T20:57:47.9240552Z ok 25 - S2 rejects map-incompatible spawn inset
quality	Full gate	2026-10-07T20:57:47.9241187Z   ---
quality	Full gate	2026-10-07T20:57:47.9241371Z   duration_ms: 128.201302
quality	Full gate	2026-10-07T20:57:47.9241569Z   type: 'test'
quality	Full gate	2026-10-07T20:57:47.9241734Z   ...
quality	Full gate	2026-10-07T20:57:47.9679831Z # Subtest: S2 rejects unsupported people rule
quality	Full gate	2026-10-07T20:57:47.9680672Z ok 26 - S2 rejects unsupported people rule
quality	Full gate	2026-10-07T20:57:47.9681122Z   ---
quality	Full gate	2026-10-07T20:57:47.9681441Z   duration_ms: 43.957715
quality	Full gate	2026-10-07T20:57:47.9681792Z   type: 'test'
quality	Full gate	2026-10-07T20:57:47.9682120Z   ...
quality	Full gate	2026-10-07T20:57:48.0126641Z # Subtest: S2 rejects wrong card count
quality	Full gate	2026-10-07T20:57:48.0127536Z ok 27 - S2 rejects wrong card count
quality	Full gate	2026-10-07T20:57:48.0127934Z   ---
quality	Full gate	2026-10-07T20:57:48.0128191Z   duration_ms: 44.658196
quality	Full gate	2026-10-07T20:57:48.0128500Z   type: 'test'
quality	Full gate	2026-10-07T20:57:48.0128744Z   ...
quality	Full gate	2026-10-07T20:57:48.0901288Z # Subtest: S2 rejects duplicate rarity names
quality	Full gate	2026-10-07T20:57:48.0912089Z ok 28 - S2 rejects duplicate rarity names
quality	Full gate	2026-10-07T20:57:48.0912499Z   ---
quality	Full gate	2026-10-07T20:57:48.0913190Z   duration_ms: 77.241263
quality	Full gate	2026-10-07T20:57:48.0913530Z   type: 'test'
quality	Full gate	2026-10-07T20:57:48.0913856Z   ...
quality	Full gate	2026-10-07T20:57:48.1369146Z # Subtest: S2 rejects oversized squad
quality	Full gate	2026-10-07T20:57:48.1369677Z ok 29 - S2 rejects oversized squad
quality	Full gate	2026-10-07T20:57:48.1369918Z   ---
quality	Full gate	2026-10-07T20:57:48.1370266Z   duration_ms: 46.819309
quality	Full gate	2026-10-07T20:57:48.1370646Z   type: 'test'
quality	Full gate	2026-10-07T20:57:48.1370919Z   ...
quality	Full gate	2026-10-07T20:57:48.1497642Z 1..29
quality	Full gate	2026-10-07T20:57:48.1498017Z # tests 29
quality	Full gate	2026-10-07T20:57:48.1498270Z # suites 0
quality	Full gate	2026-10-07T20:57:48.1498518Z # pass 29
quality	Full gate	2026-10-07T20:57:48.1498759Z # fail 0
quality	Full gate	2026-10-07T20:57:48.1499309Z # cancelled 0
quality	Full gate	2026-10-07T20:57:48.1499646Z # skipped 0
quality	Full gate	2026-10-07T20:57:48.1500026Z # todo 0
quality	Full gate	2026-10-07T20:57:48.1500534Z # duration_ms 1217.778555
quality	Full gate	2026-10-07T20:57:48.1948380Z TAP version 13
quality	Full gate	2026-10-07T20:57:48.5351978Z # Subtest: standalone missing issue
quality	Full gate	2026-10-07T20:57:48.5360855Z ok 1 - standalone missing issue
quality	Full gate	2026-10-07T20:57:48.5361243Z   ---
quality	Full gate	2026-10-07T20:57:48.5361439Z   duration_ms: 63.734604
quality	Full gate	2026-10-07T20:57:48.5361643Z   type: 'test'
quality	Full gate	2026-10-07T20:57:48.5361856Z   ...
quality	Full gate	2026-10-07T20:57:48.5362876Z # Subtest: inline missing issue
quality	Full gate	2026-10-07T20:57:48.5366868Z ok 2 - inline missing issue
quality	Full gate	2026-10-07T20:57:48.5367119Z   ---
quality	Full gate	2026-10-07T20:57:48.5367366Z   duration_ms: 40.747709
quality	Full gate	2026-10-07T20:57:48.5367591Z   type: 'test'
quality	Full gate	2026-10-07T20:57:48.5367759Z   ...
quality	Full gate	2026-10-07T20:57:48.5368100Z # Subtest: block missing issue
quality	Full gate	2026-10-07T20:57:48.5369681Z ok 3 - block missing issue
quality	Full gate	2026-10-07T20:57:48.5374985Z   ---
quality	Full gate	2026-10-07T20:57:48.5375189Z   duration_ms: 37.307258
quality	Full gate	2026-10-07T20:57:48.5375437Z   type: 'test'
quality	Full gate	2026-10-07T20:57:48.5375678Z   ...
quality	Full gate	2026-10-07T20:57:48.5375904Z # Subtest: shell missing issue
quality	Full gate	2026-10-07T20:57:48.5376276Z ok 4 - shell missing issue
quality	Full gate	2026-10-07T20:57:48.5376616Z   ---
quality	Full gate	2026-10-07T20:57:48.5376866Z   duration_ms: 37.465514
quality	Full gate	2026-10-07T20:57:48.5377213Z   type: 'test'
quality	Full gate	2026-10-07T20:57:48.5377526Z   ...
quality	Full gate	2026-10-07T20:57:48.5378423Z # Subtest: linked inline
quality	Full gate	2026-10-07T20:57:48.5379458Z ok 5 - linked inline
quality	Full gate	2026-10-07T20:57:48.5379980Z   ---
quality	Full gate	2026-10-07T20:57:48.5380306Z   duration_ms: 51.163657
quality	Full gate	2026-10-07T20:57:48.5380660Z   type: 'test'
quality	Full gate	2026-10-07T20:57:48.5380967Z   ...
quality	Full gate	2026-10-07T20:57:48.5381354Z # Subtest: linked shell
quality	Full gate	2026-10-07T20:57:48.5382392Z ok 6 - linked shell
quality	Full gate	2026-10-07T20:57:48.5382961Z   ---
quality	Full gate	2026-10-07T20:57:48.5383179Z   duration_ms: 78.112323
quality	Full gate	2026-10-07T20:57:48.5383461Z   type: 'test'
quality	Full gate	2026-10-07T20:57:48.5383758Z   ...
quality	Full gate	2026-10-07T20:57:48.5455638Z 1..6
quality	Full gate	2026-10-07T20:57:48.5455931Z # tests 6
quality	Full gate	2026-10-07T20:57:48.5456176Z # suites 0
quality	Full gate	2026-10-07T20:57:48.5456418Z # pass 6
quality	Full gate	2026-10-07T20:57:48.5464938Z # fail 0
quality	Full gate	2026-10-07T20:57:48.5475654Z # cancelled 0
quality	Full gate	2026-10-07T20:57:48.5475918Z # skipped 0
quality	Full gate	2026-10-07T20:57:48.5476148Z # todo 0
quality	Full gate	2026-10-07T20:57:48.5476497Z # duration_ms 360.270091
quality	Full gate	2026-10-07T20:57:48.6230241Z 
quality	Full gate	2026-10-07T20:57:48.6230796Z > validate
quality	Full gate	2026-10-07T20:57:48.6231191Z > node tools/validate-content.mjs
quality	Full gate	2026-10-07T20:57:48.6231373Z 
quality	Full gate	2026-10-07T20:57:48.7828396Z {
quality	Full gate	2026-10-07T20:57:48.7828758Z   "valid": true,
quality	Full gate	2026-10-07T20:57:48.7829389Z   "records": 17,
quality	Full gate	2026-10-07T20:57:48.7829576Z   "schemas": 6,
quality	Full gate	2026-10-07T20:57:48.7829751Z   "errors": []
quality	Full gate	2026-10-07T20:57:48.7829921Z }
quality	Full gate	2026-10-07T20:57:48.8253668Z metrics selftest PASS
quality	Full gate	2026-10-07T20:57:49.8703342Z PR policy: issue, ADR, template and comment checks passed
quality	Full gate	2026-10-07T20:58:02.7918161Z PASS BCL algorithm
quality	Full gate	2026-10-07T20:58:02.8178501Z PASS comments are not code
quality	Full gate	2026-10-07T20:58:02.8739815Z PASS engine unused import
quality	Full gate	2026-10-07T20:58:02.9117184Z PASS inactive branch engine
quality	Full gate	2026-10-07T20:58:02.9556175Z PASS inactive branch numeric
quality	Full gate	2026-10-07T20:58:02.9958613Z PASS engine alias
quality	Full gate	2026-10-07T20:58:03.0320441Z PASS content id literal
quality	Full gate	2026-10-07T20:58:03.0686511Z PASS content id escaped
quality	Full gate	2026-10-07T20:58:03.0878902Z PASS content id concatenated
quality	Full gate	2026-10-07T20:58:03.1159933Z PASS content id interpolated
quality	Full gate	2026-10-07T20:58:03.1353942Z PASS data id without namespace
quality	Full gate	2026-10-07T20:58:03.1542237Z PASS gameplay local
quality	Full gate	2026-10-07T20:58:03.1838746Z PASS gameplay const
quality	Full gate	2026-10-07T20:58:03.2258376Z PASS gameplay hexadecimal
quality	Full gate	2026-10-07T20:58:03.2462935Z PASS gameplay negative
quality	Full gate	2026-10-07T20:58:03.2909608Z PASS seeded random
quality	Full gate	2026-10-07T20:58:03.3176360Z PASS unseeded random
quality	Full gate	2026-10-07T20:58:03.3590287Z PASS implicit new random
quality	Full gate	2026-10-07T20:58:03.3859822Z PASS shared random
quality	Full gate	2026-10-07T20:58:03.4243096Z PASS clock alias
quality	Full gate	2026-10-07T20:58:03.4602908Z PASS clock static import
quality	Full gate	2026-10-07T20:58:03.4904735Z PASS random guid
quality	Full gate	2026-10-07T20:58:03.5191288Z PASS stopwatch
quality	Full gate	2026-10-07T20:58:03.5678101Z PASS exact algorithm constant exemption
quality	Full gate	2026-10-07T20:58:03.5678719Z ArchitectureGuard self-tests: 24/24 passed.
quality	Full gate	2026-10-07T20:58:03.6052279Z PASS repository PackageReference
quality	Full gate	2026-10-07T20:58:03.6166503Z PASS repository ProjectReference
quality	Full gate	2026-10-07T20:58:03.6278158Z PASS repository Reference
quality	Full gate	2026-10-07T20:58:03.6392746Z PASS repository FrameworkReference
quality	Full gate	2026-10-07T20:58:03.6682007Z PASS repository JSON-discovered content ID
quality	Full gate	2026-10-07T20:58:03.6905697Z PASS repository inherited package reference
quality	Full gate	2026-10-07T20:58:05.4566064Z ArchitectureGuard: 0 violation(s).
quality	Full gate	2026-10-07T20:58:06.2438084Z   Determining projects to restore...
quality	Full gate	2026-10-07T20:58:06.6743751Z   Restored /home/runner/work/bs-mobile/bs-mobile/core/src/SowSiege.Core/SowSiege.Core.csproj (in 67 ms).
quality	Full gate	2026-10-07T20:58:06.6750407Z   Restored /home/runner/work/bs-mobile/bs-mobile/core/src/SowSiege.Sim/SowSiege.Sim.csproj (in 68 ms).
quality	Full gate	2026-10-07T20:58:09.0165046Z   Restored /home/runner/work/bs-mobile/bs-mobile/core/tests/SowSiege.Tests/SowSiege.Tests.csproj (in 2.42 sec).
quality	Full gate	2026-10-07T20:58:09.0599030Z   Restored /home/runner/work/bs-mobile/bs-mobile/core/bench/SowSiege.Bench/SowSiege.Bench.csproj (in 2.46 sec).
quality	Full gate	2026-10-07T20:58:10.9306463Z   SowSiege.Core -> /home/runner/work/bs-mobile/bs-mobile/core/src/SowSiege.Core/bin/Release/net8.0/SowSiege.Core.dll
quality	Full gate	2026-10-07T20:58:11.6620193Z   SowSiege.Sim -> /home/runner/work/bs-mobile/bs-mobile/core/src/SowSiege.Sim/bin/Release/net8.0/SowSiege.Sim.dll
quality	Full gate	2026-10-07T20:58:12.9310302Z   SowSiege.Tests -> /home/runner/work/bs-mobile/bs-mobile/core/tests/SowSiege.Tests/bin/Release/net8.0/SowSiege.Tests.dll
quality	Full gate	2026-10-07T20:58:13.0470087Z   SowSiege.Bench -> /home/runner/work/bs-mobile/bs-mobile/core/bench/SowSiege.Bench/bin/Release/net8.0/SowSiege.Bench.dll
quality	Full gate	2026-10-07T20:58:13.0845157Z 
quality	Full gate	2026-10-07T20:58:13.0864660Z Build succeeded.
quality	Full gate	2026-10-07T20:58:13.0895231Z     0 Warning(s)
quality	Full gate	2026-10-07T20:58:13.0925087Z     0 Error(s)
quality	Full gate	2026-10-07T20:58:13.0925312Z 
quality	Full gate	2026-10-07T20:58:13.0965193Z Time Elapsed 00:00:03.86
quality	Full gate	2026-10-07T20:58:14.3118451Z Test run for /home/runner/work/bs-mobile/bs-mobile/core/tests/SowSiege.Tests/bin/Release/net8.0/SowSiege.Tests.dll (.NETCoreApp,Version=v8.0)
quality	Full gate	2026-10-07T20:58:14.4565335Z VSTest version 17.11.1 (x64)
quality	Full gate	2026-10-07T20:58:14.4609382Z 
quality	Full gate	2026-10-07T20:58:14.7603157Z Starting test execution, please wait...
quality	Full gate	2026-10-07T20:58:14.7993461Z A total of 1 test files matched the specified pattern.
quality	Full gate	2026-10-07T20:58:22.4044377Z Results File: /home/runner/work/bs-mobile/bs-mobile/artifacts/tests/tests.trx
quality	Full gate	2026-10-07T20:58:22.4046077Z 
quality	Full gate	2026-10-07T20:58:22.4079282Z Passed!  - Failed:     0, Passed:    31, Skipped:     0, Total:    31, Duration: 7 s - SowSiege.Tests.dll (net8.0)
quality	Full gate	2026-10-07T20:58:45.3799894Z S2 smoke: 18 policy/seed cases × 3 deterministic repeats; 900 tick cap; policy damage CV=0.02705842682220579; diagnostic only, not S4 balance.
quality	Record measurements with commit identity	﻿2026-10-07T20:58:45.3879366Z ##[group]Run node tools/metrics.mjs artifacts/metrics.json artifacts/trends
quality	Record measurements with commit identity	2026-10-07T20:58:45.3879818Z [36;1mnode tools/metrics.mjs artifacts/metrics.json artifacts/trends[0m
quality	Record measurements with commit identity	2026-10-07T20:58:45.3936428Z shell: /usr/bin/bash -e {0}
quality	Record measurements with commit identity	2026-10-07T20:58:45.3936647Z env:
quality	Record measurements with commit identity	2026-10-07T20:58:45.3936817Z   DOTNET_ROOT: /usr/share/dotnet
quality	Record measurements with commit identity	2026-10-07T20:58:45.3937076Z   METRICS_SHA: f0a111e7e21bcb5576f05662bf4d32d23c6a68e9
quality	Record measurements with commit identity	2026-10-07T20:58:45.3937338Z ##[endgroup]
quality	Record measurements with commit identity	2026-10-07T20:58:45.4282302Z metrics: 1 records; artifacts/trends/index.html
quality	Run actions/upload-artifact@ea165f8d65b6e75b540449e92b4886f43607fa02	﻿2026-10-07T20:58:45.4513743Z ##[group]Run actions/upload-artifact@ea165f8d65b6e75b540449e92b4886f43607fa02
quality	Run actions/upload-artifact@ea165f8d65b6e75b540449e92b4886f43607fa02	2026-10-07T20:58:45.4514095Z with:
quality	Run actions/upload-artifact@ea165f8d65b6e75b540449e92b4886f43607fa02	2026-10-07T20:58:45.4514341Z   name: evidence-f3505ef6432a20af60876255f3b5fe0d81e7e184
quality	Run actions/upload-artifact@ea165f8d65b6e75b540449e92b4886f43607fa02	2026-10-07T20:58:45.4514826Z   path: artifacts/
quality	Run actions/upload-artifact@ea165f8d65b6e75b540449e92b4886f43607fa02	2026-10-07T20:58:45.4515011Z   retention-days: 90
quality	Run actions/upload-artifact@ea165f8d65b6e75b540449e92b4886f43607fa02	2026-10-07T20:58:45.4515210Z   if-no-files-found: error
quality	Run actions/upload-artifact@ea165f8d65b6e75b540449e92b4886f43607fa02	2026-10-07T20:58:45.4515408Z   compression-level: 6
quality	Run actions/upload-artifact@ea165f8d65b6e75b540449e92b4886f43607fa02	2026-10-07T20:58:45.4515586Z   overwrite: false
quality	Run actions/upload-artifact@ea165f8d65b6e75b540449e92b4886f43607fa02	2026-10-07T20:58:45.4515767Z   include-hidden-files: false
quality	Run actions/upload-artifact@ea165f8d65b6e75b540449e92b4886f43607fa02	2026-10-07T20:58:45.4515969Z env:
quality	Run actions/upload-artifact@ea165f8d65b6e75b540449e92b4886f43607fa02	2026-10-07T20:58:45.4516138Z   DOTNET_ROOT: /usr/share/dotnet
quality	Run actions/upload-artifact@ea165f8d65b6e75b540449e92b4886f43607fa02	2026-10-07T20:58:45.4516348Z ##[endgroup]
quality	Run actions/upload-artifact@ea165f8d65b6e75b540449e92b4886f43607fa02	2026-10-07T20:58:45.5838911Z (node:3302) [DEP0040] DeprecationWarning: The `punycode` module is deprecated. Please use a userland alternative instead.
quality	Run actions/upload-artifact@ea165f8d65b6e75b540449e92b4886f43607fa02	2026-10-07T20:58:45.5839651Z (Use `node --trace-deprecation ...` to show where the warning was created)
quality	Run actions/upload-artifact@ea165f8d65b6e75b540449e92b4886f43607fa02	2026-10-07T20:58:45.5947496Z With the provided path, there will be 42 files uploaded
quality	Run actions/upload-artifact@ea165f8d65b6e75b540449e92b4886f43607fa02	2026-10-07T20:58:45.5952098Z Artifact name is valid!
quality	Run actions/upload-artifact@ea165f8d65b6e75b540449e92b4886f43607fa02	2026-10-07T20:58:45.5952608Z Root directory input is valid!
quality	Run actions/upload-artifact@ea165f8d65b6e75b540449e92b4886f43607fa02	2026-10-07T20:58:45.9229078Z Beginning upload of artifact content to blob storage
quality	Run actions/upload-artifact@ea165f8d65b6e75b540449e92b4886f43607fa02	2026-10-07T20:58:45.9693672Z (node:3302) [DEP0169] DeprecationWarning: `url.parse()` behavior is not standardized and prone to errors that have security implications. Use the WHATWG URL API instead. CVEs are not issued for `url.parse()` vulnerabilities.
quality	Run actions/upload-artifact@ea165f8d65b6e75b540449e92b4886f43607fa02	2026-10-07T20:58:46.2837632Z Uploaded bytes 72093
quality	Run actions/upload-artifact@ea165f8d65b6e75b540449e92b4886f43607fa02	2026-10-07T20:58:46.3445246Z Finished uploading artifact content to blob storage!
quality	Run actions/upload-artifact@ea165f8d65b6e75b540449e92b4886f43607fa02	2026-10-07T20:58:46.3446083Z SHA256 digest of uploaded artifact zip is b5481684d541908134924cb5f61ef08aea5b6858be973d9cd15c14db0128cd9a
quality	Run actions/upload-artifact@ea165f8d65b6e75b540449e92b4886f43607fa02	2026-10-07T20:58:46.3447422Z Finalizing artifact upload
quality	Run actions/upload-artifact@ea165f8d65b6e75b540449e92b4886f43607fa02	2026-10-07T20:58:46.6102986Z Artifact evidence-f3505ef6432a20af60876255f3b5fe0d81e7e184.zip successfully finalized. Artifact ID 11512070020
quality	Run actions/upload-artifact@ea165f8d65b6e75b540449e92b4886f43607fa02	2026-10-07T20:58:46.6103956Z Artifact evidence-f3505ef6432a20af60876255f3b5fe0d81e7e184 has been successfully uploaded! Final size is 72093 bytes. Artifact ID is 11512070020
quality	Run actions/upload-artifact@ea165f8d65b6e75b540449e92b4886f43607fa02	2026-10-07T20:58:46.6109435Z Artifact download URL: https://github.com/hyunlord/bs-mobile/actions/runs/37685923896/artifacts/11512070020
quality	Post Run actions/setup-node@49933ea5288caeca8642d1e84afbd3f7d6820020	﻿2026-10-07T20:58:46.6259174Z Post job cleanup.
quality	Post Run actions/setup-node@49933ea5288caeca8642d1e84afbd3f7d6820020	2026-10-07T20:58:46.7211657Z (node:3316) [DEP0040] DeprecationWarning: The `punycode` module is deprecated. Please use a userland alternative instead.
quality	Post Run actions/setup-node@49933ea5288caeca8642d1e84afbd3f7d6820020	2026-10-07T20:58:46.7212850Z (Use `node --trace-deprecation ...` to show where the warning was created)
quality	Post Run actions/setup-node@49933ea5288caeca8642d1e84afbd3f7d6820020	2026-10-07T20:58:46.7214653Z Cache hit occurred on the primary key node-cache-Linux-x64-npm-cdb2da766a805e8f9ebcf60a145848332c0bb5aaf2bc7f6f00be2d7028f88b29, not saving cache.
quality	Post Run actions/setup-dotnet@67a3573c9a986a3f9c594539f4ab511d57bb3ce9	﻿2026-10-07T20:58:46.7323677Z Post job cleanup.
quality	Post Run actions/setup-dotnet@67a3573c9a986a3f9c594539f4ab511d57bb3ce9	2026-10-07T20:58:46.8272726Z (node:3324) [DEP0040] DeprecationWarning: The `punycode` module is deprecated. Please use a userland alternative instead.
quality	Post Run actions/setup-dotnet@67a3573c9a986a3f9c594539f4ab511d57bb3ce9	2026-10-07T20:58:46.8273481Z (Use `node --trace-deprecation ...` to show where the warning was created)
quality	Post Run actions/checkout@11d5960a326750d5838078e36cf38b85af677262	﻿2026-10-07T20:58:46.8409450Z Post job cleanup.
quality	Post Run actions/checkout@11d5960a326750d5838078e36cf38b85af677262	2026-10-07T20:58:46.9088518Z [command]/usr/bin/git version
quality	Post Run actions/checkout@11d5960a326750d5838078e36cf38b85af677262	2026-10-07T20:58:46.9125178Z git version 2.55.0
quality	Post Run actions/checkout@11d5960a326750d5838078e36cf38b85af677262	2026-10-07T20:58:46.9154181Z Temporarily overriding HOME='/home/runner/work/_temp/38e57b90-e231-4ffe-8cf3-c4ec9ee49db4' before making global git config changes
quality	Post Run actions/checkout@11d5960a326750d5838078e36cf38b85af677262	2026-10-07T20:58:46.9155959Z Adding repository directory to the temporary git global config as a safe directory
quality	Post Run actions/checkout@11d5960a326750d5838078e36cf38b85af677262	2026-10-07T20:58:46.9159359Z [command]/usr/bin/git config --global --add safe.directory /home/runner/work/bs-mobile/bs-mobile
quality	Post Run actions/checkout@11d5960a326750d5838078e36cf38b85af677262	2026-10-07T20:58:46.9191377Z [command]/usr/bin/git config --local --name-only --get-regexp core\.sshCommand
quality	Post Run actions/checkout@11d5960a326750d5838078e36cf38b85af677262	2026-10-07T20:58:46.9224028Z [command]/usr/bin/git submodule foreach --recursive sh -c "git config --local --name-only --get-regexp 'core\.sshCommand' && git config --local --unset-all 'core.sshCommand' || :"
quality	Post Run actions/checkout@11d5960a326750d5838078e36cf38b85af677262	2026-10-07T20:58:46.9483054Z [command]/usr/bin/git config --local --name-only --get-regexp http\.https\:\/\/github\.com\/\.extraheader
quality	Post Run actions/checkout@11d5960a326750d5838078e36cf38b85af677262	2026-10-07T20:58:46.9518732Z [command]/usr/bin/git submodule foreach --recursive sh -c "git config --local --name-only --get-regexp 'http\.https\:\/\/github\.com\/\.extraheader' && git config --local --unset-all 'http.https://github.com/.extraheader' || :"
quality	Post Run actions/checkout@11d5960a326750d5838078e36cf38b85af677262	2026-10-07T20:58:46.9808156Z [command]/usr/bin/git config --local --name-only --get-regexp ^includeIf\.gitdir:
quality	Post Run actions/checkout@11d5960a326750d5838078e36cf38b85af677262	2026-10-07T20:58:46.9847655Z [command]/usr/bin/git submodule foreach --recursive git config --local --show-origin --name-only --get-regexp remote.origin.url
quality	Complete job	﻿2026-10-07T20:58:47.0196978Z Cleaning up orphan processes
quality	Complete job	2026-10-07T20:58:47.0469513Z Terminate orphan process: pid (2583) (dotnet)
quality	Complete job	2026-10-07T20:58:47.0503326Z Terminate orphan process: pid (2664) (dotnet)
quality	Complete job	2026-10-07T20:58:47.0549384Z Terminate orphan process: pid (2665) (dotnet)
quality	Complete job	2026-10-07T20:58:47.0585673Z Terminate orphan process: pid (2667) (dotnet)
quality	Complete job	2026-10-07T20:58:47.0603093Z ##[warning]Node.js 20 is deprecated. The following actions target Node.js 20 but are being forced to run on Node.js 24: actions/checkout@11d5960a326750d5838078e36cf38b85af677262, actions/setup-dotnet@67a3573c9a986a3f9c594539f4ab511d57bb3ce9, actions/setup-node@49933ea5288caeca8642d1e84afbd3f7d6820020, actions/upload-artifact@ea165f8d65b6e75b540449e92b4886f43607fa02. For more information see: https://github.blog/changelog/2025-09-19-deprecation-of-node-20-on-github-actions-runners/
