
added 5 packages, and audited 6 packages in 336ms

2 packages are looking for funding
  run `npm fund` for details

found 0 vulnerabilities

> test
> node --test tools/test-content-validator.mjs

✔ valid schema and cross-record references pass (33.92175ms)
✔ rejects damage below minimum (13.27375ms)
✔ rejects unknown field (9.786708ms)
✔ rejects missing growth (9.130458ms)
✔ rejects missing activation (8.412375ms)
✔ rejects wrong scalar type (8.185334ms)
✔ rejects invalid namespace (7.736583ms)
✔ rejects unresolved hero tool (7.241625ms)
✔ rejects wrong-kind reference (8.090833ms)
✔ rejects unresolved estate tool (8.38125ms)
✔ rejects unresolved tuning hero (7.819666ms)
✔ rejects unresolved anti-synergy (8.564ms)
✔ rejects invalid schema (7.567916ms)
✔ rejects undeclared schema draft (7.281291ms)
✔ rejects unknown schema keyword (8.270834ms)
✔ recursively checks test content and global duplicate IDs (8.080334ms)
✔ rejects content without matching schema (7.225042ms)
✔ skin numbers fail even if schema permits arbitrary fields (8.180708ms)
✔ valid Draft2020 unevaluatedProperties is enforced (8.285959ms)
✔ rejects malformed JSON instead of silently skipping it (7.693125ms)
✔ S2 rejects season duration mismatch (34.265833ms)
✔ S2 rejects missing world numeric tuning (24.859ms)
✔ S2 rejects unresolved starting weapon (25.764125ms)
✔ S2 rejects excessive load (26.341291ms)
✔ S2 rejects map-incompatible spawn inset (30.823292ms)
✔ S2 rejects unsupported people rule (24.291334ms)
✔ S2 rejects wrong card count (22.864041ms)
✔ S2 rejects duplicate rarity names (22.9205ms)
✔ S2 rejects oversized squad (22.245167ms)
ℹ tests 29
ℹ suites 0
ℹ pass 29
ℹ fail 0
ℹ cancelled 0
ℹ skipped 0
ℹ todo 0
ℹ duration_ms 510.898958
✔ standalone missing issue (111.801083ms)
✔ inline missing issue (100.189208ms)
✔ block missing issue (99.736666ms)
✔ shell missing issue (100.742291ms)
✔ linked inline (102.054458ms)
✔ linked shell (104.608625ms)
ℹ tests 6
ℹ suites 0
ℹ pass 6
ℹ fail 0
ℹ cancelled 0
ℹ skipped 0
ℹ todo 0
ℹ duration_ms 691.032042

> validate
> node tools/validate-content.mjs

{
  "valid": true,
  "records": 17,
  "schemas": 6,
  "errors": []
}
metrics selftest PASS
PR policy: issue, ADR, template and comment checks passed
PASS BCL algorithm
PASS comments are not code
PASS engine unused import
PASS inactive branch engine
PASS inactive branch numeric
PASS engine alias
PASS content id literal
PASS content id escaped
PASS content id concatenated
PASS content id interpolated
PASS data id without namespace
PASS gameplay local
PASS gameplay const
PASS gameplay hexadecimal
PASS gameplay negative
PASS seeded random
PASS unseeded random
PASS implicit new random
PASS shared random
PASS clock alias
PASS clock static import
PASS random guid
PASS stopwatch
PASS exact algorithm constant exemption
ArchitectureGuard self-tests: 24/24 passed.
PASS repository PackageReference
PASS repository ProjectReference
PASS repository Reference
PASS repository FrameworkReference
PASS repository JSON-discovered content ID
PASS repository inherited package reference
ArchitectureGuard: 0 violation(s).
  복원할 프로젝트를 확인하는 중...
  복원할 모든 프로젝트가 최신 상태입니다.
  SowSiege.Core -> /Users/rexxa/bs-mobile/core/src/SowSiege.Core/bin/Release/net8.0/SowSiege.Core.dll
  SowSiege.Sim -> /Users/rexxa/bs-mobile/core/src/SowSiege.Sim/bin/Release/net8.0/SowSiege.Sim.dll
  SowSiege.Tests -> /Users/rexxa/bs-mobile/core/tests/SowSiege.Tests/bin/Release/net8.0/SowSiege.Tests.dll
  SowSiege.Bench -> /Users/rexxa/bs-mobile/core/bench/SowSiege.Bench/bin/Release/net8.0/SowSiege.Bench.dll

빌드했습니다.
    경고 0개
    오류 0개

경과 시간: 00:00:00.57
/Users/rexxa/bs-mobile/core/tests/SowSiege.Tests/bin/Release/net8.0/SowSiege.Tests.dll(.NETCoreApp,Version=v8.0)에 대한 테스트 실행
VSTest 버전 17.11.1 (arm64)

테스트 실행을 시작하는 중입니다. 잠시 기다려 주세요...
지정된 패턴과 일치한 총 테스트 파일 수는 1개입니다.
경고: 결과 파일을 덮어쓰는 중: /Users/rexxa/bs-mobile/artifacts/tests/tests.trx
결과 파일: /Users/rexxa/bs-mobile/artifacts/tests/tests.trx

통과!  - 실패:     0, 통과:    29, 건너뜀:     0, 전체:    29, 기간: 4 s - SowSiege.Tests.dll (net8.0)
S2 smoke: 18 policy/seed cases × 3 deterministic repeats; 900 tick cap; policy damage CV=0.02705842682220579; diagnostic only, not S4 balance.
