Refreshing checks status every 10 seconds. Press Ctrl+C to quit.

quality	pending	0	https://github.com/hyunlord/bs-mobile/actions/runs/37679734407/job/112992328940	
secrets	pending	0	https://github.com/hyunlord/bs-mobile/actions/runs/37679734407/job/112992329409	
Refreshing checks status every 10 seconds. Press Ctrl+C to quit.

secrets	pass	8s	https://github.com/hyunlord/bs-mobile/actions/runs/37679734407/job/112992329409	
quality	pending	0	https://github.com/hyunlord/bs-mobile/actions/runs/37679734407/job/112992328940	
Refreshing checks status every 10 seconds. Press Ctrl+C to quit.

quality	pending	0	https://github.com/hyunlord/bs-mobile/actions/runs/37679734407/job/112992328940	
secrets	pass	8s	https://github.com/hyunlord/bs-mobile/actions/runs/37679734407/job/112992329409	
Refreshing checks status every 10 seconds. Press Ctrl+C to quit.

quality	pending	0	https://github.com/hyunlord/bs-mobile/actions/runs/37679734407/job/112992328940	
secrets	pass	8s	https://github.com/hyunlord/bs-mobile/actions/runs/37679734407/job/112992329409	
Refreshing checks status every 10 seconds. Press Ctrl+C to quit.

quality	pending	0	https://github.com/hyunlord/bs-mobile/actions/runs/37679734407/job/112992328940	
secrets	pass	8s	https://github.com/hyunlord/bs-mobile/actions/runs/37679734407/job/112992329409	
Refreshing checks status every 10 seconds. Press Ctrl+C to quit.

quality	pending	0	https://github.com/hyunlord/bs-mobile/actions/runs/37679734407/job/112992328940	
secrets	pass	8s	https://github.com/hyunlord/bs-mobile/actions/runs/37679734407/job/112992329409	
Refreshing checks status every 10 seconds. Press Ctrl+C to quit.

quality	pending	0	https://github.com/hyunlord/bs-mobile/actions/runs/37679734407/job/112992328940	
secrets	pass	8s	https://github.com/hyunlord/bs-mobile/actions/runs/37679734407/job/112992329409	
Refreshing checks status every 10 seconds. Press Ctrl+C to quit.

quality	pending	0	https://github.com/hyunlord/bs-mobile/actions/runs/37679734407/job/112992328940	
secrets	pass	8s	https://github.com/hyunlord/bs-mobile/actions/runs/37679734407/job/112992329409	
Refreshing checks status every 10 seconds. Press Ctrl+C to quit.

quality	pending	0	https://github.com/hyunlord/bs-mobile/actions/runs/37679734407/job/112992328940	
secrets	pass	8s	https://github.com/hyunlord/bs-mobile/actions/runs/37679734407/job/112992329409	
quality	pass	1m27s	https://github.com/hyunlord/bs-mobile/actions/runs/37679734407/job/112992328940	
secrets	pass	8s	https://github.com/hyunlord/bs-mobile/actions/runs/37679734407/job/112992329409	
quality	pass	1m27s	https://github.com/hyunlord/bs-mobile/actions/runs/37679734407/job/112992328940	
secrets	pass	8s	https://github.com/hyunlord/bs-mobile/actions/runs/37679734407/job/112992329409	
