// Validating benchmarks:
// ***** BenchmarkRunner: Start   *****
// ***** Found 1 benchmark(s) in total *****
// ***** Building 1 exe(s) in Parallel: Start   *****
// start dotnet  restore /p:UseSharedCompilation=false /p:BuildInParallel=false /m:1 /p:Deterministic=true /p:Optimize=true /p:IntermediateOutputPath="/Users/rexxa/bs-mobile/core/bench/SowSiege.Bench/bin/Release/net8.0/aaccc14f-22f7-40e2-acd5-e5bfd558839c/obj/Release/net8.0/" /p:OutDir="/Users/rexxa/bs-mobile/core/bench/SowSiege.Bench/bin/Release/net8.0/aaccc14f-22f7-40e2-acd5-e5bfd558839c/bin/Release/net8.0/" /p:OutputPath="/Users/rexxa/bs-mobile/core/bench/SowSiege.Bench/bin/Release/net8.0/aaccc14f-22f7-40e2-acd5-e5bfd558839c/bin/Release/net8.0/" in /Users/rexxa/bs-mobile/core/bench/SowSiege.Bench/bin/Release/net8.0/aaccc14f-22f7-40e2-acd5-e5bfd558839c
// command took 1.51 sec and exited with 0
// start dotnet  build -c Release --no-restore /p:UseSharedCompilation=false /p:BuildInParallel=false /m:1 /p:Deterministic=true /p:Optimize=true /p:IntermediateOutputPath="/Users/rexxa/bs-mobile/core/bench/SowSiege.Bench/bin/Release/net8.0/aaccc14f-22f7-40e2-acd5-e5bfd558839c/obj/Release/net8.0/" /p:OutDir="/Users/rexxa/bs-mobile/core/bench/SowSiege.Bench/bin/Release/net8.0/aaccc14f-22f7-40e2-acd5-e5bfd558839c/bin/Release/net8.0/" /p:OutputPath="/Users/rexxa/bs-mobile/core/bench/SowSiege.Bench/bin/Release/net8.0/aaccc14f-22f7-40e2-acd5-e5bfd558839c/bin/Release/net8.0/" --output "/Users/rexxa/bs-mobile/core/bench/SowSiege.Bench/bin/Release/net8.0/aaccc14f-22f7-40e2-acd5-e5bfd558839c/bin/Release/net8.0/" in /Users/rexxa/bs-mobile/core/bench/SowSiege.Bench/bin/Release/net8.0/aaccc14f-22f7-40e2-acd5-e5bfd558839c
// command took 5.01 sec and exited with 0
// ***** Done, took 00:00:06 (6.57 sec)   *****
// Found 1 benchmarks:
//   GameplayBenchmarks.'S2 actual load tick; entity refill and count assertions included': ShortRun(InvocationCount=1, IterationCount=3, LaunchCount=1, UnrollFactor=1, WarmupCount=3)

// **************************
// Benchmark: GameplayBenchmarks.'S2 actual load tick; entity refill and count assertions included': ShortRun(InvocationCount=1, IterationCount=3, LaunchCount=1, UnrollFactor=1, WarmupCount=3)
// *** Execute ***
// Launch: 1 / 1
// Execute: dotnet aaccc14f-22f7-40e2-acd5-e5bfd558839c.dll --anonymousPipes 114 115 --benchmarkName GameplayBenchmarks.LoadedTick --job ShortRun --benchmarkId 0 in /Users/rexxa/bs-mobile/core/bench/SowSiege.Bench/bin/Release/net8.0/aaccc14f-22f7-40e2-acd5-e5bfd558839c/bin/Release/net8.0
// Failed to set up high priority (Permission denied). In order to run benchmarks with high priority, make sure you have the right permissions.
// BeforeAnythingElse

// Benchmark Process Environment Information:
// BenchmarkDotNet v0.14.0
// Runtime=.NET 8.0.31 (8.0.3126.42015), Arm64 RyuJIT AdvSIMD
// GC=Concurrent Workstation
// HardwareIntrinsics=AdvSIMD,AES,CRC32,DP,RDM,SHA1,SHA256 VectorSize=128
// Job: ShortRun(InvocationCount=1, IterationCount=3, LaunchCount=1, UnrollFactor=1, WarmupCount=3)

OverheadJitting  1: 1 op, 130708.00 ns, 130.7080 us/op
WorkloadJitting  1: 1 op, 4157667.00 ns, 4.1577 ms/op

OverheadWarmup   1: 1 op, 250.00 ns, 250.0000 ns/op
OverheadWarmup   2: 1 op, 209.00 ns, 209.0000 ns/op
OverheadWarmup   3: 1 op, 125.00 ns, 125.0000 ns/op
OverheadWarmup   4: 1 op, 84.00 ns, 84.0000 ns/op
OverheadWarmup   5: 1 op, 84.00 ns, 84.0000 ns/op
OverheadWarmup   6: 1 op, 83.00 ns, 83.0000 ns/op
OverheadWarmup   7: 1 op, 166.00 ns, 166.0000 ns/op
OverheadWarmup   8: 1 op, 125.00 ns, 125.0000 ns/op

OverheadActual   1: 1 op, 125.00 ns, 125.0000 ns/op
OverheadActual   2: 1 op, 83.00 ns, 83.0000 ns/op
OverheadActual   3: 1 op, 167.00 ns, 167.0000 ns/op
OverheadActual   4: 1 op, 84.00 ns, 84.0000 ns/op
OverheadActual   5: 1 op, 41.00 ns, 41.0000 ns/op
OverheadActual   6: 1 op, 42.00 ns, 42.0000 ns/op
OverheadActual   7: 1 op, 83.00 ns, 83.0000 ns/op
OverheadActual   8: 1 op, 125.00 ns, 125.0000 ns/op
OverheadActual   9: 1 op, 42.00 ns, 42.0000 ns/op
OverheadActual  10: 1 op, 0.00 ns, 0.0000 ns/op
OverheadActual  11: 1 op, 125.00 ns, 125.0000 ns/op
OverheadActual  12: 1 op, 250.00 ns, 250.0000 ns/op
OverheadActual  13: 1 op, 42.00 ns, 42.0000 ns/op
OverheadActual  14: 1 op, 333.00 ns, 333.0000 ns/op
OverheadActual  15: 1 op, 42.00 ns, 42.0000 ns/op
OverheadActual  16: 1 op, 41.00 ns, 41.0000 ns/op
OverheadActual  17: 1 op, 41.00 ns, 41.0000 ns/op
OverheadActual  18: 1 op, 42.00 ns, 42.0000 ns/op
OverheadActual  19: 1 op, 208.00 ns, 208.0000 ns/op
OverheadActual  20: 1 op, 125.00 ns, 125.0000 ns/op

WorkloadWarmup   1: 1 op, 4881375.00 ns, 4.8814 ms/op
WorkloadWarmup   2: 1 op, 4769458.00 ns, 4.7695 ms/op
WorkloadWarmup   3: 1 op, 894125.00 ns, 894.1250 us/op

// BeforeActualRun
WorkloadActual   1: 1 op, 964917.00 ns, 964.9170 us/op
WorkloadActual   2: 1 op, 862083.00 ns, 862.0830 us/op
WorkloadActual   3: 1 op, 868708.00 ns, 868.7080 us/op

// AfterActualRun
WorkloadResult   1: 1 op, 964834.00 ns, 964.8340 us/op
WorkloadResult   2: 1 op, 862000.00 ns, 862.0000 us/op
WorkloadResult   3: 1 op, 868625.00 ns, 868.6250 us/op
// GC:  0 0 0 497960 1
// Threading:  0 0 1

// AfterAll
// Benchmark Process 79016 has exited with code 0.

Mean = 898.486 us, StdErr = 33.229 us (3.70%), N = 3, StdDev = 57.554 us
Min = 862.000 us, Q1 = 865.312 us, Median = 868.625 us, Q3 = 916.730 us, Max = 964.834 us
IQR = 51.417 us, LowerFence = 788.187 us, UpperFence = 993.855 us
ConfidenceInterval = [-151.516 us; 1,948.489 us] (CI 99.9%), Margin = 1,050.002 us (116.86% of Mean)
Skewness = 0.38, Kurtosis = 0.67, MValue = 2

// ** Remained 0 (0.0%) benchmark(s) to run. Estimated finish 2026-10-08 5:59 (0h 0m from now) **
// ***** BenchmarkRunner: Finish  *****

// * Export *
  BenchmarkDotNet.Artifacts/results/GameplayBenchmarks-report.csv
  BenchmarkDotNet.Artifacts/results/GameplayBenchmarks-report-github.md
  BenchmarkDotNet.Artifacts/results/GameplayBenchmarks-report.html
  BenchmarkDotNet.Artifacts/results/GameplayBenchmarks-report-full-compressed.json

// * Detailed results *
GameplayBenchmarks.'S2 actual load tick; entity refill and count assertions included': ShortRun(InvocationCount=1, IterationCount=3, LaunchCount=1, UnrollFactor=1, WarmupCount=3)
Runtime = .NET 8.0.31 (8.0.3126.42015), Arm64 RyuJIT AdvSIMD; GC = Concurrent Workstation
Mean = 898.486 us, StdErr = 33.229 us (3.70%), N = 3, StdDev = 57.554 us
Min = 862.000 us, Q1 = 865.312 us, Median = 868.625 us, Q3 = 916.730 us, Max = 964.834 us
IQR = 51.417 us, LowerFence = 788.187 us, UpperFence = 993.855 us
ConfidenceInterval = [-151.516 us; 1,948.489 us] (CI 99.9%), Margin = 1,050.002 us (116.86% of Mean)
Skewness = 0.38, Kurtosis = 0.67, MValue = 2
-------------------- Histogram --------------------
[861.041 us ; 965.793 us) | @@@
---------------------------------------------------

// * Summary *

BenchmarkDotNet v0.14.0, macOS 26.4.1 (25E253) [Darwin 25.4.0]
Apple M4 Max, 1 CPU, 14 logical and 14 physical cores
.NET SDK 8.0.425
  [Host]   : .NET 8.0.31 (8.0.3126.42015), Arm64 RyuJIT AdvSIMD
  ShortRun : .NET 8.0.31 (8.0.3126.42015), Arm64 RyuJIT AdvSIMD

Job=ShortRun  InvocationCount=1  IterationCount=3  
LaunchCount=1  UnrollFactor=1  WarmupCount=3  

| Method                                                             | Mean     | Error      | StdDev   | Allocated |
|------------------------------------------------------------------- |---------:|-----------:|---------:|----------:|
| 'S2 actual load tick; entity refill and count assertions included' | 898.5 us | 1,050.0 us | 57.55 us | 486.29 KB |

// * Warnings *
MinIterationTime
  GameplayBenchmarks.'S2 actual load tick; entity refill and count assertions included': ShortRun -> The minimum observed iteration time is 862.083us which is very small. It's recommended to increase it to at least 100ms using more operations.

// * Legends *
  Mean      : Arithmetic mean of all measurements
  Error     : Half of 99.9% confidence interval
  StdDev    : Standard deviation of all measurements
  Allocated : Allocated memory per single operation (managed only, inclusive, 1KB = 1024B)
  1 us      : 1 Microsecond (0.000001 sec)

// * Diagnostic Output - MemoryDiagnoser *


// ***** BenchmarkRunner: End *****
Run time: 00:00:01 (1.2 sec), executed benchmarks: 1

Global total time: 00:00:07 (7.92 sec), executed benchmarks: 1
// * Artifacts cleanup *
Artifacts cleanup is finished
