PASS worker-buff old=0 deadline=10100 applied=100 count=1 expectedDeadline=10100 expectedApplied=100
PASS worker-buff old=9900 deadline=10100 applied=100 count=1 expectedDeadline=10100 expectedApplied=100
PASS worker-buff old=10050 deadline=10100 applied=50 count=1 expectedDeadline=10100 expectedApplied=50
PASS worker-buff old=10500 deadline=10500 applied=0 count=0 expectedDeadline=10500 expectedApplied=0
PASS rally-returners old=0 deadline=10100 applied=100 count=1 expectedDeadline=10100 expectedApplied=100
PASS rally-returners old=9900 deadline=10100 applied=100 count=1 expectedDeadline=10100 expectedApplied=100
PASS rally-returners old=10050 deadline=10100 applied=50 count=1 expectedDeadline=10100 expectedApplied=50
PASS rally-returners old=10500 deadline=10500 applied=0 count=0 expectedDeadline=10500 expectedApplied=0
PASS pause-neighbor-growth old=0 deadline=10100 applied=100 count=1 expectedDeadline=10100 expectedApplied=100
PASS pause-neighbor-growth old=9900 deadline=10100 applied=100 count=1 expectedDeadline=10100 expectedApplied=100
PASS pause-neighbor-growth old=10050 deadline=10100 applied=50 count=1 expectedDeadline=10100 expectedApplied=50
PASS pause-neighbor-growth old=10500 deadline=10500 applied=0 count=0 expectedDeadline=10500 expectedApplied=0
PASS extend-duty old=0 deadline=10100 applied=100 count=1 expectedDeadline=10100 expectedApplied=100
PASS extend-duty old=9900 deadline=10100 applied=100 count=1 expectedDeadline=10100 expectedApplied=100
PASS extend-duty old=10050 deadline=10150 applied=100 count=1 expectedDeadline=10150 expectedApplied=100
PASS extend-duty old=10500 deadline=10600 applied=100 count=1 expectedDeadline=10600 expectedApplied=100
PASS guard-return old=0 deadline=10100 applied=100 count=1 expectedDeadline=10100 expectedApplied=100
PASS guard-return old=9900 deadline=10100 applied=100 count=1 expectedDeadline=10100 expectedApplied=100
PASS guard-return old=10050 deadline=10150 applied=100 count=1 expectedDeadline=10150 expectedApplied=100
PASS guard-return old=10500 deadline=10600 applied=100 count=1 expectedDeadline=10600 expectedApplied=100
PASS actual scaffold_step building-only=0 building+people=1
Failures=0
