archive	Set up job	﻿2026-10-07T20:19:33.5234346Z Current runner version: '2.337.0'
archive	Set up job	2026-10-07T20:19:33.5261227Z ##[group]Runner Image Provisioner
archive	Set up job	2026-10-07T20:19:33.5262197Z Hosted Compute Agent
archive	Set up job	2026-10-07T20:19:33.5262983Z Version: 20260901.588
archive	Set up job	2026-10-07T20:19:33.5263721Z Commit: f88ec8081b781fac6c440065ac7ff9e710ce3d0b
archive	Set up job	2026-10-07T20:19:33.5264557Z Build Date: 2026-09-01T19:56:44Z
archive	Set up job	2026-10-07T20:19:33.5265339Z Worker ID: {0f0c805c-8c0d-4fc9-bc3c-2c9467dd10be}
archive	Set up job	2026-10-07T20:19:33.5266100Z Azure Region: northcentralus
archive	Set up job	2026-10-07T20:19:33.5266726Z ##[endgroup]
archive	Set up job	2026-10-07T20:19:33.5268128Z ##[group]Operating System
archive	Set up job	2026-10-07T20:19:33.5269149Z Ubuntu
archive	Set up job	2026-10-07T20:19:33.5269797Z 24.04.5
archive	Set up job	2026-10-07T20:19:33.5270371Z LTS
archive	Set up job	2026-10-07T20:19:33.5270949Z ##[endgroup]
archive	Set up job	2026-10-07T20:19:33.5271611Z ##[group]Runner Image
archive	Set up job	2026-10-07T20:19:33.5272293Z Image: ubuntu-24.04
archive	Set up job	2026-10-07T20:19:33.5272936Z Version: 20260927.320.1
archive	Set up job	2026-10-07T20:19:33.5274057Z Included Software: https://github.com/actions/runner-images/blob/ubuntu24/20260927.320/images/ubuntu/Ubuntu2404-Readme.md
archive	Set up job	2026-10-07T20:19:33.5275940Z Image Release: https://github.com/actions/runner-images/releases/tag/ubuntu24%2F20260927.320
archive	Set up job	2026-10-07T20:19:33.5276943Z ##[endgroup]
archive	Set up job	2026-10-07T20:19:33.5278211Z ##[group]GITHUB_TOKEN Permissions
archive	Set up job	2026-10-07T20:19:33.5280496Z Actions: read
archive	Set up job	2026-10-07T20:19:33.5281337Z Contents: write
archive	Set up job	2026-10-07T20:19:33.5281995Z Metadata: read
archive	Set up job	2026-10-07T20:19:33.5282593Z ##[endgroup]
archive	Set up job	2026-10-07T20:19:33.5284688Z Secret source: Actions
archive	Set up job	2026-10-07T20:19:33.5285719Z Cache mode: write
archive	Set up job	2026-10-07T20:19:33.5286555Z Prepare workflow directory
archive	Set up job	2026-10-07T20:19:33.5724236Z Prepare all required actions
archive	Set up job	2026-10-07T20:19:33.5774684Z Getting action download info
archive	Set up job	2026-10-07T20:19:33.8113655Z Download action repository 'actions/checkout@11d5960a326750d5838078e36cf38b85af677262' (SHA:11d5960a326750d5838078e36cf38b85af677262)
archive	Set up job	2026-10-07T20:19:33.9003093Z Download action repository 'actions/setup-node@49933ea5288caeca8642d1e84afbd3f7d6820020' (SHA:49933ea5288caeca8642d1e84afbd3f7d6820020)
archive	Set up job	2026-10-07T20:19:34.0957382Z Complete job name: archive
archive	Run actions/checkout@11d5960a326750d5838078e36cf38b85af677262	﻿2026-10-07T20:19:34.1721698Z ##[group]Run actions/checkout@11d5960a326750d5838078e36cf38b85af677262
archive	Run actions/checkout@11d5960a326750d5838078e36cf38b85af677262	2026-10-07T20:19:34.1722756Z with:
archive	Run actions/checkout@11d5960a326750d5838078e36cf38b85af677262	2026-10-07T20:19:34.1723211Z   ref: main
archive	Run actions/checkout@11d5960a326750d5838078e36cf38b85af677262	2026-10-07T20:19:34.1723669Z   persist-credentials: false
archive	Run actions/checkout@11d5960a326750d5838078e36cf38b85af677262	2026-10-07T20:19:34.1724218Z   repository: hyunlord/bs-mobile
archive	Run actions/checkout@11d5960a326750d5838078e36cf38b85af677262	2026-10-07T20:19:34.1728349Z   token: ***
archive	Run actions/checkout@11d5960a326750d5838078e36cf38b85af677262	2026-10-07T20:19:34.1729022Z   ssh-strict: true
archive	Run actions/checkout@11d5960a326750d5838078e36cf38b85af677262	2026-10-07T20:19:34.1729488Z   ssh-user: git
archive	Run actions/checkout@11d5960a326750d5838078e36cf38b85af677262	2026-10-07T20:19:34.1729929Z   clean: true
archive	Run actions/checkout@11d5960a326750d5838078e36cf38b85af677262	2026-10-07T20:19:34.1730396Z   sparse-checkout-cone-mode: true
archive	Run actions/checkout@11d5960a326750d5838078e36cf38b85af677262	2026-10-07T20:19:34.1730934Z   fetch-depth: 1
archive	Run actions/checkout@11d5960a326750d5838078e36cf38b85af677262	2026-10-07T20:19:34.1731381Z   fetch-tags: false
archive	Run actions/checkout@11d5960a326750d5838078e36cf38b85af677262	2026-10-07T20:19:34.1731838Z   show-progress: true
archive	Run actions/checkout@11d5960a326750d5838078e36cf38b85af677262	2026-10-07T20:19:34.1732297Z   lfs: false
archive	Run actions/checkout@11d5960a326750d5838078e36cf38b85af677262	2026-10-07T20:19:34.1732720Z   submodules: false
archive	Run actions/checkout@11d5960a326750d5838078e36cf38b85af677262	2026-10-07T20:19:34.1733180Z   set-safe-directory: true
archive	Run actions/checkout@11d5960a326750d5838078e36cf38b85af677262	2026-10-07T20:19:34.1733699Z   allow-unsafe-pr-checkout: false
archive	Run actions/checkout@11d5960a326750d5838078e36cf38b85af677262	2026-10-07T20:19:34.1734442Z ##[endgroup]
archive	Run actions/checkout@11d5960a326750d5838078e36cf38b85af677262	2026-10-07T20:19:34.2746445Z Syncing repository: hyunlord/bs-mobile
archive	Run actions/checkout@11d5960a326750d5838078e36cf38b85af677262	2026-10-07T20:19:34.2749249Z ##[group]Getting Git version info
archive	Run actions/checkout@11d5960a326750d5838078e36cf38b85af677262	2026-10-07T20:19:34.2750465Z Working directory is '/home/runner/work/bs-mobile/bs-mobile'
archive	Run actions/checkout@11d5960a326750d5838078e36cf38b85af677262	2026-10-07T20:19:34.2752058Z [command]/usr/bin/git version
archive	Run actions/checkout@11d5960a326750d5838078e36cf38b85af677262	2026-10-07T20:19:34.2781038Z git version 2.55.0
archive	Run actions/checkout@11d5960a326750d5838078e36cf38b85af677262	2026-10-07T20:19:34.2802132Z ##[endgroup]
archive	Run actions/checkout@11d5960a326750d5838078e36cf38b85af677262	2026-10-07T20:19:34.2816100Z Temporarily overriding HOME='/home/runner/work/_temp/745cecfb-0041-4041-a249-e90595f36aa8' before making global git config changes
archive	Run actions/checkout@11d5960a326750d5838078e36cf38b85af677262	2026-10-07T20:19:34.2818337Z Adding repository directory to the temporary git global config as a safe directory
archive	Run actions/checkout@11d5960a326750d5838078e36cf38b85af677262	2026-10-07T20:19:34.2823102Z [command]/usr/bin/git config --global --add safe.directory /home/runner/work/bs-mobile/bs-mobile
archive	Run actions/checkout@11d5960a326750d5838078e36cf38b85af677262	2026-10-07T20:19:34.2878423Z Deleting the contents of '/home/runner/work/bs-mobile/bs-mobile'
archive	Run actions/checkout@11d5960a326750d5838078e36cf38b85af677262	2026-10-07T20:19:34.2883523Z ##[group]Initializing the repository
archive	Run actions/checkout@11d5960a326750d5838078e36cf38b85af677262	2026-10-07T20:19:34.2891379Z [command]/usr/bin/git init /home/runner/work/bs-mobile/bs-mobile
archive	Run actions/checkout@11d5960a326750d5838078e36cf38b85af677262	2026-10-07T20:19:34.2980005Z hint: Using 'master' as the name for the initial branch. This default branch name
archive	Run actions/checkout@11d5960a326750d5838078e36cf38b85af677262	2026-10-07T20:19:34.2981693Z hint: will change to "main" in Git 3.0. To configure the initial branch name
archive	Run actions/checkout@11d5960a326750d5838078e36cf38b85af677262	2026-10-07T20:19:34.2982931Z hint: to use in all of your new repositories, which will suppress this warning,
archive	Run actions/checkout@11d5960a326750d5838078e36cf38b85af677262	2026-10-07T20:19:34.2983720Z hint: call:
archive	Run actions/checkout@11d5960a326750d5838078e36cf38b85af677262	2026-10-07T20:19:34.2984185Z hint:
archive	Run actions/checkout@11d5960a326750d5838078e36cf38b85af677262	2026-10-07T20:19:34.2984759Z hint: 	git config --global init.defaultBranch <name>
archive	Run actions/checkout@11d5960a326750d5838078e36cf38b85af677262	2026-10-07T20:19:34.2985737Z hint:
archive	Run actions/checkout@11d5960a326750d5838078e36cf38b85af677262	2026-10-07T20:19:34.2986391Z hint: Names commonly chosen instead of 'master' are 'main', 'trunk' and
archive	Run actions/checkout@11d5960a326750d5838078e36cf38b85af677262	2026-10-07T20:19:34.2987372Z hint: 'development'. The just-created branch can be renamed via this command:
archive	Run actions/checkout@11d5960a326750d5838078e36cf38b85af677262	2026-10-07T20:19:34.2988154Z hint:
archive	Run actions/checkout@11d5960a326750d5838078e36cf38b85af677262	2026-10-07T20:19:34.2988840Z hint: 	git branch -m <name>
archive	Run actions/checkout@11d5960a326750d5838078e36cf38b85af677262	2026-10-07T20:19:34.2989387Z hint:
archive	Run actions/checkout@11d5960a326750d5838078e36cf38b85af677262	2026-10-07T20:19:34.2990076Z hint: Disable this message with "git config set advice.defaultBranchName false"
archive	Run actions/checkout@11d5960a326750d5838078e36cf38b85af677262	2026-10-07T20:19:34.3005449Z Initialized empty Git repository in /home/runner/work/bs-mobile/bs-mobile/.git/
archive	Run actions/checkout@11d5960a326750d5838078e36cf38b85af677262	2026-10-07T20:19:34.3010079Z [command]/usr/bin/git remote add origin https://github.com/hyunlord/bs-mobile
archive	Run actions/checkout@11d5960a326750d5838078e36cf38b85af677262	2026-10-07T20:19:34.3057291Z ##[endgroup]
archive	Run actions/checkout@11d5960a326750d5838078e36cf38b85af677262	2026-10-07T20:19:34.3059103Z ##[group]Disabling automatic garbage collection
archive	Run actions/checkout@11d5960a326750d5838078e36cf38b85af677262	2026-10-07T20:19:34.3061256Z [command]/usr/bin/git config --local gc.auto 0
archive	Run actions/checkout@11d5960a326750d5838078e36cf38b85af677262	2026-10-07T20:19:34.3096518Z ##[endgroup]
archive	Run actions/checkout@11d5960a326750d5838078e36cf38b85af677262	2026-10-07T20:19:34.3097999Z ##[group]Setting up auth
archive	Run actions/checkout@11d5960a326750d5838078e36cf38b85af677262	2026-10-07T20:19:34.3104218Z [command]/usr/bin/git config --local --name-only --get-regexp core\.sshCommand
archive	Run actions/checkout@11d5960a326750d5838078e36cf38b85af677262	2026-10-07T20:19:34.3139466Z [command]/usr/bin/git submodule foreach --recursive sh -c "git config --local --name-only --get-regexp 'core\.sshCommand' && git config --local --unset-all 'core.sshCommand' || :"
archive	Run actions/checkout@11d5960a326750d5838078e36cf38b85af677262	2026-10-07T20:19:34.3491256Z [command]/usr/bin/git config --local --name-only --get-regexp http\.https\:\/\/github\.com\/\.extraheader
archive	Run actions/checkout@11d5960a326750d5838078e36cf38b85af677262	2026-10-07T20:19:34.3531964Z [command]/usr/bin/git submodule foreach --recursive sh -c "git config --local --name-only --get-regexp 'http\.https\:\/\/github\.com\/\.extraheader' && git config --local --unset-all 'http.https://github.com/.extraheader' || :"
archive	Run actions/checkout@11d5960a326750d5838078e36cf38b85af677262	2026-10-07T20:19:34.3784997Z [command]/usr/bin/git config --local --name-only --get-regexp ^includeIf\.gitdir:
archive	Run actions/checkout@11d5960a326750d5838078e36cf38b85af677262	2026-10-07T20:19:34.3823862Z [command]/usr/bin/git submodule foreach --recursive git config --local --show-origin --name-only --get-regexp remote.origin.url
archive	Run actions/checkout@11d5960a326750d5838078e36cf38b85af677262	2026-10-07T20:19:34.4068189Z [command]/usr/bin/git config --local http.https://github.com/.extraheader AUTHORIZATION: basic ***
archive	Run actions/checkout@11d5960a326750d5838078e36cf38b85af677262	2026-10-07T20:19:34.4113549Z ##[endgroup]
archive	Run actions/checkout@11d5960a326750d5838078e36cf38b85af677262	2026-10-07T20:19:34.4114801Z ##[group]Fetching the repository
archive	Run actions/checkout@11d5960a326750d5838078e36cf38b85af677262	2026-10-07T20:19:34.4123819Z [command]/usr/bin/git -c protocol.version=2 fetch --no-tags --prune --no-recurse-submodules --depth=1 origin +refs/heads/main*:refs/remotes/origin/main* +refs/tags/main*:refs/tags/main*
archive	Run actions/checkout@11d5960a326750d5838078e36cf38b85af677262	2026-10-07T20:19:34.8183258Z From https://github.com/hyunlord/bs-mobile
archive	Run actions/checkout@11d5960a326750d5838078e36cf38b85af677262	2026-10-07T20:19:34.8184312Z  * [new branch]      main       -> origin/main
archive	Run actions/checkout@11d5960a326750d5838078e36cf38b85af677262	2026-10-07T20:19:34.8187602Z ##[endgroup]
archive	Run actions/checkout@11d5960a326750d5838078e36cf38b85af677262	2026-10-07T20:19:34.8188918Z ##[group]Determining the checkout info
archive	Run actions/checkout@11d5960a326750d5838078e36cf38b85af677262	2026-10-07T20:19:34.8195501Z [command]/usr/bin/git branch --list --remote origin/main
archive	Run actions/checkout@11d5960a326750d5838078e36cf38b85af677262	2026-10-07T20:19:34.8225828Z   origin/main
archive	Run actions/checkout@11d5960a326750d5838078e36cf38b85af677262	2026-10-07T20:19:34.8231597Z ##[endgroup]
archive	Run actions/checkout@11d5960a326750d5838078e36cf38b85af677262	2026-10-07T20:19:34.8236881Z [command]/usr/bin/git sparse-checkout disable
archive	Run actions/checkout@11d5960a326750d5838078e36cf38b85af677262	2026-10-07T20:19:34.8289794Z [command]/usr/bin/git config --local --unset-all extensions.worktreeConfig
archive	Run actions/checkout@11d5960a326750d5838078e36cf38b85af677262	2026-10-07T20:19:34.8332444Z ##[group]Checking out the ref
archive	Run actions/checkout@11d5960a326750d5838078e36cf38b85af677262	2026-10-07T20:19:34.8336985Z [command]/usr/bin/git checkout --progress --force -B main refs/remotes/origin/main
archive	Run actions/checkout@11d5960a326750d5838078e36cf38b85af677262	2026-10-07T20:19:34.8440881Z Switched to a new branch 'main'
archive	Run actions/checkout@11d5960a326750d5838078e36cf38b85af677262	2026-10-07T20:19:34.8446199Z branch 'main' set up to track 'origin/main'.
archive	Run actions/checkout@11d5960a326750d5838078e36cf38b85af677262	2026-10-07T20:19:34.8451785Z ##[endgroup]
archive	Run actions/checkout@11d5960a326750d5838078e36cf38b85af677262	2026-10-07T20:19:34.8493055Z [command]/usr/bin/git log -1 --format=%H
archive	Run actions/checkout@11d5960a326750d5838078e36cf38b85af677262	2026-10-07T20:19:34.8523164Z 678e0b517a9e3a2fd048137531c4cfdfc8302b41
archive	Run actions/checkout@11d5960a326750d5838078e36cf38b85af677262	2026-10-07T20:19:34.8532387Z ##[group]Removing auth
archive	Run actions/checkout@11d5960a326750d5838078e36cf38b85af677262	2026-10-07T20:19:34.8535981Z [command]/usr/bin/git config --local --name-only --get-regexp core\.sshCommand
archive	Run actions/checkout@11d5960a326750d5838078e36cf38b85af677262	2026-10-07T20:19:34.8570830Z [command]/usr/bin/git submodule foreach --recursive sh -c "git config --local --name-only --get-regexp 'core\.sshCommand' && git config --local --unset-all 'core.sshCommand' || :"
archive	Run actions/checkout@11d5960a326750d5838078e36cf38b85af677262	2026-10-07T20:19:34.8810048Z [command]/usr/bin/git config --local --name-only --get-regexp http\.https\:\/\/github\.com\/\.extraheader
archive	Run actions/checkout@11d5960a326750d5838078e36cf38b85af677262	2026-10-07T20:19:34.8839586Z http.https://github.com/.extraheader
archive	Run actions/checkout@11d5960a326750d5838078e36cf38b85af677262	2026-10-07T20:19:34.8847074Z [command]/usr/bin/git config --local --unset-all http.https://github.com/.extraheader
archive	Run actions/checkout@11d5960a326750d5838078e36cf38b85af677262	2026-10-07T20:19:34.8884256Z [command]/usr/bin/git submodule foreach --recursive sh -c "git config --local --name-only --get-regexp 'http\.https\:\/\/github\.com\/\.extraheader' && git config --local --unset-all 'http.https://github.com/.extraheader' || :"
archive	Run actions/checkout@11d5960a326750d5838078e36cf38b85af677262	2026-10-07T20:19:34.9119292Z [command]/usr/bin/git config --local --name-only --get-regexp ^includeIf\.gitdir:
archive	Run actions/checkout@11d5960a326750d5838078e36cf38b85af677262	2026-10-07T20:19:34.9155039Z [command]/usr/bin/git submodule foreach --recursive git config --local --show-origin --name-only --get-regexp remote.origin.url
archive	Run actions/checkout@11d5960a326750d5838078e36cf38b85af677262	2026-10-07T20:19:34.9394796Z ##[endgroup]
archive	Run actions/setup-node@49933ea5288caeca8642d1e84afbd3f7d6820020	﻿2026-10-07T20:19:34.9683002Z ##[group]Run actions/setup-node@49933ea5288caeca8642d1e84afbd3f7d6820020
archive	Run actions/setup-node@49933ea5288caeca8642d1e84afbd3f7d6820020	2026-10-07T20:19:34.9683848Z with:
archive	Run actions/setup-node@49933ea5288caeca8642d1e84afbd3f7d6820020	2026-10-07T20:19:34.9684306Z   node-version: 22
archive	Run actions/setup-node@49933ea5288caeca8642d1e84afbd3f7d6820020	2026-10-07T20:19:34.9684813Z   always-auth: false
archive	Run actions/setup-node@49933ea5288caeca8642d1e84afbd3f7d6820020	2026-10-07T20:19:34.9685325Z   check-latest: false
archive	Run actions/setup-node@49933ea5288caeca8642d1e84afbd3f7d6820020	2026-10-07T20:19:34.9690009Z   token: ***
archive	Run actions/setup-node@49933ea5288caeca8642d1e84afbd3f7d6820020	2026-10-07T20:19:34.9690483Z ##[endgroup]
archive	Run actions/setup-node@49933ea5288caeca8642d1e84afbd3f7d6820020	2026-10-07T20:19:35.1232659Z (node:2443) [DEP0040] DeprecationWarning: The `punycode` module is deprecated. Please use a userland alternative instead.
archive	Run actions/setup-node@49933ea5288caeca8642d1e84afbd3f7d6820020	2026-10-07T20:19:35.1236201Z (Use `node --trace-deprecation ...` to show where the warning was created)
archive	Run actions/setup-node@49933ea5288caeca8642d1e84afbd3f7d6820020	2026-10-07T20:19:35.1242291Z Found in cache @ /opt/hostedtoolcache/node/22.23.3/x64
archive	Run actions/setup-node@49933ea5288caeca8642d1e84afbd3f7d6820020	2026-10-07T20:19:35.1244111Z ##[group]Environment details
archive	Run actions/setup-node@49933ea5288caeca8642d1e84afbd3f7d6820020	2026-10-07T20:19:35.4540035Z node: v22.23.3
archive	Run actions/setup-node@49933ea5288caeca8642d1e84afbd3f7d6820020	2026-10-07T20:19:35.4541669Z npm: 10.9.9
archive	Run actions/setup-node@49933ea5288caeca8642d1e84afbd3f7d6820020	2026-10-07T20:19:35.4542790Z yarn: 1.22.22
archive	Run actions/setup-node@49933ea5288caeca8642d1e84afbd3f7d6820020	2026-10-07T20:19:35.4545206Z ##[endgroup]
archive	Collect data only from completed run	﻿2026-10-07T20:19:35.4752569Z ##[group]Run mkdir -p artifacts/incoming artifacts/durable/history
archive	Collect data only from completed run	2026-10-07T20:19:35.4754939Z [36;1mmkdir -p artifacts/incoming artifacts/durable/history[0m
archive	Collect data only from completed run	2026-10-07T20:19:35.4758406Z [36;1mARTIFACT_NAME=$(gh api "repos/$GITHUB_REPOSITORY/actions/runs/$RUN_ID/artifacts" --jq '.artifacts[] | select(.name | startswith("evidence-")) | .name')[0m
archive	Collect data only from completed run	2026-10-07T20:19:35.4761882Z [36;1mtest -n "$ARTIFACT_NAME"[0m
archive	Collect data only from completed run	2026-10-07T20:19:35.4763718Z [36;1mgh run download "$RUN_ID" --name "$ARTIFACT_NAME" --dir artifacts/incoming[0m
archive	Collect data only from completed run	2026-10-07T20:19:35.4765766Z [36;1mtest -f artifacts/incoming/metrics.json[0m
archive	Collect data only from completed run	2026-10-07T20:19:35.4767552Z [36;1mif gh release view metrics-history >/dev/null 2>&1; then[0m
archive	Collect data only from completed run	2026-10-07T20:19:35.4770282Z [36;1m  gh release download metrics-history --pattern '*.json' --dir artifacts/durable/history[0m
archive	Collect data only from completed run	2026-10-07T20:19:35.4772453Z [36;1mfi[0m
archive	Collect data only from completed run	2026-10-07T20:19:35.5016415Z shell: /usr/bin/bash -e {0}
archive	Collect data only from completed run	2026-10-07T20:19:35.5017630Z env:
archive	Collect data only from completed run	2026-10-07T20:19:35.5028909Z   GH_TOKEN: ***
archive	Collect data only from completed run	2026-10-07T20:19:35.5030009Z   RUN_ID: 37680997751
archive	Collect data only from completed run	2026-10-07T20:19:35.5031050Z ##[endgroup]
archive	Render trusted generator with untrusted JSON input	﻿2026-10-07T20:19:36.7851247Z ##[group]Run node tools/metrics.mjs artifacts/incoming/metrics.json artifacts/durable
archive	Render trusted generator with untrusted JSON input	2026-10-07T20:19:36.7851957Z [36;1mnode tools/metrics.mjs artifacts/incoming/metrics.json artifacts/durable[0m
archive	Render trusted generator with untrusted JSON input	2026-10-07T20:19:36.7924718Z shell: /usr/bin/bash -e {0}
archive	Render trusted generator with untrusted JSON input	2026-10-07T20:19:36.7925051Z env:
archive	Render trusted generator with untrusted JSON input	2026-10-07T20:19:36.7925368Z   METRICS_SHA: 678e0b517a9e3a2fd048137531c4cfdfc8302b41
archive	Render trusted generator with untrusted JSON input	2026-10-07T20:19:36.7925765Z ##[endgroup]
archive	Render trusted generator with untrusted JSON input	2026-10-07T20:19:36.8383357Z metrics: 1 records; artifacts/durable/index.html
archive	Preserve history as release assets	﻿2026-10-07T20:19:36.8463083Z ##[group]Run if ! gh release view metrics-history >/dev/null 2>&1; then
archive	Preserve history as release assets	2026-10-07T20:19:36.8463724Z [36;1mif ! gh release view metrics-history >/dev/null 2>&1; then[0m
archive	Preserve history as release assets	2026-10-07T20:19:36.8464963Z [36;1m  gh release create metrics-history --target main --prerelease --title 'Commit metrics history' --notes 'Measured JSON per successful commit/run plus standalone HTML. S0 scaffold is not game balance evidence. Managed by trusted main workflow; no source branch bypass.'[0m
archive	Preserve history as release assets	2026-10-07T20:19:36.8466346Z [36;1mfi[0m
archive	Preserve history as release assets	2026-10-07T20:19:36.8466769Z [36;1m(cd artifacts/durable && zip -qr ../metrics-history.zip index.html history)[0m
archive	Preserve history as release assets	2026-10-07T20:19:36.8467657Z [36;1mgh release upload metrics-history artifacts/durable/history/*.json artifacts/durable/index.html artifacts/metrics-history.zip --clobber[0m
archive	Preserve history as release assets	2026-10-07T20:19:36.8538420Z shell: /usr/bin/bash -e {0}
archive	Preserve history as release assets	2026-10-07T20:19:36.8539073Z env:
archive	Preserve history as release assets	2026-10-07T20:19:36.8542023Z   GH_TOKEN: ***
archive	Preserve history as release assets	2026-10-07T20:19:36.8542319Z ##[endgroup]
archive	Preserve history as release assets	2026-10-07T20:19:38.2373386Z https://github.com/hyunlord/bs-mobile/releases/tag/metrics-history
archive	Post Run actions/setup-node@49933ea5288caeca8642d1e84afbd3f7d6820020	﻿2026-10-07T20:19:39.2862815Z Post job cleanup.
archive	Post Run actions/setup-node@49933ea5288caeca8642d1e84afbd3f7d6820020	2026-10-07T20:19:39.4118342Z (node:2555) [DEP0040] DeprecationWarning: The `punycode` module is deprecated. Please use a userland alternative instead.
archive	Post Run actions/setup-node@49933ea5288caeca8642d1e84afbd3f7d6820020	2026-10-07T20:19:39.4119440Z (Use `node --trace-deprecation ...` to show where the warning was created)
archive	Post Run actions/checkout@11d5960a326750d5838078e36cf38b85af677262	﻿2026-10-07T20:19:39.4358278Z Post job cleanup.
archive	Post Run actions/checkout@11d5960a326750d5838078e36cf38b85af677262	2026-10-07T20:19:39.5228075Z [command]/usr/bin/git version
archive	Post Run actions/checkout@11d5960a326750d5838078e36cf38b85af677262	2026-10-07T20:19:39.5273404Z git version 2.55.0
archive	Post Run actions/checkout@11d5960a326750d5838078e36cf38b85af677262	2026-10-07T20:19:39.5315273Z Temporarily overriding HOME='/home/runner/work/_temp/76739010-2574-4fbb-bde4-2945a74e9896' before making global git config changes
archive	Post Run actions/checkout@11d5960a326750d5838078e36cf38b85af677262	2026-10-07T20:19:39.5316838Z Adding repository directory to the temporary git global config as a safe directory
archive	Post Run actions/checkout@11d5960a326750d5838078e36cf38b85af677262	2026-10-07T20:19:39.5321745Z [command]/usr/bin/git config --global --add safe.directory /home/runner/work/bs-mobile/bs-mobile
archive	Post Run actions/checkout@11d5960a326750d5838078e36cf38b85af677262	2026-10-07T20:19:39.5361234Z [command]/usr/bin/git config --local --name-only --get-regexp core\.sshCommand
archive	Post Run actions/checkout@11d5960a326750d5838078e36cf38b85af677262	2026-10-07T20:19:39.5397565Z [command]/usr/bin/git submodule foreach --recursive sh -c "git config --local --name-only --get-regexp 'core\.sshCommand' && git config --local --unset-all 'core.sshCommand' || :"
archive	Post Run actions/checkout@11d5960a326750d5838078e36cf38b85af677262	2026-10-07T20:19:39.5669103Z [command]/usr/bin/git config --local --name-only --get-regexp http\.https\:\/\/github\.com\/\.extraheader
archive	Post Run actions/checkout@11d5960a326750d5838078e36cf38b85af677262	2026-10-07T20:19:39.5701660Z [command]/usr/bin/git submodule foreach --recursive sh -c "git config --local --name-only --get-regexp 'http\.https\:\/\/github\.com\/\.extraheader' && git config --local --unset-all 'http.https://github.com/.extraheader' || :"
archive	Post Run actions/checkout@11d5960a326750d5838078e36cf38b85af677262	2026-10-07T20:19:39.6005948Z [command]/usr/bin/git config --local --name-only --get-regexp ^includeIf\.gitdir:
archive	Post Run actions/checkout@11d5960a326750d5838078e36cf38b85af677262	2026-10-07T20:19:39.6051754Z [command]/usr/bin/git submodule foreach --recursive git config --local --show-origin --name-only --get-regexp remote.origin.url
archive	Complete job	﻿2026-10-07T20:19:39.6457378Z Cleaning up orphan processes
archive	Complete job	2026-10-07T20:19:39.6764778Z ##[warning]Node.js 20 is deprecated. The following actions target Node.js 20 but are being forced to run on Node.js 24: actions/checkout@11d5960a326750d5838078e36cf38b85af677262, actions/setup-node@49933ea5288caeca8642d1e84afbd3f7d6820020. For more information see: https://github.blog/changelog/2025-09-19-deprecation-of-node-20-on-github-actions-runners/
