league-and-benchmark	Set up job	﻿2026-10-07T20:06:40.3766659Z Current runner version: '2.337.0'
league-and-benchmark	Set up job	2026-10-07T20:06:40.3793199Z ##[group]Runner Image Provisioner
league-and-benchmark	Set up job	2026-10-07T20:06:40.3794280Z Hosted Compute Agent
league-and-benchmark	Set up job	2026-10-07T20:06:40.3794929Z Version: 20260901.588
league-and-benchmark	Set up job	2026-10-07T20:06:40.3795578Z Commit: f88ec8081b781fac6c440065ac7ff9e710ce3d0b
league-and-benchmark	Set up job	2026-10-07T20:06:40.3796391Z Build Date: 2026-09-01T19:56:44Z
league-and-benchmark	Set up job	2026-10-07T20:06:40.3797066Z Worker ID: {1011de9a-3c40-49f2-b3bc-c79dca1173da}
league-and-benchmark	Set up job	2026-10-07T20:06:40.3797854Z Azure Region: westcentralus
league-and-benchmark	Set up job	2026-10-07T20:06:40.3798468Z ##[endgroup]
league-and-benchmark	Set up job	2026-10-07T20:06:40.3800091Z ##[group]Operating System
league-and-benchmark	Set up job	2026-10-07T20:06:40.3801124Z Ubuntu
league-and-benchmark	Set up job	2026-10-07T20:06:40.3801664Z 24.04.5
league-and-benchmark	Set up job	2026-10-07T20:06:40.3802185Z LTS
league-and-benchmark	Set up job	2026-10-07T20:06:40.3802786Z ##[endgroup]
league-and-benchmark	Set up job	2026-10-07T20:06:40.3803400Z ##[group]Runner Image
league-and-benchmark	Set up job	2026-10-07T20:06:40.3804147Z Image: ubuntu-24.04
league-and-benchmark	Set up job	2026-10-07T20:06:40.3804766Z Version: 20260927.320.1
league-and-benchmark	Set up job	2026-10-07T20:06:40.3805902Z Included Software: https://github.com/actions/runner-images/blob/ubuntu24/20260927.320/images/ubuntu/Ubuntu2404-Readme.md
league-and-benchmark	Set up job	2026-10-07T20:06:40.3807765Z Image Release: https://github.com/actions/runner-images/releases/tag/ubuntu24%2F20260927.320
league-and-benchmark	Set up job	2026-10-07T20:06:40.3808918Z ##[endgroup]
league-and-benchmark	Set up job	2026-10-07T20:06:40.3810071Z ##[group]GITHUB_TOKEN Permissions
league-and-benchmark	Set up job	2026-10-07T20:06:40.3812599Z Contents: read
league-and-benchmark	Set up job	2026-10-07T20:06:40.3813502Z Metadata: read
league-and-benchmark	Set up job	2026-10-07T20:06:40.3814158Z ##[endgroup]
league-and-benchmark	Set up job	2026-10-07T20:06:40.3816248Z Secret source: Actions
league-and-benchmark	Set up job	2026-10-07T20:06:40.3817336Z Cache mode: write
league-and-benchmark	Set up job	2026-10-07T20:06:40.3818080Z Prepare workflow directory
league-and-benchmark	Set up job	2026-10-07T20:06:40.4163116Z Prepare all required actions
league-and-benchmark	Set up job	2026-10-07T20:06:40.4211005Z Getting action download info
league-and-benchmark	Set up job	2026-10-07T20:06:40.8119001Z Download action repository 'actions/checkout@11d5960a326750d5838078e36cf38b85af677262' (SHA:11d5960a326750d5838078e36cf38b85af677262)
league-and-benchmark	Set up job	2026-10-07T20:06:40.9302319Z Download action repository 'actions/setup-dotnet@67a3573c9a986a3f9c594539f4ab511d57bb3ce9' (SHA:67a3573c9a986a3f9c594539f4ab511d57bb3ce9)
league-and-benchmark	Set up job	2026-10-07T20:06:41.8847707Z Download action repository 'actions/setup-node@49933ea5288caeca8642d1e84afbd3f7d6820020' (SHA:49933ea5288caeca8642d1e84afbd3f7d6820020)
league-and-benchmark	Set up job	2026-10-07T20:06:41.9818004Z Download action repository 'actions/upload-artifact@ea165f8d65b6e75b540449e92b4886f43607fa02' (SHA:ea165f8d65b6e75b540449e92b4886f43607fa02)
league-and-benchmark	Set up job	2026-10-07T20:06:42.1990257Z Complete job name: league-and-benchmark
league-and-benchmark	Run actions/checkout@11d5960a326750d5838078e36cf38b85af677262	﻿2026-10-07T20:06:42.2799453Z ##[group]Run actions/checkout@11d5960a326750d5838078e36cf38b85af677262
league-and-benchmark	Run actions/checkout@11d5960a326750d5838078e36cf38b85af677262	2026-10-07T20:06:42.2800939Z with:
league-and-benchmark	Run actions/checkout@11d5960a326750d5838078e36cf38b85af677262	2026-10-07T20:06:42.2801468Z   persist-credentials: false
league-and-benchmark	Run actions/checkout@11d5960a326750d5838078e36cf38b85af677262	2026-10-07T20:06:42.2802064Z   repository: hyunlord/bs-mobile
league-and-benchmark	Run actions/checkout@11d5960a326750d5838078e36cf38b85af677262	2026-10-07T20:06:42.2805885Z   token: ***
league-and-benchmark	Run actions/checkout@11d5960a326750d5838078e36cf38b85af677262	2026-10-07T20:06:42.2806373Z   ssh-strict: true
league-and-benchmark	Run actions/checkout@11d5960a326750d5838078e36cf38b85af677262	2026-10-07T20:06:42.2806850Z   ssh-user: git
league-and-benchmark	Run actions/checkout@11d5960a326750d5838078e36cf38b85af677262	2026-10-07T20:06:42.2807308Z   clean: true
league-and-benchmark	Run actions/checkout@11d5960a326750d5838078e36cf38b85af677262	2026-10-07T20:06:42.2807789Z   sparse-checkout-cone-mode: true
league-and-benchmark	Run actions/checkout@11d5960a326750d5838078e36cf38b85af677262	2026-10-07T20:06:42.2808369Z   fetch-depth: 1
league-and-benchmark	Run actions/checkout@11d5960a326750d5838078e36cf38b85af677262	2026-10-07T20:06:42.2808834Z   fetch-tags: false
league-and-benchmark	Run actions/checkout@11d5960a326750d5838078e36cf38b85af677262	2026-10-07T20:06:42.2809313Z   show-progress: true
league-and-benchmark	Run actions/checkout@11d5960a326750d5838078e36cf38b85af677262	2026-10-07T20:06:42.2809959Z   lfs: false
league-and-benchmark	Run actions/checkout@11d5960a326750d5838078e36cf38b85af677262	2026-10-07T20:06:42.2810444Z   submodules: false
league-and-benchmark	Run actions/checkout@11d5960a326750d5838078e36cf38b85af677262	2026-10-07T20:06:42.2811219Z   set-safe-directory: true
league-and-benchmark	Run actions/checkout@11d5960a326750d5838078e36cf38b85af677262	2026-10-07T20:06:42.2811902Z   allow-unsafe-pr-checkout: false
league-and-benchmark	Run actions/checkout@11d5960a326750d5838078e36cf38b85af677262	2026-10-07T20:06:42.2812789Z ##[endgroup]
league-and-benchmark	Run actions/checkout@11d5960a326750d5838078e36cf38b85af677262	2026-10-07T20:06:42.3876224Z Syncing repository: hyunlord/bs-mobile
league-and-benchmark	Run actions/checkout@11d5960a326750d5838078e36cf38b85af677262	2026-10-07T20:06:42.3878232Z ##[group]Getting Git version info
league-and-benchmark	Run actions/checkout@11d5960a326750d5838078e36cf38b85af677262	2026-10-07T20:06:42.3879173Z Working directory is '/home/runner/work/bs-mobile/bs-mobile'
league-and-benchmark	Run actions/checkout@11d5960a326750d5838078e36cf38b85af677262	2026-10-07T20:06:42.3880255Z [command]/usr/bin/git version
league-and-benchmark	Run actions/checkout@11d5960a326750d5838078e36cf38b85af677262	2026-10-07T20:06:42.4005477Z git version 2.55.0
league-and-benchmark	Run actions/checkout@11d5960a326750d5838078e36cf38b85af677262	2026-10-07T20:06:42.4034128Z ##[endgroup]
league-and-benchmark	Run actions/checkout@11d5960a326750d5838078e36cf38b85af677262	2026-10-07T20:06:42.4055610Z Temporarily overriding HOME='/home/runner/work/_temp/0b718b66-6f28-4329-9c80-18b31e2770d6' before making global git config changes
league-and-benchmark	Run actions/checkout@11d5960a326750d5838078e36cf38b85af677262	2026-10-07T20:06:42.4057108Z Adding repository directory to the temporary git global config as a safe directory
league-and-benchmark	Run actions/checkout@11d5960a326750d5838078e36cf38b85af677262	2026-10-07T20:06:42.4061698Z [command]/usr/bin/git config --global --add safe.directory /home/runner/work/bs-mobile/bs-mobile
league-and-benchmark	Run actions/checkout@11d5960a326750d5838078e36cf38b85af677262	2026-10-07T20:06:42.4122943Z Deleting the contents of '/home/runner/work/bs-mobile/bs-mobile'
league-and-benchmark	Run actions/checkout@11d5960a326750d5838078e36cf38b85af677262	2026-10-07T20:06:42.4129596Z ##[group]Initializing the repository
league-and-benchmark	Run actions/checkout@11d5960a326750d5838078e36cf38b85af677262	2026-10-07T20:06:42.4134770Z [command]/usr/bin/git init /home/runner/work/bs-mobile/bs-mobile
league-and-benchmark	Run actions/checkout@11d5960a326750d5838078e36cf38b85af677262	2026-10-07T20:06:42.4299460Z hint: Using 'master' as the name for the initial branch. This default branch name
league-and-benchmark	Run actions/checkout@11d5960a326750d5838078e36cf38b85af677262	2026-10-07T20:06:42.4301877Z hint: will change to "main" in Git 3.0. To configure the initial branch name
league-and-benchmark	Run actions/checkout@11d5960a326750d5838078e36cf38b85af677262	2026-10-07T20:06:42.4305855Z hint: to use in all of your new repositories, which will suppress this warning,
league-and-benchmark	Run actions/checkout@11d5960a326750d5838078e36cf38b85af677262	2026-10-07T20:06:42.4307344Z hint: call:
league-and-benchmark	Run actions/checkout@11d5960a326750d5838078e36cf38b85af677262	2026-10-07T20:06:42.4308358Z hint:
league-and-benchmark	Run actions/checkout@11d5960a326750d5838078e36cf38b85af677262	2026-10-07T20:06:42.4309398Z hint: 	git config --global init.defaultBranch <name>
league-and-benchmark	Run actions/checkout@11d5960a326750d5838078e36cf38b85af677262	2026-10-07T20:06:42.4310809Z hint:
league-and-benchmark	Run actions/checkout@11d5960a326750d5838078e36cf38b85af677262	2026-10-07T20:06:42.4312221Z hint: Names commonly chosen instead of 'master' are 'main', 'trunk' and
league-and-benchmark	Run actions/checkout@11d5960a326750d5838078e36cf38b85af677262	2026-10-07T20:06:42.4314169Z hint: 'development'. The just-created branch can be renamed via this command:
league-and-benchmark	Run actions/checkout@11d5960a326750d5838078e36cf38b85af677262	2026-10-07T20:06:42.4315890Z hint:
league-and-benchmark	Run actions/checkout@11d5960a326750d5838078e36cf38b85af677262	2026-10-07T20:06:42.4316803Z hint: 	git branch -m <name>
league-and-benchmark	Run actions/checkout@11d5960a326750d5838078e36cf38b85af677262	2026-10-07T20:06:42.4318062Z hint:
league-and-benchmark	Run actions/checkout@11d5960a326750d5838078e36cf38b85af677262	2026-10-07T20:06:42.4319273Z hint: Disable this message with "git config set advice.defaultBranchName false"
league-and-benchmark	Run actions/checkout@11d5960a326750d5838078e36cf38b85af677262	2026-10-07T20:06:42.4321566Z Initialized empty Git repository in /home/runner/work/bs-mobile/bs-mobile/.git/
league-and-benchmark	Run actions/checkout@11d5960a326750d5838078e36cf38b85af677262	2026-10-07T20:06:42.4325033Z [command]/usr/bin/git remote add origin https://github.com/hyunlord/bs-mobile
league-and-benchmark	Run actions/checkout@11d5960a326750d5838078e36cf38b85af677262	2026-10-07T20:06:42.4386270Z ##[endgroup]
league-and-benchmark	Run actions/checkout@11d5960a326750d5838078e36cf38b85af677262	2026-10-07T20:06:42.4387614Z ##[group]Disabling automatic garbage collection
league-and-benchmark	Run actions/checkout@11d5960a326750d5838078e36cf38b85af677262	2026-10-07T20:06:42.4392749Z [command]/usr/bin/git config --local gc.auto 0
league-and-benchmark	Run actions/checkout@11d5960a326750d5838078e36cf38b85af677262	2026-10-07T20:06:42.4446449Z ##[endgroup]
league-and-benchmark	Run actions/checkout@11d5960a326750d5838078e36cf38b85af677262	2026-10-07T20:06:42.4447898Z ##[group]Setting up auth
league-and-benchmark	Run actions/checkout@11d5960a326750d5838078e36cf38b85af677262	2026-10-07T20:06:42.4466795Z [command]/usr/bin/git config --local --name-only --get-regexp core\.sshCommand
league-and-benchmark	Run actions/checkout@11d5960a326750d5838078e36cf38b85af677262	2026-10-07T20:06:42.4507859Z [command]/usr/bin/git submodule foreach --recursive sh -c "git config --local --name-only --get-regexp 'core\.sshCommand' && git config --local --unset-all 'core.sshCommand' || :"
league-and-benchmark	Run actions/checkout@11d5960a326750d5838078e36cf38b85af677262	2026-10-07T20:06:42.5022162Z [command]/usr/bin/git config --local --name-only --get-regexp http\.https\:\/\/github\.com\/\.extraheader
league-and-benchmark	Run actions/checkout@11d5960a326750d5838078e36cf38b85af677262	2026-10-07T20:06:42.5058852Z [command]/usr/bin/git submodule foreach --recursive sh -c "git config --local --name-only --get-regexp 'http\.https\:\/\/github\.com\/\.extraheader' && git config --local --unset-all 'http.https://github.com/.extraheader' || :"
league-and-benchmark	Run actions/checkout@11d5960a326750d5838078e36cf38b85af677262	2026-10-07T20:06:42.5289387Z [command]/usr/bin/git config --local --name-only --get-regexp ^includeIf\.gitdir:
league-and-benchmark	Run actions/checkout@11d5960a326750d5838078e36cf38b85af677262	2026-10-07T20:06:42.5329625Z [command]/usr/bin/git submodule foreach --recursive git config --local --show-origin --name-only --get-regexp remote.origin.url
league-and-benchmark	Run actions/checkout@11d5960a326750d5838078e36cf38b85af677262	2026-10-07T20:06:42.5562078Z [command]/usr/bin/git config --local http.https://github.com/.extraheader AUTHORIZATION: basic ***
league-and-benchmark	Run actions/checkout@11d5960a326750d5838078e36cf38b85af677262	2026-10-07T20:06:42.5604618Z ##[endgroup]
league-and-benchmark	Run actions/checkout@11d5960a326750d5838078e36cf38b85af677262	2026-10-07T20:06:42.5605558Z ##[group]Fetching the repository
league-and-benchmark	Run actions/checkout@11d5960a326750d5838078e36cf38b85af677262	2026-10-07T20:06:42.5615280Z [command]/usr/bin/git -c protocol.version=2 fetch --no-tags --prune --no-recurse-submodules --depth=1 origin +1a95c2074b838979b733ab2bda341f1382776fac:refs/remotes/origin/main
league-and-benchmark	Run actions/checkout@11d5960a326750d5838078e36cf38b85af677262	2026-10-07T20:06:42.9912936Z From https://github.com/hyunlord/bs-mobile
league-and-benchmark	Run actions/checkout@11d5960a326750d5838078e36cf38b85af677262	2026-10-07T20:06:42.9915099Z  * [new ref]         1a95c2074b838979b733ab2bda341f1382776fac -> origin/main
league-and-benchmark	Run actions/checkout@11d5960a326750d5838078e36cf38b85af677262	2026-10-07T20:06:42.9919185Z ##[endgroup]
league-and-benchmark	Run actions/checkout@11d5960a326750d5838078e36cf38b85af677262	2026-10-07T20:06:42.9921170Z ##[group]Determining the checkout info
league-and-benchmark	Run actions/checkout@11d5960a326750d5838078e36cf38b85af677262	2026-10-07T20:06:42.9923018Z ##[endgroup]
league-and-benchmark	Run actions/checkout@11d5960a326750d5838078e36cf38b85af677262	2026-10-07T20:06:42.9929086Z [command]/usr/bin/git sparse-checkout disable
league-and-benchmark	Run actions/checkout@11d5960a326750d5838078e36cf38b85af677262	2026-10-07T20:06:42.9992261Z [command]/usr/bin/git config --local --unset-all extensions.worktreeConfig
league-and-benchmark	Run actions/checkout@11d5960a326750d5838078e36cf38b85af677262	2026-10-07T20:06:43.0032310Z ##[group]Checking out the ref
league-and-benchmark	Run actions/checkout@11d5960a326750d5838078e36cf38b85af677262	2026-10-07T20:06:43.0041983Z [command]/usr/bin/git checkout --progress --force -B main refs/remotes/origin/main
league-and-benchmark	Run actions/checkout@11d5960a326750d5838078e36cf38b85af677262	2026-10-07T20:06:43.0157796Z Switched to a new branch 'main'
league-and-benchmark	Run actions/checkout@11d5960a326750d5838078e36cf38b85af677262	2026-10-07T20:06:43.0166240Z branch 'main' set up to track 'origin/main'.
league-and-benchmark	Run actions/checkout@11d5960a326750d5838078e36cf38b85af677262	2026-10-07T20:06:43.0171565Z ##[endgroup]
league-and-benchmark	Run actions/checkout@11d5960a326750d5838078e36cf38b85af677262	2026-10-07T20:06:43.0225385Z [command]/usr/bin/git log -1 --format=%H
league-and-benchmark	Run actions/checkout@11d5960a326750d5838078e36cf38b85af677262	2026-10-07T20:06:43.0255660Z 1a95c2074b838979b733ab2bda341f1382776fac
league-and-benchmark	Run actions/checkout@11d5960a326750d5838078e36cf38b85af677262	2026-10-07T20:06:43.0273072Z ##[group]Removing auth
league-and-benchmark	Run actions/checkout@11d5960a326750d5838078e36cf38b85af677262	2026-10-07T20:06:43.0275753Z [command]/usr/bin/git config --local --name-only --get-regexp core\.sshCommand
league-and-benchmark	Run actions/checkout@11d5960a326750d5838078e36cf38b85af677262	2026-10-07T20:06:43.0315293Z [command]/usr/bin/git submodule foreach --recursive sh -c "git config --local --name-only --get-regexp 'core\.sshCommand' && git config --local --unset-all 'core.sshCommand' || :"
league-and-benchmark	Run actions/checkout@11d5960a326750d5838078e36cf38b85af677262	2026-10-07T20:06:43.0564672Z [command]/usr/bin/git config --local --name-only --get-regexp http\.https\:\/\/github\.com\/\.extraheader
league-and-benchmark	Run actions/checkout@11d5960a326750d5838078e36cf38b85af677262	2026-10-07T20:06:43.0596469Z http.https://github.com/.extraheader
league-and-benchmark	Run actions/checkout@11d5960a326750d5838078e36cf38b85af677262	2026-10-07T20:06:43.0605867Z [command]/usr/bin/git config --local --unset-all http.https://github.com/.extraheader
league-and-benchmark	Run actions/checkout@11d5960a326750d5838078e36cf38b85af677262	2026-10-07T20:06:43.0645406Z [command]/usr/bin/git submodule foreach --recursive sh -c "git config --local --name-only --get-regexp 'http\.https\:\/\/github\.com\/\.extraheader' && git config --local --unset-all 'http.https://github.com/.extraheader' || :"
league-and-benchmark	Run actions/checkout@11d5960a326750d5838078e36cf38b85af677262	2026-10-07T20:06:43.0870221Z [command]/usr/bin/git config --local --name-only --get-regexp ^includeIf\.gitdir:
league-and-benchmark	Run actions/checkout@11d5960a326750d5838078e36cf38b85af677262	2026-10-07T20:06:43.0904817Z [command]/usr/bin/git submodule foreach --recursive git config --local --show-origin --name-only --get-regexp remote.origin.url
league-and-benchmark	Run actions/checkout@11d5960a326750d5838078e36cf38b85af677262	2026-10-07T20:06:43.1124649Z ##[endgroup]
league-and-benchmark	Run actions/setup-dotnet@67a3573c9a986a3f9c594539f4ab511d57bb3ce9	﻿2026-10-07T20:06:43.1508310Z ##[group]Run actions/setup-dotnet@67a3573c9a986a3f9c594539f4ab511d57bb3ce9
league-and-benchmark	Run actions/setup-dotnet@67a3573c9a986a3f9c594539f4ab511d57bb3ce9	2026-10-07T20:06:43.1510095Z with:
league-and-benchmark	Run actions/setup-dotnet@67a3573c9a986a3f9c594539f4ab511d57bb3ce9	2026-10-07T20:06:43.1511337Z   global-json-file: global.json
league-and-benchmark	Run actions/setup-dotnet@67a3573c9a986a3f9c594539f4ab511d57bb3ce9	2026-10-07T20:06:43.1512453Z   cache: false
league-and-benchmark	Run actions/setup-dotnet@67a3573c9a986a3f9c594539f4ab511d57bb3ce9	2026-10-07T20:06:43.1513340Z ##[endgroup]
league-and-benchmark	Run actions/setup-dotnet@67a3573c9a986a3f9c594539f4ab511d57bb3ce9	2026-10-07T20:06:43.3004584Z (node:2424) [DEP0040] DeprecationWarning: The `punycode` module is deprecated. Please use a userland alternative instead.
league-and-benchmark	Run actions/setup-dotnet@67a3573c9a986a3f9c594539f4ab511d57bb3ce9	2026-10-07T20:06:43.3007878Z (Use `node --trace-deprecation ...` to show where the warning was created)
league-and-benchmark	Run actions/setup-dotnet@67a3573c9a986a3f9c594539f4ab511d57bb3ce9	2026-10-07T20:06:43.3033511Z [command]/home/runner/work/_actions/actions/setup-dotnet/67a3573c9a986a3f9c594539f4ab511d57bb3ce9/externals/install-dotnet.sh --skip-non-versioned-files --runtime dotnet --channel LTS
league-and-benchmark	Run actions/setup-dotnet@67a3573c9a986a3f9c594539f4ab511d57bb3ce9	2026-10-07T20:06:43.7063901Z dotnet-install: .NET Core Runtime with version '10.0.12' is already installed.
league-and-benchmark	Run actions/setup-dotnet@67a3573c9a986a3f9c594539f4ab511d57bb3ce9	2026-10-07T20:06:43.7093320Z [command]/home/runner/work/_actions/actions/setup-dotnet/67a3573c9a986a3f9c594539f4ab511d57bb3ce9/externals/install-dotnet.sh --skip-non-versioned-files --version 8.0.425
league-and-benchmark	Run actions/setup-dotnet@67a3573c9a986a3f9c594539f4ab511d57bb3ce9	2026-10-07T20:06:43.9012615Z dotnet-install: .NET Core SDK with version '8.0.425' is already installed.
league-and-benchmark	Run actions/setup-node@49933ea5288caeca8642d1e84afbd3f7d6820020	﻿2026-10-07T20:06:43.9324140Z ##[group]Run actions/setup-node@49933ea5288caeca8642d1e84afbd3f7d6820020
league-and-benchmark	Run actions/setup-node@49933ea5288caeca8642d1e84afbd3f7d6820020	2026-10-07T20:06:43.9325679Z with:
league-and-benchmark	Run actions/setup-node@49933ea5288caeca8642d1e84afbd3f7d6820020	2026-10-07T20:06:43.9326421Z   node-version: 22
league-and-benchmark	Run actions/setup-node@49933ea5288caeca8642d1e84afbd3f7d6820020	2026-10-07T20:06:43.9327229Z   cache: npm
league-and-benchmark	Run actions/setup-node@49933ea5288caeca8642d1e84afbd3f7d6820020	2026-10-07T20:06:43.9328011Z   always-auth: false
league-and-benchmark	Run actions/setup-node@49933ea5288caeca8642d1e84afbd3f7d6820020	2026-10-07T20:06:43.9328864Z   check-latest: false
league-and-benchmark	Run actions/setup-node@49933ea5288caeca8642d1e84afbd3f7d6820020	2026-10-07T20:06:43.9338106Z   token: ***
league-and-benchmark	Run actions/setup-node@49933ea5288caeca8642d1e84afbd3f7d6820020	2026-10-07T20:06:43.9338893Z env:
league-and-benchmark	Run actions/setup-node@49933ea5288caeca8642d1e84afbd3f7d6820020	2026-10-07T20:06:43.9339662Z   DOTNET_ROOT: /usr/share/dotnet
league-and-benchmark	Run actions/setup-node@49933ea5288caeca8642d1e84afbd3f7d6820020	2026-10-07T20:06:43.9340900Z ##[endgroup]
league-and-benchmark	Run actions/setup-node@49933ea5288caeca8642d1e84afbd3f7d6820020	2026-10-07T20:06:44.0904983Z (node:2597) [DEP0040] DeprecationWarning: The `punycode` module is deprecated. Please use a userland alternative instead.
league-and-benchmark	Run actions/setup-node@49933ea5288caeca8642d1e84afbd3f7d6820020	2026-10-07T20:06:44.0907918Z (Use `node --trace-deprecation ...` to show where the warning was created)
league-and-benchmark	Run actions/setup-node@49933ea5288caeca8642d1e84afbd3f7d6820020	2026-10-07T20:06:44.0912789Z Found in cache @ /opt/hostedtoolcache/node/22.23.3/x64
league-and-benchmark	Run actions/setup-node@49933ea5288caeca8642d1e84afbd3f7d6820020	2026-10-07T20:06:44.0914671Z ##[group]Environment details
league-and-benchmark	Run actions/setup-node@49933ea5288caeca8642d1e84afbd3f7d6820020	2026-10-07T20:06:44.5736248Z node: v22.23.3
league-and-benchmark	Run actions/setup-node@49933ea5288caeca8642d1e84afbd3f7d6820020	2026-10-07T20:06:44.5737304Z npm: 10.9.9
league-and-benchmark	Run actions/setup-node@49933ea5288caeca8642d1e84afbd3f7d6820020	2026-10-07T20:06:44.5737976Z yarn: 1.22.22
league-and-benchmark	Run actions/setup-node@49933ea5288caeca8642d1e84afbd3f7d6820020	2026-10-07T20:06:44.5739458Z ##[endgroup]
league-and-benchmark	Run actions/setup-node@49933ea5288caeca8642d1e84afbd3f7d6820020	2026-10-07T20:06:44.5763547Z [command]/opt/hostedtoolcache/node/22.23.3/x64/bin/npm config get cache
league-and-benchmark	Run actions/setup-node@49933ea5288caeca8642d1e84afbd3f7d6820020	2026-10-07T20:06:44.6997174Z /home/runner/.npm
league-and-benchmark	Run actions/setup-node@49933ea5288caeca8642d1e84afbd3f7d6820020	2026-10-07T20:06:44.9052821Z npm cache is not found
league-and-benchmark	Run ./tools/check.sh	﻿2026-10-07T20:06:44.9203869Z ##[group]Run ./tools/check.sh
league-and-benchmark	Run ./tools/check.sh	2026-10-07T20:06:44.9204299Z [36;1m./tools/check.sh[0m
league-and-benchmark	Run ./tools/check.sh	2026-10-07T20:06:44.9495340Z shell: /usr/bin/bash -e {0}
league-and-benchmark	Run ./tools/check.sh	2026-10-07T20:06:44.9495743Z env:
league-and-benchmark	Run ./tools/check.sh	2026-10-07T20:06:44.9496038Z   DOTNET_ROOT: /usr/share/dotnet
league-and-benchmark	Run ./tools/check.sh	2026-10-07T20:06:44.9496396Z ##[endgroup]
league-and-benchmark	Run ./tools/check.sh	2026-10-07T20:06:46.0792439Z 
league-and-benchmark	Run ./tools/check.sh	2026-10-07T20:06:46.0801318Z added 5 packages, and audited 6 packages in 1s
league-and-benchmark	Run ./tools/check.sh	2026-10-07T20:06:46.0802127Z 
league-and-benchmark	Run ./tools/check.sh	2026-10-07T20:06:46.0802424Z 2 packages are looking for funding
league-and-benchmark	Run ./tools/check.sh	2026-10-07T20:06:46.0802832Z   run `npm fund` for details
league-and-benchmark	Run ./tools/check.sh	2026-10-07T20:06:46.0804272Z 
league-and-benchmark	Run ./tools/check.sh	2026-10-07T20:06:46.0804543Z found 0 vulnerabilities
league-and-benchmark	Run ./tools/check.sh	2026-10-07T20:06:46.2233707Z 
league-and-benchmark	Run ./tools/check.sh	2026-10-07T20:06:46.2234367Z > test
league-and-benchmark	Run ./tools/check.sh	2026-10-07T20:06:46.2234947Z > node --test tools/test-content-validator.mjs
league-and-benchmark	Run ./tools/check.sh	2026-10-07T20:06:46.2235273Z 
league-and-benchmark	Run ./tools/check.sh	2026-10-07T20:06:46.2749138Z TAP version 13
league-and-benchmark	Run ./tools/check.sh	2026-10-07T20:06:46.4277804Z # Subtest: valid schema and cross-record references pass
league-and-benchmark	Run ./tools/check.sh	2026-10-07T20:06:46.4287466Z ok 1 - valid schema and cross-record references pass
league-and-benchmark	Run ./tools/check.sh	2026-10-07T20:06:46.4288194Z   ---
league-and-benchmark	Run ./tools/check.sh	2026-10-07T20:06:46.4288727Z   duration_ms: 79.222341
league-and-benchmark	Run ./tools/check.sh	2026-10-07T20:06:46.4289283Z   type: 'test'
league-and-benchmark	Run ./tools/check.sh	2026-10-07T20:06:46.4289842Z   ...
league-and-benchmark	Run ./tools/check.sh	2026-10-07T20:06:46.4699910Z # Subtest: rejects damage below minimum
league-and-benchmark	Run ./tools/check.sh	2026-10-07T20:06:46.4702132Z ok 2 - rejects damage below minimum
league-and-benchmark	Run ./tools/check.sh	2026-10-07T20:06:46.4702829Z   ---
league-and-benchmark	Run ./tools/check.sh	2026-10-07T20:06:46.4703236Z   duration_ms: 42.404729
league-and-benchmark	Run ./tools/check.sh	2026-10-07T20:06:46.4703868Z   type: 'test'
league-and-benchmark	Run ./tools/check.sh	2026-10-07T20:06:46.4704341Z   ...
league-and-benchmark	Run ./tools/check.sh	2026-10-07T20:06:46.5017754Z # Subtest: rejects unknown field
league-and-benchmark	Run ./tools/check.sh	2026-10-07T20:06:46.5041622Z ok 3 - rejects unknown field
league-and-benchmark	Run ./tools/check.sh	2026-10-07T20:06:46.5042503Z   ---
league-and-benchmark	Run ./tools/check.sh	2026-10-07T20:06:46.5043163Z   duration_ms: 31.461112
league-and-benchmark	Run ./tools/check.sh	2026-10-07T20:06:46.5043530Z   type: 'test'
league-and-benchmark	Run ./tools/check.sh	2026-10-07T20:06:46.5043947Z   ...
league-and-benchmark	Run ./tools/check.sh	2026-10-07T20:06:46.5481880Z # Subtest: rejects missing growth
league-and-benchmark	Run ./tools/check.sh	2026-10-07T20:06:46.5483178Z ok 4 - rejects missing growth
league-and-benchmark	Run ./tools/check.sh	2026-10-07T20:06:46.5491376Z   ---
league-and-benchmark	Run ./tools/check.sh	2026-10-07T20:06:46.5508715Z   duration_ms: 45.786254
league-and-benchmark	Run ./tools/check.sh	2026-10-07T20:06:46.5509373Z   type: 'test'
league-and-benchmark	Run ./tools/check.sh	2026-10-07T20:06:46.5509803Z   ...
league-and-benchmark	Run ./tools/check.sh	2026-10-07T20:06:46.5890389Z # Subtest: rejects missing activation
league-and-benchmark	Run ./tools/check.sh	2026-10-07T20:06:46.5893228Z ok 5 - rejects missing activation
league-and-benchmark	Run ./tools/check.sh	2026-10-07T20:06:46.5894227Z   ---
league-and-benchmark	Run ./tools/check.sh	2026-10-07T20:06:46.5899607Z   duration_ms: 41.209126
league-and-benchmark	Run ./tools/check.sh	2026-10-07T20:06:46.5908844Z   type: 'test'
league-and-benchmark	Run ./tools/check.sh	2026-10-07T20:06:46.5909581Z   ...
league-and-benchmark	Run ./tools/check.sh	2026-10-07T20:06:46.6660233Z # Subtest: rejects wrong scalar type
league-and-benchmark	Run ./tools/check.sh	2026-10-07T20:06:46.6661181Z ok 6 - rejects wrong scalar type
league-and-benchmark	Run ./tools/check.sh	2026-10-07T20:06:46.6661880Z   ---
league-and-benchmark	Run ./tools/check.sh	2026-10-07T20:06:46.6662153Z   duration_ms: 77.160492
league-and-benchmark	Run ./tools/check.sh	2026-10-07T20:06:46.6662406Z   type: 'test'
league-and-benchmark	Run ./tools/check.sh	2026-10-07T20:06:46.6662615Z   ...
league-and-benchmark	Run ./tools/check.sh	2026-10-07T20:06:46.7116338Z # Subtest: rejects invalid namespace
league-and-benchmark	Run ./tools/check.sh	2026-10-07T20:06:46.7117772Z ok 7 - rejects invalid namespace
league-and-benchmark	Run ./tools/check.sh	2026-10-07T20:06:46.7118504Z   ---
league-and-benchmark	Run ./tools/check.sh	2026-10-07T20:06:46.7119061Z   duration_ms: 45.523893
league-and-benchmark	Run ./tools/check.sh	2026-10-07T20:06:46.7119624Z   type: 'test'
league-and-benchmark	Run ./tools/check.sh	2026-10-07T20:06:46.7120127Z   ...
league-and-benchmark	Run ./tools/check.sh	2026-10-07T20:06:46.7341405Z # Subtest: rejects unresolved hero tool
league-and-benchmark	Run ./tools/check.sh	2026-10-07T20:06:46.7343584Z ok 8 - rejects unresolved hero tool
league-and-benchmark	Run ./tools/check.sh	2026-10-07T20:06:46.7344583Z   ---
league-and-benchmark	Run ./tools/check.sh	2026-10-07T20:06:46.7347884Z   duration_ms: 22.704439
league-and-benchmark	Run ./tools/check.sh	2026-10-07T20:06:46.7348381Z   type: 'test'
league-and-benchmark	Run ./tools/check.sh	2026-10-07T20:06:46.7348612Z   ...
league-and-benchmark	Run ./tools/check.sh	2026-10-07T20:06:46.7582178Z # Subtest: rejects wrong-kind reference
league-and-benchmark	Run ./tools/check.sh	2026-10-07T20:06:46.7583064Z ok 9 - rejects wrong-kind reference
league-and-benchmark	Run ./tools/check.sh	2026-10-07T20:06:46.7583577Z   ---
league-and-benchmark	Run ./tools/check.sh	2026-10-07T20:06:46.7583927Z   duration_ms: 23.723646
league-and-benchmark	Run ./tools/check.sh	2026-10-07T20:06:46.7584333Z   type: 'test'
league-and-benchmark	Run ./tools/check.sh	2026-10-07T20:06:46.7584539Z   ...
league-and-benchmark	Run ./tools/check.sh	2026-10-07T20:06:46.7797497Z # Subtest: rejects unresolved estate tool
league-and-benchmark	Run ./tools/check.sh	2026-10-07T20:06:46.7801440Z ok 10 - rejects unresolved estate tool
league-and-benchmark	Run ./tools/check.sh	2026-10-07T20:06:46.7802441Z   ---
league-and-benchmark	Run ./tools/check.sh	2026-10-07T20:06:46.7802757Z   duration_ms: 21.647448
league-and-benchmark	Run ./tools/check.sh	2026-10-07T20:06:46.7803024Z   type: 'test'
league-and-benchmark	Run ./tools/check.sh	2026-10-07T20:06:46.7803321Z   ...
league-and-benchmark	Run ./tools/check.sh	2026-10-07T20:06:46.8007276Z # Subtest: rejects unresolved tuning hero
league-and-benchmark	Run ./tools/check.sh	2026-10-07T20:06:46.8008011Z ok 11 - rejects unresolved tuning hero
league-and-benchmark	Run ./tools/check.sh	2026-10-07T20:06:46.8008469Z   ---
league-and-benchmark	Run ./tools/check.sh	2026-10-07T20:06:46.8008802Z   duration_ms: 20.84775
league-and-benchmark	Run ./tools/check.sh	2026-10-07T20:06:46.8009426Z   type: 'test'
league-and-benchmark	Run ./tools/check.sh	2026-10-07T20:06:46.8009635Z   ...
league-and-benchmark	Run ./tools/check.sh	2026-10-07T20:06:46.8207923Z # Subtest: rejects unresolved anti-synergy
league-and-benchmark	Run ./tools/check.sh	2026-10-07T20:06:46.8208534Z ok 12 - rejects unresolved anti-synergy
league-and-benchmark	Run ./tools/check.sh	2026-10-07T20:06:46.8208997Z   ---
league-and-benchmark	Run ./tools/check.sh	2026-10-07T20:06:46.8209340Z   duration_ms: 20.158837
league-and-benchmark	Run ./tools/check.sh	2026-10-07T20:06:46.8209729Z   type: 'test'
league-and-benchmark	Run ./tools/check.sh	2026-10-07T20:06:46.8210205Z   ...
league-and-benchmark	Run ./tools/check.sh	2026-10-07T20:06:46.8438753Z # Subtest: rejects invalid schema
league-and-benchmark	Run ./tools/check.sh	2026-10-07T20:06:46.8440169Z ok 13 - rejects invalid schema
league-and-benchmark	Run ./tools/check.sh	2026-10-07T20:06:46.8441338Z   ---
league-and-benchmark	Run ./tools/check.sh	2026-10-07T20:06:46.8441746Z   duration_ms: 22.985681
league-and-benchmark	Run ./tools/check.sh	2026-10-07T20:06:46.8442191Z   type: 'test'
league-and-benchmark	Run ./tools/check.sh	2026-10-07T20:06:46.8442576Z   ...
league-and-benchmark	Run ./tools/check.sh	2026-10-07T20:06:46.8636121Z # Subtest: rejects undeclared schema draft
league-and-benchmark	Run ./tools/check.sh	2026-10-07T20:06:46.8638825Z ok 14 - rejects undeclared schema draft
league-and-benchmark	Run ./tools/check.sh	2026-10-07T20:06:46.8639367Z   ---
league-and-benchmark	Run ./tools/check.sh	2026-10-07T20:06:46.8639765Z   duration_ms: 19.775217
league-and-benchmark	Run ./tools/check.sh	2026-10-07T20:06:46.8640221Z   type: 'test'
league-and-benchmark	Run ./tools/check.sh	2026-10-07T20:06:46.8640898Z   ...
league-and-benchmark	Run ./tools/check.sh	2026-10-07T20:06:46.8845759Z # Subtest: rejects unknown schema keyword
league-and-benchmark	Run ./tools/check.sh	2026-10-07T20:06:46.8846717Z ok 15 - rejects unknown schema keyword
league-and-benchmark	Run ./tools/check.sh	2026-10-07T20:06:46.8847919Z   ---
league-and-benchmark	Run ./tools/check.sh	2026-10-07T20:06:46.8848167Z   duration_ms: 20.767062
league-and-benchmark	Run ./tools/check.sh	2026-10-07T20:06:46.8848423Z   type: 'test'
league-and-benchmark	Run ./tools/check.sh	2026-10-07T20:06:46.8848631Z   ...
league-and-benchmark	Run ./tools/check.sh	2026-10-07T20:06:46.9049012Z # Subtest: recursively checks test content and global duplicate IDs
league-and-benchmark	Run ./tools/check.sh	2026-10-07T20:06:46.9050091Z ok 16 - recursively checks test content and global duplicate IDs
league-and-benchmark	Run ./tools/check.sh	2026-10-07T20:06:46.9050914Z   ---
league-and-benchmark	Run ./tools/check.sh	2026-10-07T20:06:46.9051291Z   duration_ms: 20.308567
league-and-benchmark	Run ./tools/check.sh	2026-10-07T20:06:46.9051691Z   type: 'test'
league-and-benchmark	Run ./tools/check.sh	2026-10-07T20:06:46.9052047Z   ...
league-and-benchmark	Run ./tools/check.sh	2026-10-07T20:06:46.9232176Z # Subtest: rejects content without matching schema
league-and-benchmark	Run ./tools/check.sh	2026-10-07T20:06:46.9233211Z ok 17 - rejects content without matching schema
league-and-benchmark	Run ./tools/check.sh	2026-10-07T20:06:46.9233965Z   ---
league-and-benchmark	Run ./tools/check.sh	2026-10-07T20:06:46.9234386Z   duration_ms: 18.205644
league-and-benchmark	Run ./tools/check.sh	2026-10-07T20:06:46.9234784Z   type: 'test'
league-and-benchmark	Run ./tools/check.sh	2026-10-07T20:06:46.9235025Z   ...
league-and-benchmark	Run ./tools/check.sh	2026-10-07T20:06:46.9443494Z # Subtest: skin numbers fail even if schema permits arbitrary fields
league-and-benchmark	Run ./tools/check.sh	2026-10-07T20:06:46.9445220Z ok 18 - skin numbers fail even if schema permits arbitrary fields
league-and-benchmark	Run ./tools/check.sh	2026-10-07T20:06:46.9446079Z   ---
league-and-benchmark	Run ./tools/check.sh	2026-10-07T20:06:46.9446644Z   duration_ms: 21.102382
league-and-benchmark	Run ./tools/check.sh	2026-10-07T20:06:46.9447094Z   type: 'test'
league-and-benchmark	Run ./tools/check.sh	2026-10-07T20:06:46.9447591Z   ...
league-and-benchmark	Run ./tools/check.sh	2026-10-07T20:06:46.9655814Z # Subtest: valid Draft2020 unevaluatedProperties is enforced
league-and-benchmark	Run ./tools/check.sh	2026-10-07T20:06:46.9656618Z ok 19 - valid Draft2020 unevaluatedProperties is enforced
league-and-benchmark	Run ./tools/check.sh	2026-10-07T20:06:46.9657089Z   ---
league-and-benchmark	Run ./tools/check.sh	2026-10-07T20:06:46.9657310Z   duration_ms: 21.297197
league-and-benchmark	Run ./tools/check.sh	2026-10-07T20:06:46.9657552Z   type: 'test'
league-and-benchmark	Run ./tools/check.sh	2026-10-07T20:06:46.9657762Z   ...
league-and-benchmark	Run ./tools/check.sh	2026-10-07T20:06:46.9861743Z # Subtest: rejects malformed JSON instead of silently skipping it
league-and-benchmark	Run ./tools/check.sh	2026-10-07T20:06:46.9869497Z ok 20 - rejects malformed JSON instead of silently skipping it
league-and-benchmark	Run ./tools/check.sh	2026-10-07T20:06:46.9871426Z   ---
league-and-benchmark	Run ./tools/check.sh	2026-10-07T20:06:46.9871796Z   duration_ms: 20.301487
league-and-benchmark	Run ./tools/check.sh	2026-10-07T20:06:46.9872186Z   type: 'test'
league-and-benchmark	Run ./tools/check.sh	2026-10-07T20:06:46.9872503Z   ...
league-and-benchmark	Run ./tools/check.sh	2026-10-07T20:06:46.9998697Z 1..20
league-and-benchmark	Run ./tools/check.sh	2026-10-07T20:06:46.9999074Z # tests 20
league-and-benchmark	Run ./tools/check.sh	2026-10-07T20:06:46.9999700Z # suites 0
league-and-benchmark	Run ./tools/check.sh	2026-10-07T20:06:47.0000120Z # pass 20
league-and-benchmark	Run ./tools/check.sh	2026-10-07T20:06:47.0000963Z # fail 0
league-and-benchmark	Run ./tools/check.sh	2026-10-07T20:06:47.0001482Z # cancelled 0
league-and-benchmark	Run ./tools/check.sh	2026-10-07T20:06:47.0002096Z # skipped 0
league-and-benchmark	Run ./tools/check.sh	2026-10-07T20:06:47.0002531Z # todo 0
league-and-benchmark	Run ./tools/check.sh	2026-10-07T20:06:47.0003236Z # duration_ms 737.663859
league-and-benchmark	Run ./tools/check.sh	2026-10-07T20:06:47.1064921Z 
league-and-benchmark	Run ./tools/check.sh	2026-10-07T20:06:47.1065425Z > validate
league-and-benchmark	Run ./tools/check.sh	2026-10-07T20:06:47.1065877Z > node tools/validate-content.mjs
league-and-benchmark	Run ./tools/check.sh	2026-10-07T20:06:47.1066124Z 
league-and-benchmark	Run ./tools/check.sh	2026-10-07T20:06:47.2534716Z {
league-and-benchmark	Run ./tools/check.sh	2026-10-07T20:06:47.2535294Z   "valid": true,
league-and-benchmark	Run ./tools/check.sh	2026-10-07T20:06:47.2550878Z   "records": 7,
league-and-benchmark	Run ./tools/check.sh	2026-10-07T20:06:47.2551373Z   "schemas": 4,
league-and-benchmark	Run ./tools/check.sh	2026-10-07T20:06:47.2551734Z   "errors": []
league-and-benchmark	Run ./tools/check.sh	2026-10-07T20:06:47.2552077Z }
league-and-benchmark	Run ./tools/check.sh	2026-10-07T20:06:47.3062119Z metrics selftest PASS
league-and-benchmark	Run ./tools/check.sh	2026-10-07T20:06:47.3416841Z PR policy: issue, ADR, template and comment checks passed
league-and-benchmark	Run ./tools/check.sh	2026-10-07T20:07:06.2780099Z PASS BCL algorithm
league-and-benchmark	Run ./tools/check.sh	2026-10-07T20:07:06.3352903Z PASS comments are not code
league-and-benchmark	Run ./tools/check.sh	2026-10-07T20:07:06.4297428Z PASS engine unused import
league-and-benchmark	Run ./tools/check.sh	2026-10-07T20:07:06.4764561Z PASS inactive branch engine
league-and-benchmark	Run ./tools/check.sh	2026-10-07T20:07:06.5288774Z PASS inactive branch numeric
league-and-benchmark	Run ./tools/check.sh	2026-10-07T20:07:06.5781513Z PASS engine alias
league-and-benchmark	Run ./tools/check.sh	2026-10-07T20:07:06.6253300Z PASS content id literal
league-and-benchmark	Run ./tools/check.sh	2026-10-07T20:07:06.6688162Z PASS content id escaped
league-and-benchmark	Run ./tools/check.sh	2026-10-07T20:07:06.6905314Z PASS content id concatenated
league-and-benchmark	Run ./tools/check.sh	2026-10-07T20:07:06.7220454Z PASS content id interpolated
league-and-benchmark	Run ./tools/check.sh	2026-10-07T20:07:06.7425775Z PASS data id without namespace
league-and-benchmark	Run ./tools/check.sh	2026-10-07T20:07:06.7630893Z PASS gameplay local
league-and-benchmark	Run ./tools/check.sh	2026-10-07T20:07:06.8006047Z PASS gameplay const
league-and-benchmark	Run ./tools/check.sh	2026-10-07T20:07:06.8483954Z PASS gameplay hexadecimal
league-and-benchmark	Run ./tools/check.sh	2026-10-07T20:07:06.8712833Z PASS gameplay negative
league-and-benchmark	Run ./tools/check.sh	2026-10-07T20:07:06.9247695Z PASS seeded random
league-and-benchmark	Run ./tools/check.sh	2026-10-07T20:07:06.9562104Z PASS unseeded random
league-and-benchmark	Run ./tools/check.sh	2026-10-07T20:07:07.0048964Z PASS implicit new random
league-and-benchmark	Run ./tools/check.sh	2026-10-07T20:07:07.0352340Z PASS shared random
league-and-benchmark	Run ./tools/check.sh	2026-10-07T20:07:07.0805374Z PASS clock alias
league-and-benchmark	Run ./tools/check.sh	2026-10-07T20:07:07.1224528Z PASS clock static import
league-and-benchmark	Run ./tools/check.sh	2026-10-07T20:07:07.1570550Z PASS random guid
league-and-benchmark	Run ./tools/check.sh	2026-10-07T20:07:07.1887417Z PASS stopwatch
league-and-benchmark	Run ./tools/check.sh	2026-10-07T20:07:07.2429714Z PASS exact algorithm constant exemption
league-and-benchmark	Run ./tools/check.sh	2026-10-07T20:07:07.2430833Z ArchitectureGuard self-tests: 24/24 passed.
league-and-benchmark	Run ./tools/check.sh	2026-10-07T20:07:07.2896957Z PASS repository PackageReference
league-and-benchmark	Run ./tools/check.sh	2026-10-07T20:07:07.3010623Z PASS repository ProjectReference
league-and-benchmark	Run ./tools/check.sh	2026-10-07T20:07:07.3120367Z PASS repository Reference
league-and-benchmark	Run ./tools/check.sh	2026-10-07T20:07:07.3233724Z PASS repository FrameworkReference
league-and-benchmark	Run ./tools/check.sh	2026-10-07T20:07:07.3593402Z PASS repository JSON-discovered content ID
league-and-benchmark	Run ./tools/check.sh	2026-10-07T20:07:07.3878822Z PASS repository inherited package reference
league-and-benchmark	Run ./tools/check.sh	2026-10-07T20:07:09.1591698Z ArchitectureGuard: 0 violation(s).
league-and-benchmark	Run ./tools/check.sh	2026-10-07T20:07:10.2968889Z   Determining projects to restore...
league-and-benchmark	Run ./tools/check.sh	2026-10-07T20:07:10.8592103Z   Restored /home/runner/work/bs-mobile/bs-mobile/core/src/SowSiege.Core/SowSiege.Core.csproj (in 77 ms).
league-and-benchmark	Run ./tools/check.sh	2026-10-07T20:07:10.8593385Z   Restored /home/runner/work/bs-mobile/bs-mobile/core/src/SowSiege.Sim/SowSiege.Sim.csproj (in 80 ms).
league-and-benchmark	Run ./tools/check.sh	2026-10-07T20:07:12.7117507Z   Restored /home/runner/work/bs-mobile/bs-mobile/core/tests/SowSiege.Tests/SowSiege.Tests.csproj (in 1.94 sec).
league-and-benchmark	Run ./tools/check.sh	2026-10-07T20:07:12.8540010Z   Restored /home/runner/work/bs-mobile/bs-mobile/core/bench/SowSiege.Bench/SowSiege.Bench.csproj (in 2.09 sec).
league-and-benchmark	Run ./tools/check.sh	2026-10-07T20:07:13.9982260Z   SowSiege.Core -> /home/runner/work/bs-mobile/bs-mobile/core/src/SowSiege.Core/bin/Release/net8.0/SowSiege.Core.dll
league-and-benchmark	Run ./tools/check.sh	2026-10-07T20:07:14.6702461Z   SowSiege.Sim -> /home/runner/work/bs-mobile/bs-mobile/core/src/SowSiege.Sim/bin/Release/net8.0/SowSiege.Sim.dll
league-and-benchmark	Run ./tools/check.sh	2026-10-07T20:07:15.4876314Z   SowSiege.Tests -> /home/runner/work/bs-mobile/bs-mobile/core/tests/SowSiege.Tests/bin/Release/net8.0/SowSiege.Tests.dll
league-and-benchmark	Run ./tools/check.sh	2026-10-07T20:07:15.5832446Z   SowSiege.Bench -> /home/runner/work/bs-mobile/bs-mobile/core/bench/SowSiege.Bench/bin/Release/net8.0/SowSiege.Bench.dll
league-and-benchmark	Run ./tools/check.sh	2026-10-07T20:07:15.6241291Z 
league-and-benchmark	Run ./tools/check.sh	2026-10-07T20:07:15.6271643Z Build succeeded.
league-and-benchmark	Run ./tools/check.sh	2026-10-07T20:07:15.6327240Z     0 Warning(s)
league-and-benchmark	Run ./tools/check.sh	2026-10-07T20:07:15.6351267Z     0 Error(s)
league-and-benchmark	Run ./tools/check.sh	2026-10-07T20:07:15.6381106Z 
league-and-benchmark	Run ./tools/check.sh	2026-10-07T20:07:15.6393155Z Time Elapsed 00:00:02.56
league-and-benchmark	Run ./tools/check.sh	2026-10-07T20:07:17.6822885Z Test run for /home/runner/work/bs-mobile/bs-mobile/core/tests/SowSiege.Tests/bin/Release/net8.0/SowSiege.Tests.dll (.NETCoreApp,Version=v8.0)
league-and-benchmark	Run ./tools/check.sh	2026-10-07T20:07:18.1690115Z VSTest version 17.11.1 (x64)
league-and-benchmark	Run ./tools/check.sh	2026-10-07T20:07:18.1749570Z 
league-and-benchmark	Run ./tools/check.sh	2026-10-07T20:07:18.7868526Z Starting test execution, please wait...
league-and-benchmark	Run ./tools/check.sh	2026-10-07T20:07:18.8552510Z A total of 1 test files matched the specified pattern.
league-and-benchmark	Run ./tools/check.sh	2026-10-07T20:07:19.5639849Z Results File: /home/runner/work/bs-mobile/bs-mobile/artifacts/tests/tests.trx
league-and-benchmark	Run ./tools/check.sh	2026-10-07T20:07:19.5641682Z 
league-and-benchmark	Run ./tools/check.sh	2026-10-07T20:07:19.5685510Z Passed!  - Failed:     0, Passed:     6, Skipped:     0, Total:     6, Duration: 8 ms - SowSiege.Tests.dll (net8.0)
league-and-benchmark	Run ./tools/check.sh	2026-10-07T20:07:43.8906145Z S0 scaffold smoke: 18 policy/seed cases × 3 deterministic repeats; damage CV=0.3748277841470601; no gameplay balance claim.
league-and-benchmark	Run ./tools/league.sh long	﻿2026-10-07T20:07:43.8991102Z ##[group]Run ./tools/league.sh long
league-and-benchmark	Run ./tools/league.sh long	2026-10-07T20:07:43.8991487Z [36;1m./tools/league.sh long[0m
league-and-benchmark	Run ./tools/league.sh long	2026-10-07T20:07:43.9054158Z shell: /usr/bin/bash -e {0}
league-and-benchmark	Run ./tools/league.sh long	2026-10-07T20:07:43.9054415Z env:
league-and-benchmark	Run ./tools/league.sh long	2026-10-07T20:07:43.9073359Z   DOTNET_ROOT: /usr/share/dotnet
league-and-benchmark	Run ./tools/league.sh long	2026-10-07T20:07:43.9073694Z ##[endgroup]
league-and-benchmark	Run ./tools/league.sh long	2026-10-07T20:09:31.4047606Z S0 scaffold long: 768 policy/seed cases × 3 deterministic repeats; damage CV=0.37482778414706003; no gameplay balance claim.
league-and-benchmark	Run dotnet run -c Release --project core/bench/SowSiege.Bench -- --filter '*' --job short --exporters json	﻿2026-10-07T20:09:31.4140139Z ##[group]Run dotnet run -c Release --project core/bench/SowSiege.Bench -- --filter '*' --job short --exporters json
league-and-benchmark	Run dotnet run -c Release --project core/bench/SowSiege.Bench -- --filter '*' --job short --exporters json	2026-10-07T20:09:31.4141675Z [36;1mdotnet run -c Release --project core/bench/SowSiege.Bench -- --filter '*' --job short --exporters json[0m
league-and-benchmark	Run dotnet run -c Release --project core/bench/SowSiege.Bench -- --filter '*' --job short --exporters json	2026-10-07T20:09:31.4205651Z shell: /usr/bin/bash -e {0}
league-and-benchmark	Run dotnet run -c Release --project core/bench/SowSiege.Bench -- --filter '*' --job short --exporters json	2026-10-07T20:09:31.4205904Z env:
league-and-benchmark	Run dotnet run -c Release --project core/bench/SowSiege.Bench -- --filter '*' --job short --exporters json	2026-10-07T20:09:31.4206103Z   DOTNET_ROOT: /usr/share/dotnet
league-and-benchmark	Run dotnet run -c Release --project core/bench/SowSiege.Bench -- --filter '*' --job short --exporters json	2026-10-07T20:09:31.4206347Z ##[endgroup]
league-and-benchmark	Run dotnet run -c Release --project core/bench/SowSiege.Bench -- --filter '*' --job short --exporters json	2026-10-07T20:09:33.3308719Z // Validating benchmarks:
league-and-benchmark	Run dotnet run -c Release --project core/bench/SowSiege.Bench -- --filter '*' --job short --exporters json	2026-10-07T20:09:33.5068123Z // ***** BenchmarkRunner: Start   *****
league-and-benchmark	Run dotnet run -c Release --project core/bench/SowSiege.Bench -- --filter '*' --job short --exporters json	2026-10-07T20:09:33.5069310Z // ***** Found 1 benchmark(s) in total *****
league-and-benchmark	Run dotnet run -c Release --project core/bench/SowSiege.Bench -- --filter '*' --job short --exporters json	2026-10-07T20:09:33.5166091Z // ***** Building 1 exe(s) in Parallel: Start   *****
league-and-benchmark	Run dotnet run -c Release --project core/bench/SowSiege.Bench -- --filter '*' --job short --exporters json	2026-10-07T20:09:33.5749777Z // start dotnet  restore /p:UseSharedCompilation=false /p:BuildInParallel=false /m:1 /p:Deterministic=true /p:Optimize=true /p:IntermediateOutputPath="/home/runner/work/bs-mobile/bs-mobile/core/bench/SowSiege.Bench/bin/Release/net8.0/bf236bc4-54ac-4540-a422-62d99f81c2a2/obj/Release/net8.0/" /p:OutDir="/home/runner/work/bs-mobile/bs-mobile/core/bench/SowSiege.Bench/bin/Release/net8.0/bf236bc4-54ac-4540-a422-62d99f81c2a2/bin/Release/net8.0/" /p:OutputPath="/home/runner/work/bs-mobile/bs-mobile/core/bench/SowSiege.Bench/bin/Release/net8.0/bf236bc4-54ac-4540-a422-62d99f81c2a2/bin/Release/net8.0/" in /home/runner/work/bs-mobile/bs-mobile/core/bench/SowSiege.Bench/bin/Release/net8.0/bf236bc4-54ac-4540-a422-62d99f81c2a2
league-and-benchmark	Run dotnet run -c Release --project core/bench/SowSiege.Bench -- --filter '*' --job short --exporters json	2026-10-07T20:09:35.0399117Z // command took 1.46 sec and exited with 0
league-and-benchmark	Run dotnet run -c Release --project core/bench/SowSiege.Bench -- --filter '*' --job short --exporters json	2026-10-07T20:09:35.0442920Z // start dotnet  build -c Release --no-restore /p:UseSharedCompilation=false /p:BuildInParallel=false /m:1 /p:Deterministic=true /p:Optimize=true /p:IntermediateOutputPath="/home/runner/work/bs-mobile/bs-mobile/core/bench/SowSiege.Bench/bin/Release/net8.0/bf236bc4-54ac-4540-a422-62d99f81c2a2/obj/Release/net8.0/" /p:OutDir="/home/runner/work/bs-mobile/bs-mobile/core/bench/SowSiege.Bench/bin/Release/net8.0/bf236bc4-54ac-4540-a422-62d99f81c2a2/bin/Release/net8.0/" /p:OutputPath="/home/runner/work/bs-mobile/bs-mobile/core/bench/SowSiege.Bench/bin/Release/net8.0/bf236bc4-54ac-4540-a422-62d99f81c2a2/bin/Release/net8.0/" --output "/home/runner/work/bs-mobile/bs-mobile/core/bench/SowSiege.Bench/bin/Release/net8.0/bf236bc4-54ac-4540-a422-62d99f81c2a2/bin/Release/net8.0/" in /home/runner/work/bs-mobile/bs-mobile/core/bench/SowSiege.Bench/bin/Release/net8.0/bf236bc4-54ac-4540-a422-62d99f81c2a2
league-and-benchmark	Run dotnet run -c Release --project core/bench/SowSiege.Bench -- --filter '*' --job short --exporters json	2026-10-07T20:09:45.1470862Z // command took 10.1 sec and exited with 0
league-and-benchmark	Run dotnet run -c Release --project core/bench/SowSiege.Bench -- --filter '*' --job short --exporters json	2026-10-07T20:09:45.1509645Z // ***** Done, took 00:00:11 (11.63 sec)   *****
league-and-benchmark	Run dotnet run -c Release --project core/bench/SowSiege.Bench -- --filter '*' --job short --exporters json	2026-10-07T20:09:45.1565866Z // Found 1 benchmarks:
league-and-benchmark	Run dotnet run -c Release --project core/bench/SowSiege.Bench -- --filter '*' --job short --exporters json	2026-10-07T20:09:45.1577767Z //   ScaffoldBenchmarks.'S0 synthetic full run (not S2 combat)': ShortRun(IterationCount=3, LaunchCount=1, WarmupCount=3)
league-and-benchmark	Run dotnet run -c Release --project core/bench/SowSiege.Bench -- --filter '*' --job short --exporters json	2026-10-07T20:09:45.1578937Z 
league-and-benchmark	Run dotnet run -c Release --project core/bench/SowSiege.Bench -- --filter '*' --job short --exporters json	2026-10-07T20:09:45.1610075Z // **************************
league-and-benchmark	Run dotnet run -c Release --project core/bench/SowSiege.Bench -- --filter '*' --job short --exporters json	2026-10-07T20:09:45.1611544Z // Benchmark: ScaffoldBenchmarks.'S0 synthetic full run (not S2 combat)': ShortRun(IterationCount=3, LaunchCount=1, WarmupCount=3)
league-and-benchmark	Run dotnet run -c Release --project core/bench/SowSiege.Bench -- --filter '*' --job short --exporters json	2026-10-07T20:09:45.1618395Z // *** Execute ***
league-and-benchmark	Run dotnet run -c Release --project core/bench/SowSiege.Bench -- --filter '*' --job short --exporters json	2026-10-07T20:09:45.1624637Z // Launch: 1 / 1
league-and-benchmark	Run dotnet run -c Release --project core/bench/SowSiege.Bench -- --filter '*' --job short --exporters json	2026-10-07T20:09:45.1672651Z // Execute: dotnet bf236bc4-54ac-4540-a422-62d99f81c2a2.dll --anonymousPipes 117 118 --benchmarkName ScaffoldBenchmarks.FullRun --job ShortRun --benchmarkId 0 in /home/runner/work/bs-mobile/bs-mobile/core/bench/SowSiege.Bench/bin/Release/net8.0/bf236bc4-54ac-4540-a422-62d99f81c2a2/bin/Release/net8.0
league-and-benchmark	Run dotnet run -c Release --project core/bench/SowSiege.Bench -- --filter '*' --job short --exporters json	2026-10-07T20:09:45.1696506Z // Failed to set up high priority (Permission denied). In order to run benchmarks with high priority, make sure you have the right permissions.
league-and-benchmark	Run dotnet run -c Release --project core/bench/SowSiege.Bench -- --filter '*' --job short --exporters json	2026-10-07T20:09:45.2174184Z // BeforeAnythingElse
league-and-benchmark	Run dotnet run -c Release --project core/bench/SowSiege.Bench -- --filter '*' --job short --exporters json	2026-10-07T20:09:45.2278748Z 
league-and-benchmark	Run dotnet run -c Release --project core/bench/SowSiege.Bench -- --filter '*' --job short --exporters json	2026-10-07T20:09:45.2464088Z // Benchmark Process Environment Information:
league-and-benchmark	Run dotnet run -c Release --project core/bench/SowSiege.Bench -- --filter '*' --job short --exporters json	2026-10-07T20:09:45.2484373Z // BenchmarkDotNet v0.14.0
league-and-benchmark	Run dotnet run -c Release --project core/bench/SowSiege.Bench -- --filter '*' --job short --exporters json	2026-10-07T20:09:45.2491919Z // Runtime=.NET 8.0.31 (8.0.3126.42015), X64 RyuJIT AVX2
league-and-benchmark	Run dotnet run -c Release --project core/bench/SowSiege.Bench -- --filter '*' --job short --exporters json	2026-10-07T20:09:45.2492812Z // GC=Concurrent Workstation
league-and-benchmark	Run dotnet run -c Release --project core/bench/SowSiege.Bench -- --filter '*' --job short --exporters json	2026-10-07T20:09:45.2506307Z // HardwareIntrinsics=AVX2,AES,BMI1,BMI2,FMA,LZCNT,PCLMUL,POPCNT VectorSize=256
league-and-benchmark	Run dotnet run -c Release --project core/bench/SowSiege.Bench -- --filter '*' --job short --exporters json	2026-10-07T20:09:45.2668706Z // Job: ShortRun(IterationCount=3, LaunchCount=1, WarmupCount=3)
league-and-benchmark	Run dotnet run -c Release --project core/bench/SowSiege.Bench -- --filter '*' --job short --exporters json	2026-10-07T20:09:45.2669265Z 
league-and-benchmark	Run dotnet run -c Release --project core/bench/SowSiege.Bench -- --filter '*' --job short --exporters json	2026-10-07T20:09:45.3397293Z OverheadJitting  1: 1 op, 269794.00 ns, 269.7940 us/op
league-and-benchmark	Run dotnet run -c Release --project core/bench/SowSiege.Bench -- --filter '*' --job short --exporters json	2026-10-07T20:09:45.3517929Z WorkloadJitting  1: 1 op, 10298882.00 ns, 10.2989 ms/op
league-and-benchmark	Run dotnet run -c Release --project core/bench/SowSiege.Bench -- --filter '*' --job short --exporters json	2026-10-07T20:09:45.3519188Z 
league-and-benchmark	Run dotnet run -c Release --project core/bench/SowSiege.Bench -- --filter '*' --job short --exporters json	2026-10-07T20:09:45.3542021Z OverheadJitting  2: 16 op, 453197.00 ns, 28.3248 us/op
league-and-benchmark	Run dotnet run -c Release --project core/bench/SowSiege.Bench -- --filter '*' --job short --exporters json	2026-10-07T20:09:45.3568779Z WorkloadJitting  2: 16 op, 1461109.00 ns, 91.3193 us/op
league-and-benchmark	Run dotnet run -c Release --project core/bench/SowSiege.Bench -- --filter '*' --job short --exporters json	2026-10-07T20:09:45.3569259Z 
league-and-benchmark	Run dotnet run -c Release --project core/bench/SowSiege.Bench -- --filter '*' --job short --exporters json	2026-10-07T20:09:45.3608143Z WorkloadPilot    1: 16 op, 968859.00 ns, 60.5537 us/op
league-and-benchmark	Run dotnet run -c Release --project core/bench/SowSiege.Bench -- --filter '*' --job short --exporters json	2026-10-07T20:09:45.3639226Z WorkloadPilot    2: 32 op, 1805261.00 ns, 56.4144 us/op
league-and-benchmark	Run dotnet run -c Release --project core/bench/SowSiege.Bench -- --filter '*' --job short --exporters json	2026-10-07T20:09:45.3685670Z WorkloadPilot    3: 64 op, 3449892.00 ns, 53.9046 us/op
league-and-benchmark	Run dotnet run -c Release --project core/bench/SowSiege.Bench -- --filter '*' --job short --exporters json	2026-10-07T20:09:45.3769220Z WorkloadPilot    4: 128 op, 6889385.00 ns, 53.8233 us/op
league-and-benchmark	Run dotnet run -c Release --project core/bench/SowSiege.Bench -- --filter '*' --job short --exporters json	2026-10-07T20:09:45.3915848Z WorkloadPilot    5: 256 op, 13294215.00 ns, 51.9305 us/op
league-and-benchmark	Run dotnet run -c Release --project core/bench/SowSiege.Bench -- --filter '*' --job short --exporters json	2026-10-07T20:09:45.4224105Z WorkloadPilot    6: 512 op, 28904876.00 ns, 56.4548 us/op
league-and-benchmark	Run dotnet run -c Release --project core/bench/SowSiege.Bench -- --filter '*' --job short --exporters json	2026-10-07T20:09:45.4836535Z WorkloadPilot    7: 1024 op, 59639748.00 ns, 58.2419 us/op
league-and-benchmark	Run dotnet run -c Release --project core/bench/SowSiege.Bench -- --filter '*' --job short --exporters json	2026-10-07T20:09:45.5423001Z WorkloadPilot    8: 2048 op, 57067114.00 ns, 27.8648 us/op
league-and-benchmark	Run dotnet run -c Release --project core/bench/SowSiege.Bench -- --filter '*' --job short --exporters json	2026-10-07T20:09:45.6224312Z WorkloadPilot    9: 4096 op, 77920956.00 ns, 19.0237 us/op
league-and-benchmark	Run dotnet run -c Release --project core/bench/SowSiege.Bench -- --filter '*' --job short --exporters json	2026-10-07T20:09:45.7830005Z WorkloadPilot   10: 8192 op, 158681062.00 ns, 19.3702 us/op
league-and-benchmark	Run dotnet run -c Release --project core/bench/SowSiege.Bench -- --filter '*' --job short --exporters json	2026-10-07T20:09:45.9927756Z WorkloadPilot   11: 16384 op, 206208831.00 ns, 12.5860 us/op
league-and-benchmark	Run dotnet run -c Release --project core/bench/SowSiege.Bench -- --filter '*' --job short --exporters json	2026-10-07T20:09:46.3787808Z WorkloadPilot   12: 32768 op, 383501689.00 ns, 11.7035 us/op
league-and-benchmark	Run dotnet run -c Release --project core/bench/SowSiege.Bench -- --filter '*' --job short --exporters json	2026-10-07T20:09:47.1726063Z WorkloadPilot   13: 65536 op, 790648084.00 ns, 12.0643 us/op
league-and-benchmark	Run dotnet run -c Release --project core/bench/SowSiege.Bench -- --filter '*' --job short --exporters json	2026-10-07T20:09:47.1731736Z 
league-and-benchmark	Run dotnet run -c Release --project core/bench/SowSiege.Bench -- --filter '*' --job short --exporters json	2026-10-07T20:09:47.1768693Z OverheadWarmup   1: 65536 op, 533546.00 ns, 8.1413 ns/op
league-and-benchmark	Run dotnet run -c Release --project core/bench/SowSiege.Bench -- --filter '*' --job short --exporters json	2026-10-07T20:09:47.1790068Z OverheadWarmup   2: 65536 op, 558743.00 ns, 8.5257 ns/op
league-and-benchmark	Run dotnet run -c Release --project core/bench/SowSiege.Bench -- --filter '*' --job short --exporters json	2026-10-07T20:09:47.1811125Z OverheadWarmup   3: 65536 op, 555046.00 ns, 8.4693 ns/op
league-and-benchmark	Run dotnet run -c Release --project core/bench/SowSiege.Bench -- --filter '*' --job short --exporters json	2026-10-07T20:09:47.1832714Z OverheadWarmup   4: 65536 op, 568000.00 ns, 8.6670 ns/op
league-and-benchmark	Run dotnet run -c Release --project core/bench/SowSiege.Bench -- --filter '*' --job short --exporters json	2026-10-07T20:09:47.1854981Z OverheadWarmup   5: 65536 op, 577558.00 ns, 8.8128 ns/op
league-and-benchmark	Run dotnet run -c Release --project core/bench/SowSiege.Bench -- --filter '*' --job short --exporters json	2026-10-07T20:09:47.1871504Z OverheadWarmup   6: 65536 op, 362978.00 ns, 5.5386 ns/op
league-and-benchmark	Run dotnet run -c Release --project core/bench/SowSiege.Bench -- --filter '*' --job short --exporters json	2026-10-07T20:09:47.1872200Z 
league-and-benchmark	Run dotnet run -c Release --project core/bench/SowSiege.Bench -- --filter '*' --job short --exporters json	2026-10-07T20:09:47.1912694Z OverheadActual   1: 65536 op, 543465.00 ns, 8.2926 ns/op
league-and-benchmark	Run dotnet run -c Release --project core/bench/SowSiege.Bench -- --filter '*' --job short --exporters json	2026-10-07T20:09:47.1941617Z OverheadActual   2: 65536 op, 294249.00 ns, 4.4899 ns/op
league-and-benchmark	Run dotnet run -c Release --project core/bench/SowSiege.Bench -- --filter '*' --job short --exporters json	2026-10-07T20:09:47.1986440Z OverheadActual   3: 65536 op, 294309.00 ns, 4.4908 ns/op
league-and-benchmark	Run dotnet run -c Release --project core/bench/SowSiege.Bench -- --filter '*' --job short --exporters json	2026-10-07T20:09:47.2002583Z OverheadActual   4: 65536 op, 297065.00 ns, 4.5329 ns/op
league-and-benchmark	Run dotnet run -c Release --project core/bench/SowSiege.Bench -- --filter '*' --job short --exporters json	2026-10-07T20:09:47.2021435Z OverheadActual   5: 65536 op, 294240.00 ns, 4.4897 ns/op
league-and-benchmark	Run dotnet run -c Release --project core/bench/SowSiege.Bench -- --filter '*' --job short --exporters json	2026-10-07T20:09:47.2036828Z OverheadActual   6: 65536 op, 294179.00 ns, 4.4888 ns/op
league-and-benchmark	Run dotnet run -c Release --project core/bench/SowSiege.Bench -- --filter '*' --job short --exporters json	2026-10-07T20:09:47.2051578Z OverheadActual   7: 65536 op, 294319.00 ns, 4.4910 ns/op
league-and-benchmark	Run dotnet run -c Release --project core/bench/SowSiege.Bench -- --filter '*' --job short --exporters json	2026-10-07T20:09:47.2066566Z OverheadActual   8: 65536 op, 294169.00 ns, 4.4887 ns/op
league-and-benchmark	Run dotnet run -c Release --project core/bench/SowSiege.Bench -- --filter '*' --job short --exporters json	2026-10-07T20:09:47.2081308Z OverheadActual   9: 65536 op, 294209.00 ns, 4.4893 ns/op
league-and-benchmark	Run dotnet run -c Release --project core/bench/SowSiege.Bench -- --filter '*' --job short --exporters json	2026-10-07T20:09:47.2096295Z OverheadActual  10: 65536 op, 295011.00 ns, 4.5015 ns/op
league-and-benchmark	Run dotnet run -c Release --project core/bench/SowSiege.Bench -- --filter '*' --job short --exporters json	2026-10-07T20:09:47.2110968Z OverheadActual  11: 65536 op, 294259.00 ns, 4.4900 ns/op
league-and-benchmark	Run dotnet run -c Release --project core/bench/SowSiege.Bench -- --filter '*' --job short --exporters json	2026-10-07T20:09:47.2125975Z OverheadActual  12: 65536 op, 295030.00 ns, 4.5018 ns/op
league-and-benchmark	Run dotnet run -c Release --project core/bench/SowSiege.Bench -- --filter '*' --job short --exporters json	2026-10-07T20:09:47.2140822Z OverheadActual  13: 65536 op, 294270.00 ns, 4.4902 ns/op
league-and-benchmark	Run dotnet run -c Release --project core/bench/SowSiege.Bench -- --filter '*' --job short --exporters json	2026-10-07T20:09:47.2181563Z OverheadActual  14: 65536 op, 294981.00 ns, 4.5011 ns/op
league-and-benchmark	Run dotnet run -c Release --project core/bench/SowSiege.Bench -- --filter '*' --job short --exporters json	2026-10-07T20:09:47.2182513Z OverheadActual  15: 65536 op, 517206.00 ns, 7.8919 ns/op
league-and-benchmark	Run dotnet run -c Release --project core/bench/SowSiege.Bench -- --filter '*' --job short --exporters json	2026-10-07T20:09:47.2182972Z 
league-and-benchmark	Run dotnet run -c Release --project core/bench/SowSiege.Bench -- --filter '*' --job short --exporters json	2026-10-07T20:09:48.0001815Z WorkloadWarmup   1: 65536 op, 779007141.00 ns, 11.8867 us/op
league-and-benchmark	Run dotnet run -c Release --project core/bench/SowSiege.Bench -- --filter '*' --job short --exporters json	2026-10-07T20:09:48.7706295Z WorkloadWarmup   2: 65536 op, 768523346.00 ns, 11.7267 us/op
league-and-benchmark	Run dotnet run -c Release --project core/bench/SowSiege.Bench -- --filter '*' --job short --exporters json	2026-10-07T20:09:49.5402194Z WorkloadWarmup   3: 65536 op, 766340379.00 ns, 11.6934 us/op
league-and-benchmark	Run dotnet run -c Release --project core/bench/SowSiege.Bench -- --filter '*' --job short --exporters json	2026-10-07T20:09:49.5402732Z 
league-and-benchmark	Run dotnet run -c Release --project core/bench/SowSiege.Bench -- --filter '*' --job short --exporters json	2026-10-07T20:09:49.5402959Z // BeforeActualRun
league-and-benchmark	Run dotnet run -c Release --project core/bench/SowSiege.Bench -- --filter '*' --job short --exporters json	2026-10-07T20:09:50.3064788Z WorkloadActual   1: 65536 op, 765107157.00 ns, 11.6746 us/op
league-and-benchmark	Run dotnet run -c Release --project core/bench/SowSiege.Bench -- --filter '*' --job short --exporters json	2026-10-07T20:09:51.0721135Z WorkloadActual   2: 65536 op, 763468858.00 ns, 11.6496 us/op
league-and-benchmark	Run dotnet run -c Release --project core/bench/SowSiege.Bench -- --filter '*' --job short --exporters json	2026-10-07T20:09:51.8398366Z WorkloadActual   3: 65536 op, 765952475.00 ns, 11.6875 us/op
league-and-benchmark	Run dotnet run -c Release --project core/bench/SowSiege.Bench -- --filter '*' --job short --exporters json	2026-10-07T20:09:51.8404917Z 
league-and-benchmark	Run dotnet run -c Release --project core/bench/SowSiege.Bench -- --filter '*' --job short --exporters json	2026-10-07T20:09:51.8405196Z // AfterActualRun
league-and-benchmark	Run dotnet run -c Release --project core/bench/SowSiege.Bench -- --filter '*' --job short --exporters json	2026-10-07T20:09:52.6315997Z WorkloadResult   1: 65536 op, 764812848.00 ns, 11.6701 us/op
league-and-benchmark	Run dotnet run -c Release --project core/bench/SowSiege.Bench -- --filter '*' --job short --exporters json	2026-10-07T20:09:52.6317224Z WorkloadResult   2: 65536 op, 763174549.00 ns, 11.6451 us/op
league-and-benchmark	Run dotnet run -c Release --project core/bench/SowSiege.Bench -- --filter '*' --job short --exporters json	2026-10-07T20:09:52.6318319Z WorkloadResult   3: 65536 op, 765658166.00 ns, 11.6830 us/op
league-and-benchmark	Run dotnet run -c Release --project core/bench/SowSiege.Bench -- --filter '*' --job short --exporters json	2026-10-07T20:09:52.6319566Z // GC:  3 0 0 59769904 65536
league-and-benchmark	Run dotnet run -c Release --project core/bench/SowSiege.Bench -- --filter '*' --job short --exporters json	2026-10-07T20:09:52.6331499Z // Threading:  0 0 65536
league-and-benchmark	Run dotnet run -c Release --project core/bench/SowSiege.Bench -- --filter '*' --job short --exporters json	2026-10-07T20:09:52.6331788Z 
league-and-benchmark	Run dotnet run -c Release --project core/bench/SowSiege.Bench -- --filter '*' --job short --exporters json	2026-10-07T20:09:52.6335781Z // AfterAll
league-and-benchmark	Run dotnet run -c Release --project core/bench/SowSiege.Bench -- --filter '*' --job short --exporters json	2026-10-07T20:09:52.6572475Z // Benchmark Process 9871 has exited with code 0.
league-and-benchmark	Run dotnet run -c Release --project core/bench/SowSiege.Bench -- --filter '*' --job short --exporters json	2026-10-07T20:09:52.6605136Z 
league-and-benchmark	Run dotnet run -c Release --project core/bench/SowSiege.Bench -- --filter '*' --job short --exporters json	2026-10-07T20:09:52.6946527Z Mean = 11.666 us, StdErr = 0.011 us (0.10%), N = 3, StdDev = 0.019 us
league-and-benchmark	Run dotnet run -c Release --project core/bench/SowSiege.Bench -- --filter '*' --job short --exporters json	2026-10-07T20:09:52.6947697Z Min = 11.645 us, Q1 = 11.658 us, Median = 11.670 us, Q3 = 11.677 us, Max = 11.683 us
league-and-benchmark	Run dotnet run -c Release --project core/bench/SowSiege.Bench -- --filter '*' --job short --exporters json	2026-10-07T20:09:52.6948720Z IQR = 0.019 us, LowerFence = 11.629 us, UpperFence = 11.705 us
league-and-benchmark	Run dotnet run -c Release --project core/bench/SowSiege.Bench -- --filter '*' --job short --exporters json	2026-10-07T20:09:52.6949948Z ConfidenceInterval = [11.315 us; 12.018 us] (CI 99.9%), Margin = 0.352 us (3.01% of Mean)
league-and-benchmark	Run dotnet run -c Release --project core/bench/SowSiege.Bench -- --filter '*' --job short --exporters json	2026-10-07T20:09:52.6951214Z Skewness = -0.2, Kurtosis = 0.67, MValue = 2
league-and-benchmark	Run dotnet run -c Release --project core/bench/SowSiege.Bench -- --filter '*' --job short --exporters json	2026-10-07T20:09:52.6951605Z 
league-and-benchmark	Run dotnet run -c Release --project core/bench/SowSiege.Bench -- --filter '*' --job short --exporters json	2026-10-07T20:09:52.6972599Z // ** Remained 0 (0.0 %) benchmark(s) to run. Estimated finish 2026-10-07 20:09 (0h 0m from now) **
league-and-benchmark	Run dotnet run -c Release --project core/bench/SowSiege.Bench -- --filter '*' --job short --exporters json	2026-10-07T20:09:52.7291099Z // ***** BenchmarkRunner: Finish  *****
league-and-benchmark	Run dotnet run -c Release --project core/bench/SowSiege.Bench -- --filter '*' --job short --exporters json	2026-10-07T20:09:52.7291852Z 
league-and-benchmark	Run dotnet run -c Release --project core/bench/SowSiege.Bench -- --filter '*' --job short --exporters json	2026-10-07T20:09:52.7292042Z // * Export *
league-and-benchmark	Run dotnet run -c Release --project core/bench/SowSiege.Bench -- --filter '*' --job short --exporters json	2026-10-07T20:09:52.7317283Z   BenchmarkDotNet.Artifacts/results/ScaffoldBenchmarks-report.csv
league-and-benchmark	Run dotnet run -c Release --project core/bench/SowSiege.Bench -- --filter '*' --job short --exporters json	2026-10-07T20:09:52.7515804Z   BenchmarkDotNet.Artifacts/results/ScaffoldBenchmarks-report-github.md
league-and-benchmark	Run dotnet run -c Release --project core/bench/SowSiege.Bench -- --filter '*' --job short --exporters json	2026-10-07T20:09:52.7525395Z   BenchmarkDotNet.Artifacts/results/ScaffoldBenchmarks-report.html
league-and-benchmark	Run dotnet run -c Release --project core/bench/SowSiege.Bench -- --filter '*' --job short --exporters json	2026-10-07T20:09:52.7788513Z   BenchmarkDotNet.Artifacts/results/ScaffoldBenchmarks-report-full-compressed.json
league-and-benchmark	Run dotnet run -c Release --project core/bench/SowSiege.Bench -- --filter '*' --job short --exporters json	2026-10-07T20:09:52.7789243Z 
league-and-benchmark	Run dotnet run -c Release --project core/bench/SowSiege.Bench -- --filter '*' --job short --exporters json	2026-10-07T20:09:52.7789431Z // * Detailed results *
league-and-benchmark	Run dotnet run -c Release --project core/bench/SowSiege.Bench -- --filter '*' --job short --exporters json	2026-10-07T20:09:52.7792599Z ScaffoldBenchmarks.'S0 synthetic full run (not S2 combat)': ShortRun(IterationCount=3, LaunchCount=1, WarmupCount=3)
league-and-benchmark	Run dotnet run -c Release --project core/bench/SowSiege.Bench -- --filter '*' --job short --exporters json	2026-10-07T20:09:52.7794290Z Runtime = .NET 8.0.31 (8.0.3126.42015), X64 RyuJIT AVX2; GC = Concurrent Workstation
league-and-benchmark	Run dotnet run -c Release --project core/bench/SowSiege.Bench -- --filter '*' --job short --exporters json	2026-10-07T20:09:52.7802511Z Mean = 11.666 us, StdErr = 0.011 us (0.10%), N = 3, StdDev = 0.019 us
league-and-benchmark	Run dotnet run -c Release --project core/bench/SowSiege.Bench -- --filter '*' --job short --exporters json	2026-10-07T20:09:52.7803643Z Min = 11.645 us, Q1 = 11.658 us, Median = 11.670 us, Q3 = 11.677 us, Max = 11.683 us
league-and-benchmark	Run dotnet run -c Release --project core/bench/SowSiege.Bench -- --filter '*' --job short --exporters json	2026-10-07T20:09:52.7804684Z IQR = 0.019 us, LowerFence = 11.629 us, UpperFence = 11.705 us
league-and-benchmark	Run dotnet run -c Release --project core/bench/SowSiege.Bench -- --filter '*' --job short --exporters json	2026-10-07T20:09:52.7806040Z ConfidenceInterval = [11.315 us; 12.018 us] (CI 99.9%), Margin = 0.352 us (3.01% of Mean)
league-and-benchmark	Run dotnet run -c Release --project core/bench/SowSiege.Bench -- --filter '*' --job short --exporters json	2026-10-07T20:09:52.7807069Z Skewness = -0.2, Kurtosis = 0.67, MValue = 2
league-and-benchmark	Run dotnet run -c Release --project core/bench/SowSiege.Bench -- --filter '*' --job short --exporters json	2026-10-07T20:09:52.7807821Z -------------------- Histogram --------------------
league-and-benchmark	Run dotnet run -c Release --project core/bench/SowSiege.Bench -- --filter '*' --job short --exporters json	2026-10-07T20:09:52.7808478Z [11.628 us ; 11.701 us) | @@@
league-and-benchmark	Run dotnet run -c Release --project core/bench/SowSiege.Bench -- --filter '*' --job short --exporters json	2026-10-07T20:09:52.7809137Z ---------------------------------------------------
league-and-benchmark	Run dotnet run -c Release --project core/bench/SowSiege.Bench -- --filter '*' --job short --exporters json	2026-10-07T20:09:52.7809538Z 
league-and-benchmark	Run dotnet run -c Release --project core/bench/SowSiege.Bench -- --filter '*' --job short --exporters json	2026-10-07T20:09:52.7809713Z // * Summary *
league-and-benchmark	Run dotnet run -c Release --project core/bench/SowSiege.Bench -- --filter '*' --job short --exporters json	2026-10-07T20:09:52.7809951Z 
league-and-benchmark	Run dotnet run -c Release --project core/bench/SowSiege.Bench -- --filter '*' --job short --exporters json	2026-10-07T20:09:52.7810434Z BenchmarkDotNet v0.14.0, Ubuntu 24.04.5 LTS (Noble Numbat)
league-and-benchmark	Run dotnet run -c Release --project core/bench/SowSiege.Bench -- --filter '*' --job short --exporters json	2026-10-07T20:09:52.7811640Z AMD EPYC 7763, 1 CPU, 4 logical and 2 physical cores
league-and-benchmark	Run dotnet run -c Release --project core/bench/SowSiege.Bench -- --filter '*' --job short --exporters json	2026-10-07T20:09:52.7812191Z .NET SDK 8.0.425
league-and-benchmark	Run dotnet run -c Release --project core/bench/SowSiege.Bench -- --filter '*' --job short --exporters json	2026-10-07T20:09:52.7812692Z   [Host]   : .NET 8.0.31 (8.0.3126.42015), X64 RyuJIT AVX2
league-and-benchmark	Run dotnet run -c Release --project core/bench/SowSiege.Bench -- --filter '*' --job short --exporters json	2026-10-07T20:09:52.7813439Z   ShortRun : .NET 8.0.31 (8.0.3126.42015), X64 RyuJIT AVX2
league-and-benchmark	Run dotnet run -c Release --project core/bench/SowSiege.Bench -- --filter '*' --job short --exporters json	2026-10-07T20:09:52.7813863Z 
league-and-benchmark	Run dotnet run -c Release --project core/bench/SowSiege.Bench -- --filter '*' --job short --exporters json	2026-10-07T20:09:52.7814275Z Job=ShortRun  IterationCount=3  LaunchCount=1  
league-and-benchmark	Run dotnet run -c Release --project core/bench/SowSiege.Bench -- --filter '*' --job short --exporters json	2026-10-07T20:09:52.7814844Z WarmupCount=3  
league-and-benchmark	Run dotnet run -c Release --project core/bench/SowSiege.Bench -- --filter '*' --job short --exporters json	2026-10-07T20:09:52.7815070Z 
league-and-benchmark	Run dotnet run -c Release --project core/bench/SowSiege.Bench -- --filter '*' --job short --exporters json	2026-10-07T20:09:52.7815747Z | Method                                  | Mean     | Error    | StdDev   | Gen0   | Allocated |
league-and-benchmark	Run dotnet run -c Release --project core/bench/SowSiege.Bench -- --filter '*' --job short --exporters json	2026-10-07T20:09:52.7817063Z |---------------------------------------- |---------:|---------:|---------:|-------:|----------:|
league-and-benchmark	Run dotnet run -c Release --project core/bench/SowSiege.Bench -- --filter '*' --job short --exporters json	2026-10-07T20:09:52.7818431Z | 'S0 synthetic full run (not S2 combat)' | 11.67 us | 0.352 us | 0.019 us | 0.0458 |     912 B |
league-and-benchmark	Run dotnet run -c Release --project core/bench/SowSiege.Bench -- --filter '*' --job short --exporters json	2026-10-07T20:09:52.7983220Z 
league-and-benchmark	Run dotnet run -c Release --project core/bench/SowSiege.Bench -- --filter '*' --job short --exporters json	2026-10-07T20:09:52.7983860Z // * Legends *
league-and-benchmark	Run dotnet run -c Release --project core/bench/SowSiege.Bench -- --filter '*' --job short --exporters json	2026-10-07T20:09:52.7984695Z   Mean      : Arithmetic mean of all measurements
league-and-benchmark	Run dotnet run -c Release --project core/bench/SowSiege.Bench -- --filter '*' --job short --exporters json	2026-10-07T20:09:52.7985385Z   Error     : Half of 99.9% confidence interval
league-and-benchmark	Run dotnet run -c Release --project core/bench/SowSiege.Bench -- --filter '*' --job short --exporters json	2026-10-07T20:09:52.7986076Z   StdDev    : Standard deviation of all measurements
league-and-benchmark	Run dotnet run -c Release --project core/bench/SowSiege.Bench -- --filter '*' --job short --exporters json	2026-10-07T20:09:52.7986878Z   Gen0      : GC Generation 0 collects per 1000 operations
league-and-benchmark	Run dotnet run -c Release --project core/bench/SowSiege.Bench -- --filter '*' --job short --exporters json	2026-10-07T20:09:52.7987876Z   Allocated : Allocated memory per single operation (managed only, inclusive, 1KB = 1024B)
league-and-benchmark	Run dotnet run -c Release --project core/bench/SowSiege.Bench -- --filter '*' --job short --exporters json	2026-10-07T20:09:52.7988794Z   1 us      : 1 Microsecond (0.000001 sec)
league-and-benchmark	Run dotnet run -c Release --project core/bench/SowSiege.Bench -- --filter '*' --job short --exporters json	2026-10-07T20:09:52.7989161Z 
league-and-benchmark	Run dotnet run -c Release --project core/bench/SowSiege.Bench -- --filter '*' --job short --exporters json	2026-10-07T20:09:52.7989568Z // * Diagnostic Output - MemoryDiagnoser *
league-and-benchmark	Run dotnet run -c Release --project core/bench/SowSiege.Bench -- --filter '*' --job short --exporters json	2026-10-07T20:09:52.7989954Z 
league-and-benchmark	Run dotnet run -c Release --project core/bench/SowSiege.Bench -- --filter '*' --job short --exporters json	2026-10-07T20:09:52.7989969Z 
league-and-benchmark	Run dotnet run -c Release --project core/bench/SowSiege.Bench -- --filter '*' --job short --exporters json	2026-10-07T20:09:52.7990282Z // ***** BenchmarkRunner: End *****
league-and-benchmark	Run dotnet run -c Release --project core/bench/SowSiege.Bench -- --filter '*' --job short --exporters json	2026-10-07T20:09:52.7994535Z Run time: 00:00:07 (7.54 sec), executed benchmarks: 1
league-and-benchmark	Run dotnet run -c Release --project core/bench/SowSiege.Bench -- --filter '*' --job short --exporters json	2026-10-07T20:09:52.7994997Z 
league-and-benchmark	Run dotnet run -c Release --project core/bench/SowSiege.Bench -- --filter '*' --job short --exporters json	2026-10-07T20:09:52.7996015Z Global total time: 00:00:19 (19.29 sec), executed benchmarks: 1
league-and-benchmark	Run dotnet run -c Release --project core/bench/SowSiege.Bench -- --filter '*' --job short --exporters json	2026-10-07T20:09:52.8000000Z // * Artifacts cleanup *
league-and-benchmark	Run dotnet run -c Release --project core/bench/SowSiege.Bench -- --filter '*' --job short --exporters json	2026-10-07T20:09:52.8197508Z Artifacts cleanup is finished
league-and-benchmark	Run actions/upload-artifact@ea165f8d65b6e75b540449e92b4886f43607fa02	﻿2026-10-07T20:09:52.8594175Z ##[group]Run actions/upload-artifact@ea165f8d65b6e75b540449e92b4886f43607fa02
league-and-benchmark	Run actions/upload-artifact@ea165f8d65b6e75b540449e92b4886f43607fa02	2026-10-07T20:09:52.8594614Z with:
league-and-benchmark	Run actions/upload-artifact@ea165f8d65b6e75b540449e92b4886f43607fa02	2026-10-07T20:09:52.8594919Z   name: nightly-1a95c2074b838979b733ab2bda341f1382776fac-37679521811
league-and-benchmark	Run actions/upload-artifact@ea165f8d65b6e75b540449e92b4886f43607fa02	2026-10-07T20:09:52.8595340Z   path: artifacts/
league-and-benchmark	Run actions/upload-artifact@ea165f8d65b6e75b540449e92b4886f43607fa02	BenchmarkDotNet.Artifacts/
league-and-benchmark	Run actions/upload-artifact@ea165f8d65b6e75b540449e92b4886f43607fa02	
league-and-benchmark	Run actions/upload-artifact@ea165f8d65b6e75b540449e92b4886f43607fa02	2026-10-07T20:09:52.8595653Z   retention-days: 90
league-and-benchmark	Run actions/upload-artifact@ea165f8d65b6e75b540449e92b4886f43607fa02	2026-10-07T20:09:52.8595875Z   if-no-files-found: warn
league-and-benchmark	Run actions/upload-artifact@ea165f8d65b6e75b540449e92b4886f43607fa02	2026-10-07T20:09:52.8596105Z   compression-level: 6
league-and-benchmark	Run actions/upload-artifact@ea165f8d65b6e75b540449e92b4886f43607fa02	2026-10-07T20:09:52.8596325Z   overwrite: false
league-and-benchmark	Run actions/upload-artifact@ea165f8d65b6e75b540449e92b4886f43607fa02	2026-10-07T20:09:52.8596547Z   include-hidden-files: false
league-and-benchmark	Run actions/upload-artifact@ea165f8d65b6e75b540449e92b4886f43607fa02	2026-10-07T20:09:52.8596778Z env:
league-and-benchmark	Run actions/upload-artifact@ea165f8d65b6e75b540449e92b4886f43607fa02	2026-10-07T20:09:52.8596986Z   DOTNET_ROOT: /usr/share/dotnet
league-and-benchmark	Run actions/upload-artifact@ea165f8d65b6e75b540449e92b4886f43607fa02	2026-10-07T20:09:52.8597226Z ##[endgroup]
league-and-benchmark	Run actions/upload-artifact@ea165f8d65b6e75b540449e92b4886f43607fa02	2026-10-07T20:09:53.0258465Z (node:9891) [DEP0040] DeprecationWarning: The `punycode` module is deprecated. Please use a userland alternative instead.
league-and-benchmark	Run actions/upload-artifact@ea165f8d65b6e75b540449e92b4886f43607fa02	2026-10-07T20:09:53.0259349Z (Use `node --trace-deprecation ...` to show where the warning was created)
league-and-benchmark	Run actions/upload-artifact@ea165f8d65b6e75b540449e92b4886f43607fa02	2026-10-07T20:09:53.3248374Z Multiple search paths detected. Calculating the least common ancestor of all paths
league-and-benchmark	Run actions/upload-artifact@ea165f8d65b6e75b540449e92b4886f43607fa02	2026-10-07T20:09:53.3251024Z The least common ancestor is /home/runner/work/bs-mobile/bs-mobile. This will be the root directory of the artifact
league-and-benchmark	Run actions/upload-artifact@ea165f8d65b6e75b540449e92b4886f43607fa02	2026-10-07T20:09:53.3252374Z With the provided path, there will be 1581 files uploaded
league-and-benchmark	Run actions/upload-artifact@ea165f8d65b6e75b540449e92b4886f43607fa02	2026-10-07T20:09:53.3257464Z Artifact name is valid!
league-and-benchmark	Run actions/upload-artifact@ea165f8d65b6e75b540449e92b4886f43607fa02	2026-10-07T20:09:53.3258108Z Root directory input is valid!
league-and-benchmark	Run actions/upload-artifact@ea165f8d65b6e75b540449e92b4886f43607fa02	2026-10-07T20:09:53.6787697Z Beginning upload of artifact content to blob storage
league-and-benchmark	Run actions/upload-artifact@ea165f8d65b6e75b540449e92b4886f43607fa02	2026-10-07T20:09:54.4620073Z (node:9891) [DEP0169] DeprecationWarning: `url.parse()` behavior is not standardized and prone to errors that have security implications. Use the WHATWG URL API instead. CVEs are not issued for `url.parse()` vulnerabilities.
league-and-benchmark	Run actions/upload-artifact@ea165f8d65b6e75b540449e92b4886f43607fa02	2026-10-07T20:09:54.9046033Z Uploaded bytes 854496
league-and-benchmark	Run actions/upload-artifact@ea165f8d65b6e75b540449e92b4886f43607fa02	2026-10-07T20:09:54.9629063Z Finished uploading artifact content to blob storage!
league-and-benchmark	Run actions/upload-artifact@ea165f8d65b6e75b540449e92b4886f43607fa02	2026-10-07T20:09:54.9630241Z SHA256 digest of uploaded artifact zip is a464f28fc7a4892f56938a40c73fa06dae742553656df59f1acf8beb59530894
league-and-benchmark	Run actions/upload-artifact@ea165f8d65b6e75b540449e92b4886f43607fa02	2026-10-07T20:09:54.9632669Z Finalizing artifact upload
league-and-benchmark	Run actions/upload-artifact@ea165f8d65b6e75b540449e92b4886f43607fa02	2026-10-07T20:09:55.2430130Z Artifact nightly-1a95c2074b838979b733ab2bda341f1382776fac-37679521811.zip successfully finalized. Artifact ID 11508967246
league-and-benchmark	Run actions/upload-artifact@ea165f8d65b6e75b540449e92b4886f43607fa02	2026-10-07T20:09:55.2432536Z Artifact nightly-1a95c2074b838979b733ab2bda341f1382776fac-37679521811 has been successfully uploaded! Final size is 854496 bytes. Artifact ID is 11508967246
league-and-benchmark	Run actions/upload-artifact@ea165f8d65b6e75b540449e92b4886f43607fa02	2026-10-07T20:09:55.2434405Z Artifact download URL: https://github.com/hyunlord/bs-mobile/actions/runs/37679521811/artifacts/11508967246
league-and-benchmark	Post Run actions/setup-node@49933ea5288caeca8642d1e84afbd3f7d6820020	﻿2026-10-07T20:09:55.2694418Z Post job cleanup.
league-and-benchmark	Post Run actions/setup-node@49933ea5288caeca8642d1e84afbd3f7d6820020	2026-10-07T20:09:55.3937470Z (node:9903) [DEP0040] DeprecationWarning: The `punycode` module is deprecated. Please use a userland alternative instead.
league-and-benchmark	Post Run actions/setup-node@49933ea5288caeca8642d1e84afbd3f7d6820020	2026-10-07T20:09:55.3938543Z (Use `node --trace-deprecation ...` to show where the warning was created)
league-and-benchmark	Post Run actions/setup-node@49933ea5288caeca8642d1e84afbd3f7d6820020	2026-10-07T20:09:55.4192151Z [command]/usr/bin/tar --posix -cf cache.tzst --exclude cache.tzst -P -C /home/runner/work/bs-mobile/bs-mobile --files-from manifest.txt --use-compress-program zstdmt
league-and-benchmark	Post Run actions/setup-node@49933ea5288caeca8642d1e84afbd3f7d6820020	2026-10-07T20:09:55.6014853Z Failed to save: Unable to reserve cache with key node-cache-Linux-x64-npm-cdb2da766a805e8f9ebcf60a145848332c0bb5aaf2bc7f6f00be2d7028f88b29, another job may be creating this cache.
league-and-benchmark	Post Run actions/setup-dotnet@67a3573c9a986a3f9c594539f4ab511d57bb3ce9	﻿2026-10-07T20:09:55.6122331Z Post job cleanup.
league-and-benchmark	Post Run actions/setup-dotnet@67a3573c9a986a3f9c594539f4ab511d57bb3ce9	2026-10-07T20:09:55.7297389Z (node:9923) [DEP0040] DeprecationWarning: The `punycode` module is deprecated. Please use a userland alternative instead.
league-and-benchmark	Post Run actions/setup-dotnet@67a3573c9a986a3f9c594539f4ab511d57bb3ce9	2026-10-07T20:09:55.7298529Z (Use `node --trace-deprecation ...` to show where the warning was created)
league-and-benchmark	Post Run actions/checkout@11d5960a326750d5838078e36cf38b85af677262	﻿2026-10-07T20:09:55.7481543Z Post job cleanup.
league-and-benchmark	Post Run actions/checkout@11d5960a326750d5838078e36cf38b85af677262	2026-10-07T20:09:55.8352529Z [command]/usr/bin/git version
league-and-benchmark	Post Run actions/checkout@11d5960a326750d5838078e36cf38b85af677262	2026-10-07T20:09:55.8398816Z git version 2.55.0
league-and-benchmark	Post Run actions/checkout@11d5960a326750d5838078e36cf38b85af677262	2026-10-07T20:09:55.8441347Z Temporarily overriding HOME='/home/runner/work/_temp/44cf3889-3cee-43e7-8e41-3b28b923e5a5' before making global git config changes
league-and-benchmark	Post Run actions/checkout@11d5960a326750d5838078e36cf38b85af677262	2026-10-07T20:09:55.8443303Z Adding repository directory to the temporary git global config as a safe directory
league-and-benchmark	Post Run actions/checkout@11d5960a326750d5838078e36cf38b85af677262	2026-10-07T20:09:55.8446899Z [command]/usr/bin/git config --global --add safe.directory /home/runner/work/bs-mobile/bs-mobile
league-and-benchmark	Post Run actions/checkout@11d5960a326750d5838078e36cf38b85af677262	2026-10-07T20:09:55.8485646Z [command]/usr/bin/git config --local --name-only --get-regexp core\.sshCommand
league-and-benchmark	Post Run actions/checkout@11d5960a326750d5838078e36cf38b85af677262	2026-10-07T20:09:55.8522901Z [command]/usr/bin/git submodule foreach --recursive sh -c "git config --local --name-only --get-regexp 'core\.sshCommand' && git config --local --unset-all 'core.sshCommand' || :"
league-and-benchmark	Post Run actions/checkout@11d5960a326750d5838078e36cf38b85af677262	2026-10-07T20:09:55.8773027Z [command]/usr/bin/git config --local --name-only --get-regexp http\.https\:\/\/github\.com\/\.extraheader
league-and-benchmark	Post Run actions/checkout@11d5960a326750d5838078e36cf38b85af677262	2026-10-07T20:09:55.8811255Z [command]/usr/bin/git submodule foreach --recursive sh -c "git config --local --name-only --get-regexp 'http\.https\:\/\/github\.com\/\.extraheader' && git config --local --unset-all 'http.https://github.com/.extraheader' || :"
league-and-benchmark	Post Run actions/checkout@11d5960a326750d5838078e36cf38b85af677262	2026-10-07T20:09:55.9078415Z [command]/usr/bin/git config --local --name-only --get-regexp ^includeIf\.gitdir:
league-and-benchmark	Post Run actions/checkout@11d5960a326750d5838078e36cf38b85af677262	2026-10-07T20:09:55.9119284Z [command]/usr/bin/git submodule foreach --recursive git config --local --show-origin --name-only --get-regexp remote.origin.url
league-and-benchmark	Complete job	﻿2026-10-07T20:09:55.9526062Z Cleaning up orphan processes
league-and-benchmark	Complete job	2026-10-07T20:09:55.9840018Z Terminate orphan process: pid (2764) (dotnet)
league-and-benchmark	Complete job	2026-10-07T20:09:55.9940076Z Terminate orphan process: pid (2873) (dotnet)
league-and-benchmark	Complete job	2026-10-07T20:09:55.9983508Z Terminate orphan process: pid (2874) (dotnet)
league-and-benchmark	Complete job	2026-10-07T20:09:56.0034881Z Terminate orphan process: pid (2876) (dotnet)
league-and-benchmark	Complete job	2026-10-07T20:09:56.0181351Z ##[warning]Node.js 20 is deprecated. The following actions target Node.js 20 but are being forced to run on Node.js 24: actions/checkout@11d5960a326750d5838078e36cf38b85af677262, actions/setup-dotnet@67a3573c9a986a3f9c594539f4ab511d57bb3ce9, actions/setup-node@49933ea5288caeca8642d1e84afbd3f7d6820020, actions/upload-artifact@ea165f8d65b6e75b540449e92b4886f43607fa02. For more information see: https://github.blog/changelog/2025-09-19-deprecation-of-node-20-on-github-actions-runners/
