✔ crossover accepts a positive tie and excludes zero-only samples (1.390708ms)
✔ dominance fails even when all policies tie in every condition (0.1825ms)
✔ crossover none is computed from direct damage (0.053042ms)
✔ crossover zero only is computed from direct damage (0.039708ms)
✔ crossover later is computed from direct damage (0.045167ms)
✔ crossover first positive is computed from direct damage (0.028208ms)
✔ rotating condition winners have no universally co-first policy (0.084208ms)
✔ food and residence differences cannot break a rank tie (0.083ms)
✔ synthetic matrix validates zero-card and zero-loot cases (3.35375ms)
✔ rejects missing case (2.705167ms)
✔ rejects duplicate case (2.499375ms)
✔ rejects terminal mismatch (2.569709ms)
✔ rejects negative delta (2.551708ms)
✔ rejects missing tick0 (2.545958ms)
✔ rejects repeat mismatch (2.575417ms)
✔ rejects duplicate repeat (2.346333ms)
✔ rejects bad final inventory (2.476209ms)
✔ rejects unmatched effect (3.134458ms)
✔ rejects effect identity drift (2.997875ms)
✔ rejects numeric garbage (1.727ms)
✔ actual chosen mixed tool is counted once, never as an item (4.74175ms)
✔ chosen-not-offered card fails closed (2.990416ms)
✔ loot quantities reconcile actual unlimited inventory stack counts (3.429417ms)
✔ zero XP ratios are null and do not become damage (3.276625ms)
✔ observed cohorts do not forward-fill early terminal cases (3.608125ms)
✔ CLI reproduces report bytes solely from copied seven CSV inputs (94.941708ms)
✔ report and producer share identical frozen CSV headers (0.074792ms)
✔ universally cofirst subset fails even when unique wins vary (0.106917ms)
✔ recrossing retains first observed crossing (0.039ms)
✔ uppercase .NET SHA256 metadata and result hashes are valid hex digests (4.151583ms)
✔ rejects lifecycle/catalog mutation: alive flag with zero terminal health (3.078083ms)
✔ rejects lifecycle/catalog mutation: dead flag with positive terminal health (2.666875ms)
✔ rejects lifecycle/catalog mutation: regressing level (2.496333ms)
✔ rejects lifecycle/catalog mutation: regressing season (2.693916ms)
✔ rejects lifecycle/catalog mutation: inconsistent terminal food (2.843833ms)
✔ rejects lifecycle/catalog mutation: missing periodic sample (2.474292ms)
✔ rejects lifecycle/catalog mutation: invalid source commit (1.587708ms)
✔ rejects lifecycle/catalog mutation: invalid season configuration (1.684083ms)
✔ rejects lifecycle/catalog mutation: foreign catalog card (2.288083ms)
✔ premature alive duration is rejected even when terminal sums match (2.331416ms)
✔ rejects frozen protocol violation: alive death label (2.298291ms)
✔ rejects frozen protocol violation: smoke falsely unshortened (1.689167ms)
✔ rejects frozen protocol violation: load scenario in league (1.507959ms)
ℹ tests 43
ℹ suites 0
ℹ pass 43
ℹ fail 0
ℹ cancelled 0
ℹ skipped 0
ℹ todo 0
ℹ duration_ms 215.03975
