quality	Full gate	﻿2026-10-07T20:07:56.3532915Z ##[group]Run ./tools/check.sh
quality	Full gate	2026-10-07T20:07:56.3533479Z [36;1m./tools/check.sh[0m
quality	Full gate	2026-10-07T20:07:56.3808699Z shell: /usr/bin/bash -e {0}
quality	Full gate	2026-10-07T20:07:56.3809459Z env:
quality	Full gate	2026-10-07T20:07:56.3810072Z   DOTNET_ROOT: /usr/share/dotnet
quality	Full gate	2026-10-07T20:07:56.3815627Z   GH_TOKEN: ***
quality	Full gate	2026-10-07T20:07:56.3816126Z ##[endgroup]
quality	Full gate	2026-10-07T20:07:57.3222815Z 
quality	Full gate	2026-10-07T20:07:57.3230523Z added 5 packages, and audited 6 packages in 871ms
quality	Full gate	2026-10-07T20:07:57.3231293Z 
quality	Full gate	2026-10-07T20:07:57.3231782Z 2 packages are looking for funding
quality	Full gate	2026-10-07T20:07:57.3232438Z   run `npm fund` for details
quality	Full gate	2026-10-07T20:07:57.3232803Z 
quality	Full gate	2026-10-07T20:07:57.3233141Z found 0 vulnerabilities
quality	Full gate	2026-10-07T20:07:57.4638214Z 
quality	Full gate	2026-10-07T20:07:57.4639076Z > test
quality	Full gate	2026-10-07T20:07:57.4639895Z > node --test tools/test-content-validator.mjs
quality	Full gate	2026-10-07T20:07:57.4640827Z 
quality	Full gate	2026-10-07T20:07:57.5152579Z TAP version 13
quality	Full gate	2026-10-07T20:07:57.6756402Z # Subtest: valid schema and cross-record references pass
quality	Full gate	2026-10-07T20:07:57.6757884Z ok 1 - valid schema and cross-record references pass
quality	Full gate	2026-10-07T20:07:57.6758798Z   ---
quality	Full gate	2026-10-07T20:07:57.6759637Z   duration_ms: 84.666792
quality	Full gate	2026-10-07T20:07:57.6760618Z   type: 'test'
quality	Full gate	2026-10-07T20:07:57.6761205Z   ...
quality	Full gate	2026-10-07T20:07:57.7206551Z # Subtest: rejects damage below minimum
quality	Full gate	2026-10-07T20:07:57.7208268Z ok 2 - rejects damage below minimum
quality	Full gate	2026-10-07T20:07:57.7209083Z   ---
quality	Full gate	2026-10-07T20:07:57.7209600Z   duration_ms: 46.153985
quality	Full gate	2026-10-07T20:07:57.7210428Z   type: 'test'
quality	Full gate	2026-10-07T20:07:57.7210903Z   ...
quality	Full gate	2026-10-07T20:07:57.7577213Z # Subtest: rejects unknown field
quality	Full gate	2026-10-07T20:07:57.7578964Z ok 3 - rejects unknown field
quality	Full gate	2026-10-07T20:07:57.7580338Z   ---
quality	Full gate	2026-10-07T20:07:57.7581385Z   duration_ms: 37.708972
quality	Full gate	2026-10-07T20:07:57.7582684Z   type: 'test'
quality	Full gate	2026-10-07T20:07:57.7584292Z   ...
quality	Full gate	2026-10-07T20:07:57.8041101Z # Subtest: rejects missing growth
quality	Full gate	2026-10-07T20:07:57.8043579Z ok 4 - rejects missing growth
quality	Full gate	2026-10-07T20:07:57.8061235Z   ---
quality	Full gate	2026-10-07T20:07:57.8062220Z   duration_ms: 46.578646
quality	Full gate	2026-10-07T20:07:57.8062557Z   type: 'test'
quality	Full gate	2026-10-07T20:07:57.8062845Z   ...
quality	Full gate	2026-10-07T20:07:57.8345345Z # Subtest: rejects missing activation
quality	Full gate	2026-10-07T20:07:57.8346694Z ok 5 - rejects missing activation
quality	Full gate	2026-10-07T20:07:57.8347321Z   ---
quality	Full gate	2026-10-07T20:07:57.8347743Z   duration_ms: 30.304981
quality	Full gate	2026-10-07T20:07:57.8348216Z   type: 'test'
quality	Full gate	2026-10-07T20:07:57.8348784Z   ...
quality	Full gate	2026-10-07T20:07:57.8791934Z # Subtest: rejects wrong scalar type
quality	Full gate	2026-10-07T20:07:57.8793266Z ok 6 - rejects wrong scalar type
quality	Full gate	2026-10-07T20:07:57.8794206Z   ---
quality	Full gate	2026-10-07T20:07:57.8795234Z   duration_ms: 44.586692
quality	Full gate	2026-10-07T20:07:57.8796953Z   type: 'test'
quality	Full gate	2026-10-07T20:07:57.8800106Z   ...
quality	Full gate	2026-10-07T20:07:57.9089881Z # Subtest: rejects invalid namespace
quality	Full gate	2026-10-07T20:07:57.9091587Z ok 7 - rejects invalid namespace
quality	Full gate	2026-10-07T20:07:57.9092646Z   ---
quality	Full gate	2026-10-07T20:07:57.9093427Z   duration_ms: 29.909463
quality	Full gate	2026-10-07T20:07:57.9093990Z   type: 'test'
quality	Full gate	2026-10-07T20:07:57.9094642Z   ...
quality	Full gate	2026-10-07T20:07:57.9301096Z # Subtest: rejects unresolved hero tool
quality	Full gate	2026-10-07T20:07:57.9302487Z ok 8 - rejects unresolved hero tool
quality	Full gate	2026-10-07T20:07:57.9303529Z   ---
quality	Full gate	2026-10-07T20:07:57.9304290Z   duration_ms: 20.961333
quality	Full gate	2026-10-07T20:07:57.9305194Z   type: 'test'
quality	Full gate	2026-10-07T20:07:57.9305585Z   ...
quality	Full gate	2026-10-07T20:07:57.9521934Z # Subtest: rejects wrong-kind reference
quality	Full gate	2026-10-07T20:07:57.9522812Z ok 9 - rejects wrong-kind reference
quality	Full gate	2026-10-07T20:07:57.9523868Z   ---
quality	Full gate	2026-10-07T20:07:57.9525617Z   duration_ms: 22.04965
quality	Full gate	2026-10-07T20:07:57.9526112Z   type: 'test'
quality	Full gate	2026-10-07T20:07:57.9526471Z   ...
quality	Full gate	2026-10-07T20:07:57.9761213Z # Subtest: rejects unresolved estate tool
quality	Full gate	2026-10-07T20:07:57.9764146Z ok 10 - rejects unresolved estate tool
quality	Full gate	2026-10-07T20:07:57.9766334Z   ---
quality	Full gate	2026-10-07T20:07:57.9766800Z   duration_ms: 23.547711
quality	Full gate	2026-10-07T20:07:57.9767641Z   type: 'test'
quality	Full gate	2026-10-07T20:07:57.9768404Z   ...
quality	Full gate	2026-10-07T20:07:58.0003326Z # Subtest: rejects unresolved tuning hero
quality	Full gate	2026-10-07T20:07:58.0004268Z ok 11 - rejects unresolved tuning hero
quality	Full gate	2026-10-07T20:07:58.0005074Z   ---
quality	Full gate	2026-10-07T20:07:58.0005897Z   duration_ms: 24.224864
quality	Full gate	2026-10-07T20:07:58.0006329Z   type: 'test'
quality	Full gate	2026-10-07T20:07:58.0006691Z   ...
quality	Full gate	2026-10-07T20:07:58.0255970Z # Subtest: rejects unresolved anti-synergy
quality	Full gate	2026-10-07T20:07:58.0257181Z ok 12 - rejects unresolved anti-synergy
quality	Full gate	2026-10-07T20:07:58.0257788Z   ---
quality	Full gate	2026-10-07T20:07:58.0258395Z   duration_ms: 25.310088
quality	Full gate	2026-10-07T20:07:58.0258962Z   type: 'test'
quality	Full gate	2026-10-07T20:07:58.0259400Z   ...
quality	Full gate	2026-10-07T20:07:58.0479418Z # Subtest: rejects invalid schema
quality	Full gate	2026-10-07T20:07:58.0480087Z ok 13 - rejects invalid schema
quality	Full gate	2026-10-07T20:07:58.0480404Z   ---
quality	Full gate	2026-10-07T20:07:58.0480766Z   duration_ms: 22.277239
quality	Full gate	2026-10-07T20:07:58.0481180Z   type: 'test'
quality	Full gate	2026-10-07T20:07:58.0481647Z   ...
quality	Full gate	2026-10-07T20:07:58.0694252Z # Subtest: rejects undeclared schema draft
quality	Full gate	2026-10-07T20:07:58.0696122Z ok 14 - rejects undeclared schema draft
quality	Full gate	2026-10-07T20:07:58.0696877Z   ---
quality	Full gate	2026-10-07T20:07:58.0697337Z   duration_ms: 21.37791
quality	Full gate	2026-10-07T20:07:58.0697826Z   type: 'test'
quality	Full gate	2026-10-07T20:07:58.0698290Z   ...
quality	Full gate	2026-10-07T20:07:58.0998637Z # Subtest: rejects unknown schema keyword
quality	Full gate	2026-10-07T20:07:58.1000551Z ok 15 - rejects unknown schema keyword
quality	Full gate	2026-10-07T20:07:58.1001653Z   ---
quality	Full gate	2026-10-07T20:07:58.1002100Z   duration_ms: 29.8552
quality	Full gate	2026-10-07T20:07:58.1002424Z   type: 'test'
quality	Full gate	2026-10-07T20:07:58.1002665Z   ...
quality	Full gate	2026-10-07T20:07:58.1243958Z # Subtest: recursively checks test content and global duplicate IDs
quality	Full gate	2026-10-07T20:07:58.1245725Z ok 16 - recursively checks test content and global duplicate IDs
quality	Full gate	2026-10-07T20:07:58.1246890Z   ---
quality	Full gate	2026-10-07T20:07:58.1251791Z   duration_ms: 24.825125
quality	Full gate	2026-10-07T20:07:58.1252710Z   type: 'test'
quality	Full gate	2026-10-07T20:07:58.1253276Z   ...
quality	Full gate	2026-10-07T20:07:58.1481726Z # Subtest: rejects content without matching schema
quality	Full gate	2026-10-07T20:07:58.1483246Z ok 17 - rejects content without matching schema
quality	Full gate	2026-10-07T20:07:58.1484217Z   ---
quality	Full gate	2026-10-07T20:07:58.1485438Z   duration_ms: 23.301659
quality	Full gate	2026-10-07T20:07:58.1486482Z   type: 'test'
quality	Full gate	2026-10-07T20:07:58.1486951Z   ...
quality	Full gate	2026-10-07T20:07:58.1761368Z # Subtest: skin numbers fail even if schema permits arbitrary fields
quality	Full gate	2026-10-07T20:07:58.1764027Z ok 18 - skin numbers fail even if schema permits arbitrary fields
quality	Full gate	2026-10-07T20:07:58.1765806Z   ---
quality	Full gate	2026-10-07T20:07:58.1766476Z   duration_ms: 27.799351
quality	Full gate	2026-10-07T20:07:58.1767010Z   type: 'test'
quality	Full gate	2026-10-07T20:07:58.1767407Z   ...
quality	Full gate	2026-10-07T20:07:58.2045476Z # Subtest: valid Draft2020 unevaluatedProperties is enforced
quality	Full gate	2026-10-07T20:07:58.2047025Z ok 19 - valid Draft2020 unevaluatedProperties is enforced
quality	Full gate	2026-10-07T20:07:58.2047941Z   ---
quality	Full gate	2026-10-07T20:07:58.2048575Z   duration_ms: 27.475576
quality	Full gate	2026-10-07T20:07:58.2049282Z   type: 'test'
quality	Full gate	2026-10-07T20:07:58.2049955Z   ...
quality	Full gate	2026-10-07T20:07:58.2284298Z # Subtest: rejects malformed JSON instead of silently skipping it
quality	Full gate	2026-10-07T20:07:58.2286304Z ok 20 - rejects malformed JSON instead of silently skipping it
quality	Full gate	2026-10-07T20:07:58.2287359Z   ---
quality	Full gate	2026-10-07T20:07:58.2288159Z   duration_ms: 25.176501
quality	Full gate	2026-10-07T20:07:58.2288905Z   type: 'test'
quality	Full gate	2026-10-07T20:07:58.2289523Z   ...
quality	Full gate	2026-10-07T20:07:58.2422381Z 1..20
quality	Full gate	2026-10-07T20:07:58.2422866Z # tests 20
quality	Full gate	2026-10-07T20:07:58.2423242Z # suites 0
quality	Full gate	2026-10-07T20:07:58.2423643Z # pass 20
quality	Full gate	2026-10-07T20:07:58.2424066Z # fail 0
quality	Full gate	2026-10-07T20:07:58.2425031Z # cancelled 0
quality	Full gate	2026-10-07T20:07:58.2425880Z # skipped 0
quality	Full gate	2026-10-07T20:07:58.2426526Z # todo 0
quality	Full gate	2026-10-07T20:07:58.2427349Z # duration_ms 740.396692
quality	Full gate	2026-10-07T20:07:58.3498627Z 
quality	Full gate	2026-10-07T20:07:58.3499343Z > validate
quality	Full gate	2026-10-07T20:07:58.3500027Z > node tools/validate-content.mjs
quality	Full gate	2026-10-07T20:07:58.3500426Z 
quality	Full gate	2026-10-07T20:07:58.4978512Z {
quality	Full gate	2026-10-07T20:07:58.4979330Z   "valid": true,
quality	Full gate	2026-10-07T20:07:58.4979998Z   "records": 7,
quality	Full gate	2026-10-07T20:07:58.4980629Z   "schemas": 4,
quality	Full gate	2026-10-07T20:07:58.4981243Z   "errors": []
quality	Full gate	2026-10-07T20:07:58.4981829Z }
quality	Full gate	2026-10-07T20:07:58.5520485Z metrics selftest PASS
quality	Full gate	2026-10-07T20:07:59.0475397Z PR policy: issue, ADR, template and comment checks passed
quality	Full gate	2026-10-07T20:08:14.9013531Z PASS BCL algorithm
quality	Full gate	2026-10-07T20:08:14.9583744Z PASS comments are not code
quality	Full gate	2026-10-07T20:08:15.0572351Z PASS engine unused import
quality	Full gate	2026-10-07T20:08:15.1044961Z PASS inactive branch engine
quality	Full gate	2026-10-07T20:08:15.1607186Z PASS inactive branch numeric
quality	Full gate	2026-10-07T20:08:15.2135657Z PASS engine alias
quality	Full gate	2026-10-07T20:08:15.2621111Z PASS content id literal
quality	Full gate	2026-10-07T20:08:15.3097032Z PASS content id escaped
quality	Full gate	2026-10-07T20:08:15.3333145Z PASS content id concatenated
quality	Full gate	2026-10-07T20:08:15.3696116Z PASS content id interpolated
quality	Full gate	2026-10-07T20:08:15.3931417Z PASS data id without namespace
quality	Full gate	2026-10-07T20:08:15.4160690Z PASS gameplay local
quality	Full gate	2026-10-07T20:08:15.4544067Z PASS gameplay const
quality	Full gate	2026-10-07T20:08:15.5072118Z PASS gameplay hexadecimal
quality	Full gate	2026-10-07T20:08:15.5375267Z PASS gameplay negative
quality	Full gate	2026-10-07T20:08:15.5935001Z PASS seeded random
quality	Full gate	2026-10-07T20:08:15.6285599Z PASS unseeded random
quality	Full gate	2026-10-07T20:08:15.6786078Z PASS implicit new random
quality	Full gate	2026-10-07T20:08:15.7114260Z PASS shared random
quality	Full gate	2026-10-07T20:08:15.7584670Z PASS clock alias
quality	Full gate	2026-10-07T20:08:15.8028789Z PASS clock static import
quality	Full gate	2026-10-07T20:08:15.8394654Z PASS random guid
quality	Full gate	2026-10-07T20:08:15.8752104Z PASS stopwatch
quality	Full gate	2026-10-07T20:08:15.9348723Z PASS exact algorithm constant exemption
quality	Full gate	2026-10-07T20:08:15.9349619Z ArchitectureGuard self-tests: 24/24 passed.
quality	Full gate	2026-10-07T20:08:15.9831759Z PASS repository PackageReference
quality	Full gate	2026-10-07T20:08:15.9962820Z PASS repository ProjectReference
quality	Full gate	2026-10-07T20:08:16.0092501Z PASS repository Reference
quality	Full gate	2026-10-07T20:08:16.0246186Z PASS repository FrameworkReference
quality	Full gate	2026-10-07T20:08:16.0614079Z PASS repository JSON-discovered content ID
quality	Full gate	2026-10-07T20:08:16.0914171Z PASS repository inherited package reference
quality	Full gate	2026-10-07T20:08:17.9338247Z ArchitectureGuard: 0 violation(s).
quality	Full gate	2026-10-07T20:08:19.0448871Z   Determining projects to restore...
quality	Full gate	2026-10-07T20:08:19.6897154Z   Restored /home/runner/work/bs-mobile/bs-mobile/core/src/SowSiege.Core/SowSiege.Core.csproj (in 106 ms).
quality	Full gate	2026-10-07T20:08:19.6898719Z   Restored /home/runner/work/bs-mobile/bs-mobile/core/src/SowSiege.Sim/SowSiege.Sim.csproj (in 110 ms).
quality	Full gate	2026-10-07T20:08:20.8716051Z   Restored /home/runner/work/bs-mobile/bs-mobile/core/tests/SowSiege.Tests/SowSiege.Tests.csproj (in 1.3 sec).
quality	Full gate	2026-10-07T20:08:21.7416706Z   Restored /home/runner/work/bs-mobile/bs-mobile/core/bench/SowSiege.Bench/SowSiege.Bench.csproj (in 2.17 sec).
quality	Full gate	2026-10-07T20:08:23.1106482Z   SowSiege.Core -> /home/runner/work/bs-mobile/bs-mobile/core/src/SowSiege.Core/bin/Release/net8.0/SowSiege.Core.dll
quality	Full gate	2026-10-07T20:08:23.9009667Z   SowSiege.Sim -> /home/runner/work/bs-mobile/bs-mobile/core/src/SowSiege.Sim/bin/Release/net8.0/SowSiege.Sim.dll
quality	Full gate	2026-10-07T20:08:24.8346355Z   SowSiege.Tests -> /home/runner/work/bs-mobile/bs-mobile/core/tests/SowSiege.Tests/bin/Release/net8.0/SowSiege.Tests.dll
quality	Full gate	2026-10-07T20:08:25.0018898Z   SowSiege.Bench -> /home/runner/work/bs-mobile/bs-mobile/core/bench/SowSiege.Bench/bin/Release/net8.0/SowSiege.Bench.dll
quality	Full gate	2026-10-07T20:08:25.0635229Z 
quality	Full gate	2026-10-07T20:08:25.0695767Z Build succeeded.
quality	Full gate	2026-10-07T20:08:25.0714053Z     0 Warning(s)
quality	Full gate	2026-10-07T20:08:25.0736266Z     0 Error(s)
quality	Full gate	2026-10-07T20:08:25.0740768Z 
quality	Full gate	2026-10-07T20:08:25.0741568Z Time Elapsed 00:00:03.09
quality	Full gate	2026-10-07T20:08:27.1581985Z Test run for /home/runner/work/bs-mobile/bs-mobile/core/tests/SowSiege.Tests/bin/Release/net8.0/SowSiege.Tests.dll (.NETCoreApp,Version=v8.0)
quality	Full gate	2026-10-07T20:08:27.4240153Z VSTest version 17.11.1 (x64)
quality	Full gate	2026-10-07T20:08:27.4354877Z 
quality	Full gate	2026-10-07T20:08:27.8210978Z Starting test execution, please wait...
quality	Full gate	2026-10-07T20:08:27.9121502Z A total of 1 test files matched the specified pattern.
quality	Full gate	2026-10-07T20:08:28.5316517Z [xUnit.net 00:00:00.23]     SowSiege.Tests.SimulationTests.SameSeedProducesSameHashThreeTimes [FAIL]
quality	Full gate	2026-10-07T20:08:28.6549506Z   Failed SowSiege.Tests.SimulationTests.SameSeedProducesSameHashThreeTimes [9 ms]
quality	Full gate	2026-10-07T20:08:28.6550743Z   Error Message:
quality	Full gate	2026-10-07T20:08:28.6551646Z    Assert.Single() Failure: The collection contained 3 items
quality	Full gate	2026-10-07T20:08:28.6555350Z Collection: ["ABE36E920039FEEB4590BC66AAFE97662919094A7E2243A025"···, "D2FB280BDE2C9BC1E4182BA9FE7E582AB53E3D06B9ECEB7AF6"···, "30C135B2BEF408F255AF6AEC24BB402A4303FBC8DEA2C4A998"···]
quality	Full gate	2026-10-07T20:08:28.6557442Z   Stack Trace:
quality	Full gate	2026-10-07T20:08:28.6559225Z      at SowSiege.Tests.SimulationTests.SameSeedProducesSameHashThreeTimes() in /home/runner/work/bs-mobile/bs-mobile/core/tests/SowSiege.Tests/SimulationTests.cs:line 16
quality	Full gate	2026-10-07T20:08:28.6561504Z    at System.RuntimeMethodHandle.InvokeMethod(Object target, Void** arguments, Signature sig, Boolean isConstructor)
quality	Full gate	2026-10-07T20:08:28.6562687Z    at System.Reflection.MethodBaseInvoker.InvokeWithNoArgs(Object obj, BindingFlags invokeAttr)
quality	Full gate	2026-10-07T20:08:28.6723248Z Results File: /home/runner/work/bs-mobile/bs-mobile/artifacts/tests/tests.trx
quality	Full gate	2026-10-07T20:08:28.6726264Z 
quality	Full gate	2026-10-07T20:08:28.6780577Z Failed!  - Failed:     1, Passed:     5, Skipped:     0, Total:     6, Duration: 27 ms - SowSiege.Tests.dll (net8.0)
quality	Full gate	2026-10-07T20:08:28.7588409Z ##[error]Process completed with exit code 1.
