quality	Full gate	﻿2026-10-07T20:06:33.5523581Z ##[group]Run ./tools/check.sh
quality	Full gate	2026-10-07T20:06:33.5524076Z [36;1m./tools/check.sh[0m
quality	Full gate	2026-10-07T20:06:33.5754457Z shell: /usr/bin/bash -e {0}
quality	Full gate	2026-10-07T20:06:33.5754928Z env:
quality	Full gate	2026-10-07T20:06:33.5755223Z   DOTNET_ROOT: /usr/share/dotnet
quality	Full gate	2026-10-07T20:06:33.5758033Z   GH_TOKEN: ***
quality	Full gate	2026-10-07T20:06:33.5758323Z ##[endgroup]
quality	Full gate	2026-10-07T20:06:34.4602534Z 
quality	Full gate	2026-10-07T20:06:34.4609539Z added 5 packages, and audited 6 packages in 815ms
quality	Full gate	2026-10-07T20:06:34.4609931Z 
quality	Full gate	2026-10-07T20:06:34.4610368Z 2 packages are looking for funding
quality	Full gate	2026-10-07T20:06:34.4610733Z   run `npm fund` for details
quality	Full gate	2026-10-07T20:06:34.4613122Z 
quality	Full gate	2026-10-07T20:06:34.4613396Z found 0 vulnerabilities
quality	Full gate	2026-10-07T20:06:34.6024592Z 
quality	Full gate	2026-10-07T20:06:34.6025221Z > test
quality	Full gate	2026-10-07T20:06:34.6527493Z > node --test tools/test-content-validator.mjs
quality	Full gate	2026-10-07T20:06:34.6527979Z 
quality	Full gate	2026-10-07T20:06:34.6528136Z TAP version 13
quality	Full gate	2026-10-07T20:06:34.8026484Z # Subtest: valid schema and cross-record references pass
quality	Full gate	2026-10-07T20:06:34.8031877Z ok 1 - valid schema and cross-record references pass
quality	Full gate	2026-10-07T20:06:34.8032982Z   ---
quality	Full gate	2026-10-07T20:06:34.8033917Z   duration_ms: 74.560437
quality	Full gate	2026-10-07T20:06:34.8034352Z   type: 'test'
quality	Full gate	2026-10-07T20:06:34.8034612Z   ...
quality	Full gate	2026-10-07T20:06:34.8411148Z # Subtest: rejects damage below minimum
quality	Full gate	2026-10-07T20:06:34.8417152Z ok 2 - rejects damage below minimum
quality	Full gate	2026-10-07T20:06:34.8417819Z   ---
quality	Full gate	2026-10-07T20:06:34.8418175Z   duration_ms: 38.617627
quality	Full gate	2026-10-07T20:06:34.8418572Z   type: 'test'
quality	Full gate	2026-10-07T20:06:34.8418906Z   ...
quality	Full gate	2026-10-07T20:06:34.8713090Z # Subtest: rejects unknown field
quality	Full gate	2026-10-07T20:06:34.8713958Z ok 3 - rejects unknown field
quality	Full gate	2026-10-07T20:06:34.8716211Z   ---
quality	Full gate	2026-10-07T20:06:34.8716597Z   duration_ms: 29.995028
quality	Full gate	2026-10-07T20:06:34.8717120Z   type: 'test'
quality	Full gate	2026-10-07T20:06:34.8717897Z   ...
quality	Full gate	2026-10-07T20:06:34.9108436Z # Subtest: rejects missing growth
quality	Full gate	2026-10-07T20:06:34.9109597Z ok 4 - rejects missing growth
quality	Full gate	2026-10-07T20:06:34.9110579Z   ---
quality	Full gate	2026-10-07T20:06:34.9111161Z   duration_ms: 39.325227
quality	Full gate	2026-10-07T20:06:34.9117871Z   type: 'test'
quality	Full gate	2026-10-07T20:06:34.9118573Z   ...
quality	Full gate	2026-10-07T20:06:34.9387475Z # Subtest: rejects missing activation
quality	Full gate	2026-10-07T20:06:34.9421927Z ok 5 - rejects missing activation
quality	Full gate	2026-10-07T20:06:34.9422669Z   ---
quality	Full gate	2026-10-07T20:06:34.9445127Z   duration_ms: 27.74154
quality	Full gate	2026-10-07T20:06:34.9461073Z   type: 'test'
quality	Full gate	2026-10-07T20:06:34.9461563Z   ...
quality	Full gate	2026-10-07T20:06:34.9932671Z # Subtest: rejects wrong scalar type
quality	Full gate	2026-10-07T20:06:34.9933635Z ok 6 - rejects wrong scalar type
quality	Full gate	2026-10-07T20:06:34.9934193Z   ---
quality	Full gate	2026-10-07T20:06:34.9934674Z   duration_ms: 53.776318
quality	Full gate	2026-10-07T20:06:34.9935142Z   type: 'test'
quality	Full gate	2026-10-07T20:06:34.9935526Z   ...
quality	Full gate	2026-10-07T20:06:35.0229529Z # Subtest: rejects invalid namespace
quality	Full gate	2026-10-07T20:06:35.0230408Z ok 7 - rejects invalid namespace
quality	Full gate	2026-10-07T20:06:35.0230711Z   ---
quality	Full gate	2026-10-07T20:06:35.0231054Z   duration_ms: 30.309807
quality	Full gate	2026-10-07T20:06:35.0231404Z   type: 'test'
quality	Full gate	2026-10-07T20:06:35.0232700Z   ...
quality	Full gate	2026-10-07T20:06:35.0468555Z # Subtest: rejects unresolved hero tool
quality	Full gate	2026-10-07T20:06:35.0469441Z ok 8 - rejects unresolved hero tool
quality	Full gate	2026-10-07T20:06:35.0469860Z   ---
quality	Full gate	2026-10-07T20:06:35.0470361Z   duration_ms: 23.666289
quality	Full gate	2026-10-07T20:06:35.0470755Z   type: 'test'
quality	Full gate	2026-10-07T20:06:35.0476254Z   ...
quality	Full gate	2026-10-07T20:06:35.0740607Z # Subtest: rejects wrong-kind reference
quality	Full gate	2026-10-07T20:06:35.0742553Z ok 9 - rejects wrong-kind reference
quality	Full gate	2026-10-07T20:06:35.0743273Z   ---
quality	Full gate	2026-10-07T20:06:35.0743612Z   duration_ms: 26.84561
quality	Full gate	2026-10-07T20:06:35.0743983Z   type: 'test'
quality	Full gate	2026-10-07T20:06:35.0744288Z   ...
quality	Full gate	2026-10-07T20:06:35.0958414Z # Subtest: rejects unresolved estate tool
quality	Full gate	2026-10-07T20:06:35.0961931Z ok 10 - rejects unresolved estate tool
quality	Full gate	2026-10-07T20:06:35.0962431Z   ---
quality	Full gate	2026-10-07T20:06:35.0962927Z   duration_ms: 22.145219
quality	Full gate	2026-10-07T20:06:35.0963247Z   type: 'test'
quality	Full gate	2026-10-07T20:06:35.0963530Z   ...
quality	Full gate	2026-10-07T20:06:35.1167678Z # Subtest: rejects unresolved tuning hero
quality	Full gate	2026-10-07T20:06:35.1168680Z ok 11 - rejects unresolved tuning hero
quality	Full gate	2026-10-07T20:06:35.1169127Z   ---
quality	Full gate	2026-10-07T20:06:35.1169747Z   duration_ms: 20.784644
quality	Full gate	2026-10-07T20:06:35.1170019Z   type: 'test'
quality	Full gate	2026-10-07T20:06:35.1170465Z   ...
quality	Full gate	2026-10-07T20:06:35.1377830Z # Subtest: rejects unresolved anti-synergy
quality	Full gate	2026-10-07T20:06:35.1379236Z ok 12 - rejects unresolved anti-synergy
quality	Full gate	2026-10-07T20:06:35.1379866Z   ---
quality	Full gate	2026-10-07T20:06:35.1380536Z   duration_ms: 21.031608
quality	Full gate	2026-10-07T20:06:35.1381050Z   type: 'test'
quality	Full gate	2026-10-07T20:06:35.1381522Z   ...
quality	Full gate	2026-10-07T20:06:35.1587306Z # Subtest: rejects invalid schema
quality	Full gate	2026-10-07T20:06:35.1587934Z ok 13 - rejects invalid schema
quality	Full gate	2026-10-07T20:06:35.1588341Z   ---
quality	Full gate	2026-10-07T20:06:35.1589715Z   duration_ms: 20.795223
quality	Full gate	2026-10-07T20:06:35.1590014Z   type: 'test'
quality	Full gate	2026-10-07T20:06:35.1590476Z   ...
quality	Full gate	2026-10-07T20:06:35.1768857Z # Subtest: rejects undeclared schema draft
quality	Full gate	2026-10-07T20:06:35.1769611Z ok 14 - rejects undeclared schema draft
quality	Full gate	2026-10-07T20:06:35.1769986Z   ---
quality	Full gate	2026-10-07T20:06:35.1770523Z   duration_ms: 18.065138
quality	Full gate	2026-10-07T20:06:35.1770779Z   type: 'test'
quality	Full gate	2026-10-07T20:06:35.1770994Z   ...
quality	Full gate	2026-10-07T20:06:35.1997641Z # Subtest: rejects unknown schema keyword
quality	Full gate	2026-10-07T20:06:35.1998461Z ok 15 - rejects unknown schema keyword
quality	Full gate	2026-10-07T20:06:35.1999561Z   ---
quality	Full gate	2026-10-07T20:06:35.1999841Z   duration_ms: 22.82045
quality	Full gate	2026-10-07T20:06:35.2000391Z   type: 'test'
quality	Full gate	2026-10-07T20:06:35.2000747Z   ...
quality	Full gate	2026-10-07T20:06:35.2254276Z # Subtest: recursively checks test content and global duplicate IDs
quality	Full gate	2026-10-07T20:06:35.2255637Z ok 16 - recursively checks test content and global duplicate IDs
quality	Full gate	2026-10-07T20:06:35.2256131Z   ---
quality	Full gate	2026-10-07T20:06:35.2256525Z   duration_ms: 25.567769
quality	Full gate	2026-10-07T20:06:35.2256955Z   type: 'test'
quality	Full gate	2026-10-07T20:06:35.2257424Z   ...
quality	Full gate	2026-10-07T20:06:35.2435907Z # Subtest: rejects content without matching schema
quality	Full gate	2026-10-07T20:06:35.2436874Z ok 17 - rejects content without matching schema
quality	Full gate	2026-10-07T20:06:35.2437358Z   ---
quality	Full gate	2026-10-07T20:06:35.2437732Z   duration_ms: 18.024978
quality	Full gate	2026-10-07T20:06:35.2438173Z   type: 'test'
quality	Full gate	2026-10-07T20:06:35.2438495Z   ...
quality	Full gate	2026-10-07T20:06:35.2626090Z # Subtest: skin numbers fail even if schema permits arbitrary fields
quality	Full gate	2026-10-07T20:06:35.2627170Z ok 18 - skin numbers fail even if schema permits arbitrary fields
quality	Full gate	2026-10-07T20:06:35.2627542Z   ---
quality	Full gate	2026-10-07T20:06:35.2627768Z   duration_ms: 18.90206
quality	Full gate	2026-10-07T20:06:35.2628014Z   type: 'test'
quality	Full gate	2026-10-07T20:06:35.2628225Z   ...
quality	Full gate	2026-10-07T20:06:35.2834410Z # Subtest: valid Draft2020 unevaluatedProperties is enforced
quality	Full gate	2026-10-07T20:06:35.2835399Z ok 19 - valid Draft2020 unevaluatedProperties is enforced
quality	Full gate	2026-10-07T20:06:35.2835925Z   ---
quality	Full gate	2026-10-07T20:06:35.2836235Z   duration_ms: 20.759414
quality	Full gate	2026-10-07T20:06:35.2836591Z   type: 'test'
quality	Full gate	2026-10-07T20:06:35.2836805Z   ...
quality	Full gate	2026-10-07T20:06:35.3069733Z # Subtest: rejects malformed JSON instead of silently skipping it
quality	Full gate	2026-10-07T20:06:35.3070924Z ok 20 - rejects malformed JSON instead of silently skipping it
quality	Full gate	2026-10-07T20:06:35.3071471Z   ---
quality	Full gate	2026-10-07T20:06:35.3072062Z   duration_ms: 23.666369
quality	Full gate	2026-10-07T20:06:35.3072309Z   type: 'test'
quality	Full gate	2026-10-07T20:06:35.3072521Z   ...
quality	Full gate	2026-10-07T20:06:35.3199826Z 1..20
quality	Full gate	2026-10-07T20:06:35.3200438Z # tests 20
quality	Full gate	2026-10-07T20:06:35.3200772Z # suites 0
quality	Full gate	2026-10-07T20:06:35.3201081Z # pass 20
quality	Full gate	2026-10-07T20:06:35.3201379Z # fail 0
quality	Full gate	2026-10-07T20:06:35.3201882Z # cancelled 0
quality	Full gate	2026-10-07T20:06:35.3202274Z # skipped 0
quality	Full gate	2026-10-07T20:06:35.3202589Z # todo 0
quality	Full gate	2026-10-07T20:06:35.3202977Z # duration_ms 679.786089
quality	Full gate	2026-10-07T20:06:35.4279959Z 
quality	Full gate	2026-10-07T20:06:35.4281493Z > validate
quality	Full gate	2026-10-07T20:06:35.4282386Z > node tools/validate-content.mjs
quality	Full gate	2026-10-07T20:06:35.4282992Z 
quality	Full gate	2026-10-07T20:06:35.5716058Z {
quality	Full gate	2026-10-07T20:06:35.5717178Z   "valid": true,
quality	Full gate	2026-10-07T20:06:35.5717559Z   "records": 7,
quality	Full gate	2026-10-07T20:06:35.5717893Z   "schemas": 4,
quality	Full gate	2026-10-07T20:06:35.5718220Z   "errors": []
quality	Full gate	2026-10-07T20:06:35.6263386Z }
quality	Full gate	2026-10-07T20:06:35.6263758Z metrics selftest PASS
quality	Full gate	2026-10-07T20:06:36.0856165Z PR policy: issue, ADR, template and comment checks passed
quality	Full gate	2026-10-07T20:06:52.7860055Z PASS BCL algorithm
quality	Full gate	2026-10-07T20:06:52.8167711Z PASS comments are not code
quality	Full gate	2026-10-07T20:06:52.8884982Z PASS engine unused import
quality	Full gate	2026-10-07T20:06:52.9365559Z PASS inactive branch engine
quality	Full gate	2026-10-07T20:06:52.9895730Z PASS inactive branch numeric
quality	Full gate	2026-10-07T20:06:53.0362540Z PASS engine alias
quality	Full gate	2026-10-07T20:06:53.0821278Z PASS content id literal
quality	Full gate	2026-10-07T20:06:53.1306142Z PASS content id escaped
quality	Full gate	2026-10-07T20:06:53.1539805Z PASS content id concatenated
quality	Full gate	2026-10-07T20:06:53.1887170Z PASS content id interpolated
quality	Full gate	2026-10-07T20:06:53.2115142Z PASS data id without namespace
quality	Full gate	2026-10-07T20:06:53.2335842Z PASS gameplay local
quality	Full gate	2026-10-07T20:06:53.2720953Z PASS gameplay const
quality	Full gate	2026-10-07T20:06:53.3224005Z PASS gameplay hexadecimal
quality	Full gate	2026-10-07T20:06:53.3459005Z PASS gameplay negative
quality	Full gate	2026-10-07T20:06:53.3998028Z PASS seeded random
quality	Full gate	2026-10-07T20:06:53.4312767Z PASS unseeded random
quality	Full gate	2026-10-07T20:06:53.4808532Z PASS implicit new random
quality	Full gate	2026-10-07T20:06:53.5128321Z PASS shared random
quality	Full gate	2026-10-07T20:06:53.5574283Z PASS clock alias
quality	Full gate	2026-10-07T20:06:53.6015362Z PASS clock static import
quality	Full gate	2026-10-07T20:06:53.6382289Z PASS random guid
quality	Full gate	2026-10-07T20:06:53.6729918Z PASS stopwatch
quality	Full gate	2026-10-07T20:06:53.7310483Z PASS exact algorithm constant exemption
quality	Full gate	2026-10-07T20:06:53.7311282Z ArchitectureGuard self-tests: 24/24 passed.
quality	Full gate	2026-10-07T20:06:53.7772240Z PASS repository PackageReference
quality	Full gate	2026-10-07T20:06:53.7914623Z PASS repository ProjectReference
quality	Full gate	2026-10-07T20:06:53.8039986Z PASS repository Reference
quality	Full gate	2026-10-07T20:06:53.8177359Z PASS repository FrameworkReference
quality	Full gate	2026-10-07T20:06:53.8531534Z PASS repository JSON-discovered content ID
quality	Full gate	2026-10-07T20:06:53.8831761Z PASS repository inherited package reference
quality	Full gate	2026-10-07T20:06:55.5904901Z /home/runner/work/bs-mobile/bs-mobile/core/src/SowSiege.Core/Simulation.cs(1): AG001 Engine names are forbidden in Core, including unused imports.
quality	Full gate	2026-10-07T20:06:55.5905767Z ArchitectureGuard: 1 violation(s).
quality	Full gate	2026-10-07T20:06:55.6169065Z ##[error]Process completed with exit code 1.
quality	Run actions/upload-artifact@ea165f8d65b6e75b540449e92b4886f43607fa02	﻿2026-10-07T20:06:55.6279289Z ##[group]Run actions/upload-artifact@ea165f8d65b6e75b540449e92b4886f43607fa02
quality	Run actions/upload-artifact@ea165f8d65b6e75b540449e92b4886f43607fa02	2026-10-07T20:06:55.6279717Z with:
quality	Run actions/upload-artifact@ea165f8d65b6e75b540449e92b4886f43607fa02	2026-10-07T20:06:55.6279990Z   name: evidence-d199b181a8279469260e9f94b31d0b53b6d4993f
quality	Run actions/upload-artifact@ea165f8d65b6e75b540449e92b4886f43607fa02	2026-10-07T20:06:55.6280617Z   path: artifacts/
quality	Run actions/upload-artifact@ea165f8d65b6e75b540449e92b4886f43607fa02	2026-10-07T20:06:55.6280850Z   retention-days: 90
quality	Run actions/upload-artifact@ea165f8d65b6e75b540449e92b4886f43607fa02	2026-10-07T20:06:55.6281084Z   if-no-files-found: error
quality	Run actions/upload-artifact@ea165f8d65b6e75b540449e92b4886f43607fa02	2026-10-07T20:06:55.6281333Z   compression-level: 6
quality	Run actions/upload-artifact@ea165f8d65b6e75b540449e92b4886f43607fa02	2026-10-07T20:06:55.6281558Z   overwrite: false
quality	Run actions/upload-artifact@ea165f8d65b6e75b540449e92b4886f43607fa02	2026-10-07T20:06:55.6281777Z   include-hidden-files: false
quality	Run actions/upload-artifact@ea165f8d65b6e75b540449e92b4886f43607fa02	2026-10-07T20:06:55.6282024Z env:
quality	Run actions/upload-artifact@ea165f8d65b6e75b540449e92b4886f43607fa02	2026-10-07T20:06:55.6282238Z   DOTNET_ROOT: /usr/share/dotnet
quality	Run actions/upload-artifact@ea165f8d65b6e75b540449e92b4886f43607fa02	2026-10-07T20:06:55.6282495Z ##[endgroup]
quality	Run actions/upload-artifact@ea165f8d65b6e75b540449e92b4886f43607fa02	2026-10-07T20:06:55.8003100Z (node:2786) [DEP0040] DeprecationWarning: The `punycode` module is deprecated. Please use a userland alternative instead.
quality	Run actions/upload-artifact@ea165f8d65b6e75b540449e92b4886f43607fa02	2026-10-07T20:06:55.8003963Z (Use `node --trace-deprecation ...` to show where the warning was created)
quality	Run actions/upload-artifact@ea165f8d65b6e75b540449e92b4886f43607fa02	2026-10-07T20:06:55.8066101Z ##[error]No files were found with the provided path: artifacts/. No artifacts will be uploaded.
