
added 5 packages, and audited 6 packages in 423ms

2 packages are looking for funding
  run `npm fund` for details

found 0 vulnerabilities

> test
> node --test tools/test-content-validator.mjs

✔ valid schema and cross-record references pass (33.777625ms)
✔ rejects damage below minimum (10.97025ms)
✔ rejects unknown field (11.132125ms)
✔ rejects missing growth (9.380042ms)
✔ rejects missing activation (8.409958ms)
✔ rejects wrong scalar type (8.254708ms)
✔ rejects invalid namespace (8.11025ms)
✔ rejects unresolved hero tool (7.857292ms)
✔ rejects wrong-kind reference (7.522083ms)
✔ rejects unresolved estate tool (7.483834ms)
✔ rejects unresolved tuning hero (7.051458ms)
✔ rejects unresolved anti-synergy (7.45625ms)
✔ rejects invalid schema (7.234375ms)
✔ rejects undeclared schema draft (6.423958ms)
✔ rejects unknown schema keyword (6.703459ms)
✔ recursively checks test content and global duplicate IDs (7.628875ms)
✔ rejects content without matching schema (7.302334ms)
✔ skin numbers fail even if schema permits arbitrary fields (8.520166ms)
✔ valid Draft2020 unevaluatedProperties is enforced (8.003792ms)
✔ rejects malformed JSON instead of silently skipping it (7.60975ms)
✔ S2 rejects season duration mismatch (117.306584ms)
✔ S2 rejects missing world numeric tuning (102.528917ms)
✔ S2 rejects unresolved starting weapon (95.568708ms)
✔ S2 rejects excessive load (92.692375ms)
✔ S2 rejects map-incompatible spawn inset (89.353292ms)
✔ S2 rejects unsupported people rule (89.987333ms)
✔ S2 rejects wrong card count (89.514958ms)
✔ S2 rejects duplicate rarity names (86.045708ms)
✔ S2 rejects oversized squad (95.102125ms)
✔ S3 rejects missing canonical item (167.129291ms)
✔ S3 rejects unknown estate loop stage (93.267375ms)
✔ S3 rejects candidate profile activation (91.981041ms)
✔ S3 rejects profile wrong kind (91.847834ms)
✔ S3 rejects profile test leakage (93.877375ms)
✔ S3 rejects missing anti-synergy rationale (89.71775ms)
✔ S3 rejects hero affinity wrong kind (89.024458ms)
✔ S3 canonical pool passes all semantic gates (40.035959ms)
✔ S3 rejects candidate pretending implemented (87.59375ms)
✔ S3 rejects missing profile enemy (86.811709ms)
✔ S3 rejects missing test profile hero (87.60675ms)
✔ S3 rejects test metadata orphan (94.338ms)
✔ S3 rejects reordered duplicate evolution (92.15875ms)
✔ S3 rejects sparse tag coverage (119.509209ms)
✔ S3 rejects evolution input kind (87.066042ms)
✔ S3 rejects evolution result base (88.016625ms)
✔ S3 rejects vassal owner kind (87.729792ms)
✔ S3 rejects item tool reference (90.03825ms)
✔ S3 rejects skin numeric metadata (88.380791ms)
✔ S3 rejects insufficient anti pairs (96.976375ms)
✔ S3 rejects insufficient loop links (106.999542ms)
ℹ tests 50
ℹ suites 0
ℹ pass 50
ℹ fail 0
ℹ cancelled 0
ℹ skipped 0
ℹ todo 0
ℹ duration_ms 3103.590958
✔ standalone missing issue (103.138125ms)
✔ inline missing issue (98.865792ms)
✔ block missing issue (99.474667ms)
✔ shell missing issue (101.651959ms)
✔ linked inline (100.931291ms)
✔ linked shell (102.502542ms)
ℹ tests 6
ℹ suites 0
ℹ pass 6
ℹ fail 0
ℹ cancelled 0
ℹ skipped 0
ℹ todo 0
ℹ duration_ms 675.48425

> validate
> node tools/validate-content.mjs

{
  "valid": true,
  "records": 225,
  "schemas": 12,
  "errors": [],
  "gateCounts": {
    "canonicalCounts": {
      "weapon": 30,
      "tool": 40,
      "charter": 16,
      "item": 60,
      "vassal": 16,
      "enemy": 24,
      "evolution": 30,
      "hero": 1,
      "estate": 1,
      "skin": 1
    },
    "minTagDistinctCount": 8,
    "noGrowthTools": 0,
    "evolutionCounts": {
      "weapon-tool": 10,
      "tool-tool": 10,
      "tool-growth": 10
    },
    "unorderedAntiSynergyPairs": 11,
    "skinNumericCount": 0,
    "loopLinkedDistinct": 130
  }
}
S3 content tables match canonical JSON
metrics selftest PASS
PR policy: issue, ADR, template and comment checks passed
PASS BCL algorithm
PASS comments are not code
PASS engine unused import
PASS inactive branch engine
PASS inactive branch numeric
PASS engine alias
PASS content id literal
PASS content id escaped
PASS content id concatenated
PASS content id interpolated
PASS data id without namespace
PASS gameplay local
PASS gameplay const
PASS gameplay hexadecimal
PASS gameplay negative
PASS seeded random
PASS unseeded random
PASS implicit new random
PASS shared random
PASS clock alias
PASS clock static import
PASS random guid
PASS stopwatch
PASS exact algorithm constant exemption
ArchitectureGuard self-tests: 24/24 passed.
PASS repository PackageReference
PASS repository ProjectReference
PASS repository Reference
PASS repository FrameworkReference
PASS repository JSON-discovered content ID
PASS repository nested loop stage is not a content identity
PASS repository top-level estate identity remains protected
PASS repository explicit nested hero reference remains protected
PASS repository explicit nested hero object remains protected
PASS repository generic word used as actual hero identity remains protected
PASS repository inherited package reference
ArchitectureGuard: 0 violation(s).
  복원할 프로젝트를 확인하는 중...
  복원할 모든 프로젝트가 최신 상태입니다.
  SowSiege.Core -> /Users/rexxa/bs-mobile/core/src/SowSiege.Core/bin/Release/net8.0/SowSiege.Core.dll
  SowSiege.Sim -> /Users/rexxa/bs-mobile/core/src/SowSiege.Sim/bin/Release/net8.0/SowSiege.Sim.dll
  SowSiege.Bench -> /Users/rexxa/bs-mobile/core/bench/SowSiege.Bench/bin/Release/net8.0/SowSiege.Bench.dll
  SowSiege.Tests -> /Users/rexxa/bs-mobile/core/tests/SowSiege.Tests/bin/Release/net8.0/SowSiege.Tests.dll

빌드했습니다.
    경고 0개
    오류 0개

경과 시간: 00:00:00.56
/Users/rexxa/bs-mobile/core/tests/SowSiege.Tests/bin/Release/net8.0/SowSiege.Tests.dll(.NETCoreApp,Version=v8.0)에 대한 테스트 실행
VSTest 버전 17.11.1 (arm64)

테스트 실행을 시작하는 중입니다. 잠시 기다려 주세요...
지정된 패턴과 일치한 총 테스트 파일 수는 1개입니다.
경고: 결과 파일을 덮어쓰는 중: /Users/rexxa/bs-mobile/artifacts/tests/tests.trx
결과 파일: /Users/rexxa/bs-mobile/artifacts/tests/tests.trx

통과!  - 실패:     0, 통과:    43, 건너뜀:     0, 전체:    43, 기간: 4 s - SowSiege.Tests.dll (net8.0)
S2 smoke: 18 policy/seed cases × 3 deterministic repeats; 900 tick cap; policy damage CV=0.02705842682220579; diagnostic only, not S4 balance.
