quality	Full gate	﻿2026-10-07T21:23:39.5958066Z ##[group]Run ./tools/check.sh
quality	Full gate	2026-10-07T21:23:39.5958318Z [36;1m./tools/check.sh[0m
quality	Full gate	2026-10-07T21:23:39.6176263Z shell: /usr/bin/bash -e {0}
quality	Full gate	2026-10-07T21:23:39.6176511Z env:
quality	Full gate	2026-10-07T21:23:39.6176644Z   DOTNET_ROOT: /usr/share/dotnet
quality	Full gate	2026-10-07T21:23:39.6178034Z   GH_TOKEN: ***
quality	Full gate	2026-10-07T21:23:39.6178182Z ##[endgroup]
quality	Full gate	2026-10-07T21:23:40.3284956Z 
quality	Full gate	2026-10-07T21:23:40.3291649Z added 5 packages, and audited 6 packages in 666ms
quality	Full gate	2026-10-07T21:23:40.3292308Z 
quality	Full gate	2026-10-07T21:23:40.3292684Z 2 packages are looking for funding
quality	Full gate	2026-10-07T21:23:40.3292958Z   run `npm fund` for details
quality	Full gate	2026-10-07T21:23:40.3293109Z 
quality	Full gate	2026-10-07T21:23:40.3293226Z found 0 vulnerabilities
quality	Full gate	2026-10-07T21:23:40.4286286Z 
quality	Full gate	2026-10-07T21:23:40.4286972Z > test
quality	Full gate	2026-10-07T21:23:40.4287416Z > node --test tools/test-content-validator.mjs
quality	Full gate	2026-10-07T21:23:40.4287665Z 
quality	Full gate	2026-10-07T21:23:40.4611753Z TAP version 13
quality	Full gate	2026-10-07T21:23:40.5589918Z # Subtest: valid schema and cross-record references pass
quality	Full gate	2026-10-07T21:23:40.5592964Z ok 1 - valid schema and cross-record references pass
quality	Full gate	2026-10-07T21:23:40.5593573Z   ---
quality	Full gate	2026-10-07T21:23:40.5594300Z   duration_ms: 49.651902
quality	Full gate	2026-10-07T21:23:40.5594677Z   type: 'test'
quality	Full gate	2026-10-07T21:23:40.5594973Z   ...
quality	Full gate	2026-10-07T21:23:40.5857806Z # Subtest: rejects damage below minimum
quality	Full gate	2026-10-07T21:23:40.5858695Z ok 2 - rejects damage below minimum
quality	Full gate	2026-10-07T21:23:40.5859283Z   ---
quality	Full gate	2026-10-07T21:23:40.5859880Z   duration_ms: 26.416587
quality	Full gate	2026-10-07T21:23:40.5860168Z   type: 'test'
quality	Full gate	2026-10-07T21:23:40.5860425Z   ...
quality	Full gate	2026-10-07T21:23:40.6157793Z # Subtest: rejects unknown field
quality	Full gate	2026-10-07T21:23:40.6158624Z ok 3 - rejects unknown field
quality	Full gate	2026-10-07T21:23:40.6161680Z   ---
quality	Full gate	2026-10-07T21:23:40.6161996Z   duration_ms: 24.859532
quality	Full gate	2026-10-07T21:23:40.6162275Z   type: 'test'
quality	Full gate	2026-10-07T21:23:40.6162641Z   ...
quality	Full gate	2026-10-07T21:23:40.6389941Z # Subtest: rejects missing growth
quality	Full gate	2026-10-07T21:23:40.6390994Z ok 4 - rejects missing growth
quality	Full gate	2026-10-07T21:23:40.6391816Z   ---
quality	Full gate	2026-10-07T21:23:40.6392163Z   duration_ms: 28.423461
quality	Full gate	2026-10-07T21:23:40.6393163Z   type: 'test'
quality	Full gate	2026-10-07T21:23:40.6393490Z   ...
quality	Full gate	2026-10-07T21:23:40.6616757Z # Subtest: rejects missing activation
quality	Full gate	2026-10-07T21:23:40.6617185Z ok 5 - rejects missing activation
quality	Full gate	2026-10-07T21:23:40.6617345Z   ---
quality	Full gate	2026-10-07T21:23:40.6617472Z   duration_ms: 22.613033
quality	Full gate	2026-10-07T21:23:40.6617613Z   type: 'test'
quality	Full gate	2026-10-07T21:23:40.6617729Z   ...
quality	Full gate	2026-10-07T21:23:40.6850740Z # Subtest: rejects wrong scalar type
quality	Full gate	2026-10-07T21:23:40.6851216Z ok 6 - rejects wrong scalar type
quality	Full gate	2026-10-07T21:23:40.6851582Z   ---
quality	Full gate	2026-10-07T21:23:40.6851822Z   duration_ms: 23.541737
quality	Full gate	2026-10-07T21:23:40.6852265Z   type: 'test'
quality	Full gate	2026-10-07T21:23:40.6852612Z   ...
quality	Full gate	2026-10-07T21:23:40.7029139Z # Subtest: rejects invalid namespace
quality	Full gate	2026-10-07T21:23:40.7029495Z ok 7 - rejects invalid namespace
quality	Full gate	2026-10-07T21:23:40.7029671Z   ---
quality	Full gate	2026-10-07T21:23:40.7029809Z   duration_ms: 17.650922
quality	Full gate	2026-10-07T21:23:40.7029961Z   type: 'test'
quality	Full gate	2026-10-07T21:23:40.7030162Z   ...
quality	Full gate	2026-10-07T21:23:40.7161338Z # Subtest: rejects unresolved hero tool
quality	Full gate	2026-10-07T21:23:40.7161793Z ok 8 - rejects unresolved hero tool
quality	Full gate	2026-10-07T21:23:40.7161971Z   ---
quality	Full gate	2026-10-07T21:23:40.7162119Z   duration_ms: 13.255713
quality	Full gate	2026-10-07T21:23:40.7162280Z   type: 'test'
quality	Full gate	2026-10-07T21:23:40.7162408Z   ...
quality	Full gate	2026-10-07T21:23:40.7314433Z # Subtest: rejects wrong-kind reference
quality	Full gate	2026-10-07T21:23:40.7314928Z ok 9 - rejects wrong-kind reference
quality	Full gate	2026-10-07T21:23:40.7315191Z   ---
quality	Full gate	2026-10-07T21:23:40.7315394Z   duration_ms: 15.21375
quality	Full gate	2026-10-07T21:23:40.7315637Z   type: 'test'
quality	Full gate	2026-10-07T21:23:40.7315874Z   ...
quality	Full gate	2026-10-07T21:23:40.7449003Z # Subtest: rejects unresolved estate tool
quality	Full gate	2026-10-07T21:23:40.7449391Z ok 10 - rejects unresolved estate tool
quality	Full gate	2026-10-07T21:23:40.7449548Z   ---
quality	Full gate	2026-10-07T21:23:40.7449679Z   duration_ms: 13.399702
quality	Full gate	2026-10-07T21:23:40.7449828Z   type: 'test'
quality	Full gate	2026-10-07T21:23:40.7449942Z   ...
quality	Full gate	2026-10-07T21:23:40.7581620Z # Subtest: rejects unresolved tuning hero
quality	Full gate	2026-10-07T21:23:40.7582217Z ok 11 - rejects unresolved tuning hero
quality	Full gate	2026-10-07T21:23:40.7582854Z   ---
quality	Full gate	2026-10-07T21:23:40.7583399Z   duration_ms: 13.290215
quality	Full gate	2026-10-07T21:23:40.7583584Z   type: 'test'
quality	Full gate	2026-10-07T21:23:40.7583763Z   ...
quality	Full gate	2026-10-07T21:23:40.7714137Z # Subtest: rejects unresolved anti-synergy
quality	Full gate	2026-10-07T21:23:40.7715345Z ok 12 - rejects unresolved anti-synergy
quality	Full gate	2026-10-07T21:23:40.7715783Z   ---
quality	Full gate	2026-10-07T21:23:40.7716163Z   duration_ms: 12.893046
quality	Full gate	2026-10-07T21:23:40.7716665Z   type: 'test'
quality	Full gate	2026-10-07T21:23:40.7716991Z   ...
quality	Full gate	2026-10-07T21:23:40.7860736Z # Subtest: rejects invalid schema
quality	Full gate	2026-10-07T21:23:40.7861476Z ok 13 - rejects invalid schema
quality	Full gate	2026-10-07T21:23:40.7861692Z   ---
quality	Full gate	2026-10-07T21:23:40.7861864Z   duration_ms: 14.788058
quality	Full gate	2026-10-07T21:23:40.7862060Z   type: 'test'
quality	Full gate	2026-10-07T21:23:40.7862229Z   ...
quality	Full gate	2026-10-07T21:23:40.7969107Z # Subtest: rejects undeclared schema draft
quality	Full gate	2026-10-07T21:23:40.7969935Z ok 14 - rejects undeclared schema draft
quality	Full gate	2026-10-07T21:23:40.7970233Z   ---
quality	Full gate	2026-10-07T21:23:40.7970426Z   duration_ms: 10.709836
quality	Full gate	2026-10-07T21:23:40.7970611Z   type: 'test'
quality	Full gate	2026-10-07T21:23:40.7970787Z   ...
quality	Full gate	2026-10-07T21:23:40.8101825Z # Subtest: rejects unknown schema keyword
quality	Full gate	2026-10-07T21:23:40.8102253Z ok 15 - rejects unknown schema keyword
quality	Full gate	2026-10-07T21:23:40.8102411Z   ---
quality	Full gate	2026-10-07T21:23:40.8102726Z   duration_ms: 13.243716
quality	Full gate	2026-10-07T21:23:40.8102924Z   type: 'test'
quality	Full gate	2026-10-07T21:23:40.8103090Z   ...
quality	Full gate	2026-10-07T21:23:40.8267779Z # Subtest: recursively checks test content and global duplicate IDs
quality	Full gate	2026-10-07T21:23:40.8268211Z ok 16 - recursively checks test content and global duplicate IDs
quality	Full gate	2026-10-07T21:23:40.8268438Z   ---
quality	Full gate	2026-10-07T21:23:40.8268565Z   duration_ms: 16.493035
quality	Full gate	2026-10-07T21:23:40.8268704Z   type: 'test'
quality	Full gate	2026-10-07T21:23:40.8268815Z   ...
quality	Full gate	2026-10-07T21:23:40.8374489Z # Subtest: rejects content without matching schema
quality	Full gate	2026-10-07T21:23:40.8374994Z ok 17 - rejects content without matching schema
quality	Full gate	2026-10-07T21:23:40.8375245Z   ---
quality	Full gate	2026-10-07T21:23:40.8375432Z   duration_ms: 10.680336
quality	Full gate	2026-10-07T21:23:40.8375646Z   type: 'test'
quality	Full gate	2026-10-07T21:23:40.8376037Z   ...
quality	Full gate	2026-10-07T21:23:40.8491991Z # Subtest: skin numbers fail even if schema permits arbitrary fields
quality	Full gate	2026-10-07T21:23:40.8492835Z ok 18 - skin numbers fail even if schema permits arbitrary fields
quality	Full gate	2026-10-07T21:23:40.8493105Z   ---
quality	Full gate	2026-10-07T21:23:40.8493299Z   duration_ms: 11.820893
quality	Full gate	2026-10-07T21:23:40.8493512Z   type: 'test'
quality	Full gate	2026-10-07T21:23:40.8493715Z   ...
quality	Full gate	2026-10-07T21:23:40.8611657Z # Subtest: valid Draft2020 unevaluatedProperties is enforced
quality	Full gate	2026-10-07T21:23:40.8612193Z ok 19 - valid Draft2020 unevaluatedProperties is enforced
quality	Full gate	2026-10-07T21:23:40.8612655Z   ---
quality	Full gate	2026-10-07T21:23:40.8612850Z   duration_ms: 11.931061
quality	Full gate	2026-10-07T21:23:40.8613049Z   type: 'test'
quality	Full gate	2026-10-07T21:23:40.8613190Z   ...
quality	Full gate	2026-10-07T21:23:40.8736476Z # Subtest: rejects malformed JSON instead of silently skipping it
quality	Full gate	2026-10-07T21:23:40.8737073Z ok 20 - rejects malformed JSON instead of silently skipping it
quality	Full gate	2026-10-07T21:23:40.8737611Z   ---
quality	Full gate	2026-10-07T21:23:40.8738003Z   duration_ms: 12.203525
quality	Full gate	2026-10-07T21:23:40.8738354Z   type: 'test'
quality	Full gate	2026-10-07T21:23:40.8738535Z   ...
quality	Full gate	2026-10-07T21:23:41.0379210Z # Subtest: S2 rejects season duration mismatch
quality	Full gate	2026-10-07T21:23:41.0380094Z ok 21 - S2 rejects season duration mismatch
quality	Full gate	2026-10-07T21:23:41.0380522Z   ---
quality	Full gate	2026-10-07T21:23:41.0380705Z   duration_ms: 164.041612
quality	Full gate	2026-10-07T21:23:41.0380946Z   type: 'test'
quality	Full gate	2026-10-07T21:23:41.0381071Z   ...
quality	Full gate	2026-10-07T21:23:41.1838784Z # Subtest: S2 rejects missing world numeric tuning
quality	Full gate	2026-10-07T21:23:41.1839271Z ok 22 - S2 rejects missing world numeric tuning
quality	Full gate	2026-10-07T21:23:41.1839615Z   ---
quality	Full gate	2026-10-07T21:23:41.1839818Z   duration_ms: 146.06831
quality	Full gate	2026-10-07T21:23:41.1839975Z   type: 'test'
quality	Full gate	2026-10-07T21:23:41.1840105Z   ...
quality	Full gate	2026-10-07T21:23:41.3260149Z # Subtest: S2 rejects unresolved starting weapon
quality	Full gate	2026-10-07T21:23:41.3260635Z ok 23 - S2 rejects unresolved starting weapon
quality	Full gate	2026-10-07T21:23:41.3260873Z   ---
quality	Full gate	2026-10-07T21:23:41.3261054Z   duration_ms: 142.067434
quality	Full gate	2026-10-07T21:23:41.3261257Z   type: 'test'
quality	Full gate	2026-10-07T21:23:41.3261422Z   ...
quality	Full gate	2026-10-07T21:23:41.4503803Z # Subtest: S2 rejects excessive load
quality	Full gate	2026-10-07T21:23:41.4504439Z ok 24 - S2 rejects excessive load
quality	Full gate	2026-10-07T21:23:41.4504627Z   ---
quality	Full gate	2026-10-07T21:23:41.4504752Z   duration_ms: 124.314106
quality	Full gate	2026-10-07T21:23:41.4504914Z   type: 'test'
quality	Full gate	2026-10-07T21:23:41.4505031Z   ...
quality	Full gate	2026-10-07T21:23:41.5770955Z # Subtest: S2 rejects map-incompatible spawn inset
quality	Full gate	2026-10-07T21:23:41.5771524Z ok 25 - S2 rejects map-incompatible spawn inset
quality	Full gate	2026-10-07T21:23:41.5771697Z   ---
quality	Full gate	2026-10-07T21:23:41.5772115Z   duration_ms: 126.653865
quality	Full gate	2026-10-07T21:23:41.5772257Z   type: 'test'
quality	Full gate	2026-10-07T21:23:41.5772373Z   ...
quality	Full gate	2026-10-07T21:23:41.7113903Z # Subtest: S2 rejects unsupported people rule
quality	Full gate	2026-10-07T21:23:41.7116202Z ok 26 - S2 rejects unsupported people rule
quality	Full gate	2026-10-07T21:23:41.7116827Z   ---
quality	Full gate	2026-10-07T21:23:41.7117074Z   duration_ms: 133.938612
quality	Full gate	2026-10-07T21:23:41.7117306Z   type: 'test'
quality	Full gate	2026-10-07T21:23:41.7117480Z   ...
quality	Full gate	2026-10-07T21:23:41.8355157Z # Subtest: S2 rejects wrong card count
quality	Full gate	2026-10-07T21:23:41.8355613Z ok 27 - S2 rejects wrong card count
quality	Full gate	2026-10-07T21:23:41.8355883Z   ---
quality	Full gate	2026-10-07T21:23:41.8356057Z   duration_ms: 124.053066
quality	Full gate	2026-10-07T21:23:41.8356274Z   type: 'test'
quality	Full gate	2026-10-07T21:23:41.8356468Z   ...
quality	Full gate	2026-10-07T21:23:41.9532316Z # Subtest: S2 rejects duplicate rarity names
quality	Full gate	2026-10-07T21:23:41.9534295Z ok 28 - S2 rejects duplicate rarity names
quality	Full gate	2026-10-07T21:23:41.9534549Z   ---
quality	Full gate	2026-10-07T21:23:41.9534844Z   duration_ms: 117.899843
quality	Full gate	2026-10-07T21:23:41.9535125Z   type: 'test'
quality	Full gate	2026-10-07T21:23:41.9535336Z   ...
quality	Full gate	2026-10-07T21:23:42.0816872Z # Subtest: S2 rejects oversized squad
quality	Full gate	2026-10-07T21:23:42.0817225Z ok 29 - S2 rejects oversized squad
quality	Full gate	2026-10-07T21:23:42.0817405Z   ---
quality	Full gate	2026-10-07T21:23:42.0817543Z   duration_ms: 128.049805
quality	Full gate	2026-10-07T21:23:42.0817689Z   type: 'test'
quality	Full gate	2026-10-07T21:23:42.0817812Z   ...
quality	Full gate	2026-10-07T21:23:42.2129981Z # Subtest: S3 rejects missing canonical item
quality	Full gate	2026-10-07T21:23:42.2130349Z ok 30 - S3 rejects missing canonical item
quality	Full gate	2026-10-07T21:23:42.2130520Z   ---
quality	Full gate	2026-10-07T21:23:42.2130646Z   duration_ms: 131.297903
quality	Full gate	2026-10-07T21:23:42.2130834Z   type: 'test'
quality	Full gate	2026-10-07T21:23:42.2130951Z   ...
quality	Full gate	2026-10-07T21:23:42.3416848Z # Subtest: S3 rejects unknown estate loop stage
quality	Full gate	2026-10-07T21:23:42.3417307Z ok 31 - S3 rejects unknown estate loop stage
quality	Full gate	2026-10-07T21:23:42.3417477Z   ---
quality	Full gate	2026-10-07T21:23:42.3417608Z   duration_ms: 128.683901
quality	Full gate	2026-10-07T21:23:42.3417754Z   type: 'test'
quality	Full gate	2026-10-07T21:23:42.3417868Z   ...
quality	Full gate	2026-10-07T21:23:42.4696216Z # Subtest: S3 rejects candidate profile activation
quality	Full gate	2026-10-07T21:23:42.4696868Z ok 32 - S3 rejects candidate profile activation
quality	Full gate	2026-10-07T21:23:42.4697343Z   ---
quality	Full gate	2026-10-07T21:23:42.4697749Z   duration_ms: 127.854935
quality	Full gate	2026-10-07T21:23:42.4698232Z   type: 'test'
quality	Full gate	2026-10-07T21:23:42.4698498Z   ...
quality	Full gate	2026-10-07T21:23:42.6015868Z # Subtest: S3 rejects profile wrong kind
quality	Full gate	2026-10-07T21:23:42.6018832Z ok 33 - S3 rejects profile wrong kind
quality	Full gate	2026-10-07T21:23:42.6019103Z   ---
quality	Full gate	2026-10-07T21:23:42.6019285Z   duration_ms: 131.928158
quality	Full gate	2026-10-07T21:23:42.6019491Z   type: 'test'
quality	Full gate	2026-10-07T21:23:42.6019671Z   ...
quality	Full gate	2026-10-07T21:23:42.7232779Z # Subtest: S3 rejects profile test leakage
quality	Full gate	2026-10-07T21:23:42.7233267Z ok 34 - S3 rejects profile test leakage
quality	Full gate	2026-10-07T21:23:42.7233510Z   ---
quality	Full gate	2026-10-07T21:23:42.7233704Z   duration_ms: 121.590207
quality	Full gate	2026-10-07T21:23:42.7233908Z   type: 'test'
quality	Full gate	2026-10-07T21:23:42.7234082Z   ...
quality	Full gate	2026-10-07T21:23:42.8483471Z # Subtest: S3 rejects missing anti-synergy rationale
quality	Full gate	2026-10-07T21:23:42.8484074Z ok 35 - S3 rejects missing anti-synergy rationale
quality	Full gate	2026-10-07T21:23:42.8484556Z   ---
quality	Full gate	2026-10-07T21:23:42.8484777Z   duration_ms: 124.88247
quality	Full gate	2026-10-07T21:23:42.8485011Z   type: 'test'
quality	Full gate	2026-10-07T21:23:42.8485202Z   ...
quality	Full gate	2026-10-07T21:23:42.9713568Z # Subtest: S3 rejects hero affinity wrong kind
quality	Full gate	2026-10-07T21:23:42.9714044Z ok 36 - S3 rejects hero affinity wrong kind
quality	Full gate	2026-10-07T21:23:42.9714212Z   ---
quality	Full gate	2026-10-07T21:23:42.9714337Z   duration_ms: 122.432558
quality	Full gate	2026-10-07T21:23:42.9714484Z   type: 'test'
quality	Full gate	2026-10-07T21:23:42.9714605Z   ...
quality	Full gate	2026-10-07T21:23:43.0302193Z # Subtest: S3 canonical pool passes all semantic gates
quality	Full gate	2026-10-07T21:23:43.0302964Z ok 37 - S3 canonical pool passes all semantic gates
quality	Full gate	2026-10-07T21:23:43.0303270Z   ---
quality	Full gate	2026-10-07T21:23:43.0303460Z   duration_ms: 59.080464
quality	Full gate	2026-10-07T21:23:43.0303669Z   type: 'test'
quality	Full gate	2026-10-07T21:23:43.0303865Z   ...
quality	Full gate	2026-10-07T21:23:43.1650967Z # Subtest: S3 rejects candidate pretending implemented
quality	Full gate	2026-10-07T21:23:43.1651458Z ok 38 - S3 rejects candidate pretending implemented
quality	Full gate	2026-10-07T21:23:43.1651642Z   ---
quality	Full gate	2026-10-07T21:23:43.1652050Z   duration_ms: 135.059767
quality	Full gate	2026-10-07T21:23:43.1652190Z   type: 'test'
quality	Full gate	2026-10-07T21:23:43.1652302Z   ...
quality	Full gate	2026-10-07T21:23:43.2951816Z # Subtest: S3 rejects missing profile enemy
quality	Full gate	2026-10-07T21:23:43.2952320Z ok 39 - S3 rejects missing profile enemy
quality	Full gate	2026-10-07T21:23:43.2952716Z   ---
quality	Full gate	2026-10-07T21:23:43.2952921Z   duration_ms: 130.018518
quality	Full gate	2026-10-07T21:23:43.2953123Z   type: 'test'
quality	Full gate	2026-10-07T21:23:43.2953262Z   ...
quality	Full gate	2026-10-07T21:23:43.4257644Z # Subtest: S3 rejects missing test profile hero
quality	Full gate	2026-10-07T21:23:43.4258495Z ok 40 - S3 rejects missing test profile hero
quality	Full gate	2026-10-07T21:23:43.4259040Z   ---
quality	Full gate	2026-10-07T21:23:43.4259309Z   duration_ms: 130.379515
quality	Full gate	2026-10-07T21:23:43.4259552Z   type: 'test'
quality	Full gate	2026-10-07T21:23:43.4259731Z   ...
quality	Full gate	2026-10-07T21:23:43.5493642Z # Subtest: S3 rejects test metadata orphan
quality	Full gate	2026-10-07T21:23:43.5494269Z ok 41 - S3 rejects test metadata orphan
quality	Full gate	2026-10-07T21:23:43.5494556Z   ---
quality	Full gate	2026-10-07T21:23:43.5494756Z   duration_ms: 123.587262
quality	Full gate	2026-10-07T21:23:43.5495012Z   type: 'test'
quality	Full gate	2026-10-07T21:23:43.5495129Z   ...
quality	Full gate	2026-10-07T21:23:43.6868281Z # Subtest: S3 rejects reordered duplicate evolution
quality	Full gate	2026-10-07T21:23:43.6868916Z ok 42 - S3 rejects reordered duplicate evolution
quality	Full gate	2026-10-07T21:23:43.6869127Z   ---
quality	Full gate	2026-10-07T21:23:43.6869317Z   duration_ms: 137.380032
quality	Full gate	2026-10-07T21:23:43.6869459Z   type: 'test'
quality	Full gate	2026-10-07T21:23:43.6869580Z   ...
quality	Full gate	2026-10-07T21:23:43.8871323Z # Subtest: S3 rejects sparse tag coverage
quality	Full gate	2026-10-07T21:23:43.8871706Z ok 43 - S3 rejects sparse tag coverage
quality	Full gate	2026-10-07T21:23:43.8871863Z   ---
quality	Full gate	2026-10-07T21:23:43.8872031Z   duration_ms: 200.111672
quality	Full gate	2026-10-07T21:23:43.8872174Z   type: 'test'
quality	Full gate	2026-10-07T21:23:43.8872289Z   ...
quality	Full gate	2026-10-07T21:23:44.0097278Z # Subtest: S3 rejects evolution input kind
quality	Full gate	2026-10-07T21:23:44.0097908Z ok 44 - S3 rejects evolution input kind
quality	Full gate	2026-10-07T21:23:44.0098225Z   ---
quality	Full gate	2026-10-07T21:23:44.0098437Z   duration_ms: 122.614997
quality	Full gate	2026-10-07T21:23:44.0098742Z   type: 'test'
quality	Full gate	2026-10-07T21:23:44.0098927Z   ...
quality	Full gate	2026-10-07T21:23:44.1335379Z # Subtest: S3 rejects evolution result base
quality	Full gate	2026-10-07T21:23:44.1335846Z ok 45 - S3 rejects evolution result base
quality	Full gate	2026-10-07T21:23:44.1336085Z   ---
quality	Full gate	2026-10-07T21:23:44.1336244Z   duration_ms: 123.720259
quality	Full gate	2026-10-07T21:23:44.1336387Z   type: 'test'
quality	Full gate	2026-10-07T21:23:44.1336502Z   ...
quality	Full gate	2026-10-07T21:23:44.2515300Z # Subtest: S3 rejects vassal owner kind
quality	Full gate	2026-10-07T21:23:44.2515922Z ok 46 - S3 rejects vassal owner kind
quality	Full gate	2026-10-07T21:23:44.2516143Z   ---
quality	Full gate	2026-10-07T21:23:44.2516320Z   duration_ms: 118.015372
quality	Full gate	2026-10-07T21:23:44.2516511Z   type: 'test'
quality	Full gate	2026-10-07T21:23:44.2516712Z   ...
quality	Full gate	2026-10-07T21:23:44.3810546Z # Subtest: S3 rejects item tool reference
quality	Full gate	2026-10-07T21:23:44.3811020Z ok 47 - S3 rejects item tool reference
quality	Full gate	2026-10-07T21:23:44.3811265Z   ---
quality	Full gate	2026-10-07T21:23:44.3811449Z   duration_ms: 129.125932
quality	Full gate	2026-10-07T21:23:44.3811649Z   type: 'test'
quality	Full gate	2026-10-07T21:23:44.3811816Z   ...
quality	Full gate	2026-10-07T21:23:44.5027120Z # Subtest: S3 rejects skin numeric metadata
quality	Full gate	2026-10-07T21:23:44.5027662Z ok 48 - S3 rejects skin numeric metadata
quality	Full gate	2026-10-07T21:23:44.5028066Z   ---
quality	Full gate	2026-10-07T21:23:44.5028271Z   duration_ms: 121.758336
quality	Full gate	2026-10-07T21:23:44.5028534Z   type: 'test'
quality	Full gate	2026-10-07T21:23:44.5028692Z   ...
quality	Full gate	2026-10-07T21:23:44.6508414Z # Subtest: S3 rejects insufficient anti pairs
quality	Full gate	2026-10-07T21:23:44.6508904Z ok 49 - S3 rejects insufficient anti pairs
quality	Full gate	2026-10-07T21:23:44.6509160Z   ---
quality	Full gate	2026-10-07T21:23:44.6509348Z   duration_ms: 148.134316
quality	Full gate	2026-10-07T21:23:44.6509560Z   type: 'test'
quality	Full gate	2026-10-07T21:23:44.6509755Z   ...
quality	Full gate	2026-10-07T21:23:44.8108499Z # Subtest: S3 rejects insufficient loop links
quality	Full gate	2026-10-07T21:23:44.8109125Z ok 50 - S3 rejects insufficient loop links
quality	Full gate	2026-10-07T21:23:44.8109497Z   ---
quality	Full gate	2026-10-07T21:23:44.8109695Z   duration_ms: 159.985962
quality	Full gate	2026-10-07T21:23:44.8109939Z   type: 'test'
quality	Full gate	2026-10-07T21:23:44.8110179Z   ...
quality	Full gate	2026-10-07T21:23:44.8263218Z 1..50
quality	Full gate	2026-10-07T21:23:44.8263514Z # tests 50
quality	Full gate	2026-10-07T21:23:44.8263975Z # suites 0
quality	Full gate	2026-10-07T21:23:44.8264146Z # pass 50
quality	Full gate	2026-10-07T21:23:44.8264321Z # fail 0
quality	Full gate	2026-10-07T21:23:44.8264918Z # cancelled 0
quality	Full gate	2026-10-07T21:23:44.8265090Z # skipped 0
quality	Full gate	2026-10-07T21:23:44.8265247Z # todo 0
quality	Full gate	2026-10-07T21:23:44.8265461Z # duration_ms 4373.238023
quality	Full gate	2026-10-07T21:23:44.8622671Z TAP version 13
quality	Full gate	2026-10-07T21:23:45.0900049Z # Subtest: standalone missing issue
quality	Full gate	2026-10-07T21:23:45.0907034Z ok 1 - standalone missing issue
quality	Full gate	2026-10-07T21:23:45.0907662Z   ---
quality	Full gate	2026-10-07T21:23:45.0908247Z   duration_ms: 35.435127
quality	Full gate	2026-10-07T21:23:45.0908516Z   type: 'test'
quality	Full gate	2026-10-07T21:23:45.0908704Z   ...
quality	Full gate	2026-10-07T21:23:45.0908942Z # Subtest: inline missing issue
quality	Full gate	2026-10-07T21:23:45.0909261Z ok 2 - inline missing issue
quality	Full gate	2026-10-07T21:23:45.0923776Z   ---
quality	Full gate	2026-10-07T21:23:45.0924063Z   duration_ms: 33.299567
quality	Full gate	2026-10-07T21:23:45.0925466Z   type: 'test'
quality	Full gate	2026-10-07T21:23:45.0925641Z   ...
quality	Full gate	2026-10-07T21:23:45.0925827Z # Subtest: block missing issue
quality	Full gate	2026-10-07T21:23:45.0926012Z ok 3 - block missing issue
quality	Full gate	2026-10-07T21:23:45.0926151Z   ---
quality	Full gate	2026-10-07T21:23:45.0926289Z   duration_ms: 32.504926
quality	Full gate	2026-10-07T21:23:45.0926462Z   type: 'test'
quality	Full gate	2026-10-07T21:23:45.0926575Z   ...
quality	Full gate	2026-10-07T21:23:45.0926736Z # Subtest: shell missing issue
quality	Full gate	2026-10-07T21:23:45.0926914Z ok 4 - shell missing issue
quality	Full gate	2026-10-07T21:23:45.0927048Z   ---
quality	Full gate	2026-10-07T21:23:45.0927168Z   duration_ms: 32.549886
quality	Full gate	2026-10-07T21:23:45.0927407Z   type: 'test'
quality	Full gate	2026-10-07T21:23:45.0927633Z   ...
quality	Full gate	2026-10-07T21:23:45.0927845Z # Subtest: linked inline
quality	Full gate	2026-10-07T21:23:45.0928199Z ok 5 - linked inline
quality	Full gate	2026-10-07T21:23:45.0928437Z   ---
quality	Full gate	2026-10-07T21:23:45.0928634Z   duration_ms: 36.529792
quality	Full gate	2026-10-07T21:23:45.0928946Z   type: 'test'
quality	Full gate	2026-10-07T21:23:45.0929175Z   ...
quality	Full gate	2026-10-07T21:23:45.0929386Z # Subtest: linked shell
quality	Full gate	2026-10-07T21:23:45.0929666Z ok 6 - linked shell
quality	Full gate	2026-10-07T21:23:45.0929894Z   ---
quality	Full gate	2026-10-07T21:23:45.0930081Z   duration_ms: 32.771109
quality	Full gate	2026-10-07T21:23:45.0930431Z   type: 'test'
quality	Full gate	2026-10-07T21:23:45.0930628Z   ...
quality	Full gate	2026-10-07T21:23:45.0974649Z 1..6
quality	Full gate	2026-10-07T21:23:45.0974868Z # tests 6
quality	Full gate	2026-10-07T21:23:45.0982945Z # suites 0
quality	Full gate	2026-10-07T21:23:45.0992286Z # pass 6
quality	Full gate	2026-10-07T21:23:45.0992568Z # fail 0
quality	Full gate	2026-10-07T21:23:45.0992883Z # cancelled 0
quality	Full gate	2026-10-07T21:23:45.0993080Z # skipped 0
quality	Full gate	2026-10-07T21:23:45.0993327Z # todo 0
quality	Full gate	2026-10-07T21:23:45.0993582Z # duration_ms 242.157988
quality	Full gate	2026-10-07T21:23:45.1658190Z 
quality	Full gate	2026-10-07T21:23:45.1658722Z > validate
quality	Full gate	2026-10-07T21:23:45.1659068Z > node tools/validate-content.mjs
quality	Full gate	2026-10-07T21:23:45.1659259Z 
quality	Full gate	2026-10-07T21:23:45.3712799Z {
quality	Full gate	2026-10-07T21:23:45.3713116Z   "valid": true,
quality	Full gate	2026-10-07T21:23:45.3713344Z   "records": 225,
quality	Full gate	2026-10-07T21:23:45.3713528Z   "schemas": 12,
quality	Full gate	2026-10-07T21:23:45.3713750Z   "errors": [],
quality	Full gate	2026-10-07T21:23:45.3713930Z   "gateCounts": {
quality	Full gate	2026-10-07T21:23:45.3714127Z     "canonicalCounts": {
quality	Full gate	2026-10-07T21:23:45.3714346Z       "weapon": 30,
quality	Full gate	2026-10-07T21:23:45.3714532Z       "tool": 40,
quality	Full gate	2026-10-07T21:23:45.3714709Z       "charter": 16,
quality	Full gate	2026-10-07T21:23:45.3714893Z       "item": 60,
quality	Full gate	2026-10-07T21:23:45.3715066Z       "vassal": 16,
quality	Full gate	2026-10-07T21:23:45.3715215Z       "enemy": 24,
quality	Full gate	2026-10-07T21:23:45.3715335Z       "evolution": 30,
quality	Full gate	2026-10-07T21:23:45.3715489Z       "hero": 1,
quality	Full gate	2026-10-07T21:23:45.3715609Z       "estate": 1,
quality	Full gate	2026-10-07T21:23:45.3715722Z       "skin": 1
quality	Full gate	2026-10-07T21:23:45.3715852Z     },
quality	Full gate	2026-10-07T21:23:45.3715979Z     "minTagDistinctCount": 8,
quality	Full gate	2026-10-07T21:23:45.3716143Z     "noGrowthTools": 0,
quality	Full gate	2026-10-07T21:23:45.3716275Z     "evolutionCounts": {
quality	Full gate	2026-10-07T21:23:45.3716427Z       "weapon-tool": 10,
quality	Full gate	2026-10-07T21:23:45.3716569Z       "tool-tool": 10,
quality	Full gate	2026-10-07T21:23:45.3716697Z       "tool-growth": 10
quality	Full gate	2026-10-07T21:23:45.3716838Z     },
quality	Full gate	2026-10-07T21:23:45.3717407Z     "unorderedAntiSynergyPairs": 11,
quality	Full gate	2026-10-07T21:23:45.3717589Z     "skinNumericCount": 0,
quality	Full gate	2026-10-07T21:23:45.3717748Z     "loopLinkedDistinct": 130
quality	Full gate	2026-10-07T21:23:45.3717886Z   }
quality	Full gate	2026-10-07T21:23:45.3718003Z }
quality	Full gate	2026-10-07T21:23:45.4309890Z S3 content tables match canonical JSON
quality	Full gate	2026-10-07T21:23:45.4570593Z metrics selftest PASS
quality	Full gate	2026-10-07T21:23:45.4798563Z file:///home/runner/work/bs-mobile/bs-mobile/tools/pr-policy.mjs:7
quality	Full gate	2026-10-07T21:23:45.4799929Z   if (!/^(feat|fix|docs|test|ci|build|chore|refactor|perf)(\([\w/-]+\))?!?: .+/.test(pr.title)) throw new Error('PR title must use Conventional Commits');
quality	Full gate	2026-10-07T21:23:45.4800602Z                                                                                                       ^
quality	Full gate	2026-10-07T21:23:45.4800879Z 
quality	Full gate	2026-10-07T21:23:45.4801075Z Error: PR title must use Conventional Commits
quality	Full gate	2026-10-07T21:23:45.4801464Z     at file:///home/runner/work/bs-mobile/bs-mobile/tools/pr-policy.mjs:7:103
quality	Full gate	2026-10-07T21:23:45.4801885Z     at ModuleJob.run (node:internal/modules/esm/module_job:343:25)
quality	Full gate	2026-10-07T21:23:45.4802344Z     at async onImport.tracePromise.__proto__ (node:internal/modules/esm/loader:681:26)
quality	Full gate	2026-10-07T21:23:45.4802962Z     at async asyncRunEntryPointWithESMLoader (node:internal/modules/run_main:117:5)
quality	Full gate	2026-10-07T21:23:45.4803232Z 
quality	Full gate	2026-10-07T21:23:45.4803312Z Node.js v22.23.3
quality	Full gate	2026-10-07T21:23:45.4837444Z ##[error]Process completed with exit code 1.
quality	Run actions/upload-artifact@ea165f8d65b6e75b540449e92b4886f43607fa02	﻿2026-10-07T21:23:45.4916123Z ##[group]Run actions/upload-artifact@ea165f8d65b6e75b540449e92b4886f43607fa02
quality	Run actions/upload-artifact@ea165f8d65b6e75b540449e92b4886f43607fa02	2026-10-07T21:23:45.4916359Z with:
quality	Run actions/upload-artifact@ea165f8d65b6e75b540449e92b4886f43607fa02	2026-10-07T21:23:45.4916510Z   name: evidence-e3c3adc4ac5db18a03c7b71587a4424779da284c
quality	Run actions/upload-artifact@ea165f8d65b6e75b540449e92b4886f43607fa02	2026-10-07T21:23:45.4916685Z   path: artifacts/
quality	Run actions/upload-artifact@ea165f8d65b6e75b540449e92b4886f43607fa02	2026-10-07T21:23:45.4916802Z   retention-days: 90
quality	Run actions/upload-artifact@ea165f8d65b6e75b540449e92b4886f43607fa02	2026-10-07T21:23:45.4916924Z   if-no-files-found: error
quality	Run actions/upload-artifact@ea165f8d65b6e75b540449e92b4886f43607fa02	2026-10-07T21:23:45.4917059Z   compression-level: 6
quality	Run actions/upload-artifact@ea165f8d65b6e75b540449e92b4886f43607fa02	2026-10-07T21:23:45.4917177Z   overwrite: false
quality	Run actions/upload-artifact@ea165f8d65b6e75b540449e92b4886f43607fa02	2026-10-07T21:23:45.4917295Z   include-hidden-files: false
quality	Run actions/upload-artifact@ea165f8d65b6e75b540449e92b4886f43607fa02	2026-10-07T21:23:45.4917421Z env:
quality	Run actions/upload-artifact@ea165f8d65b6e75b540449e92b4886f43607fa02	2026-10-07T21:23:45.4917531Z   DOTNET_ROOT: /usr/share/dotnet
quality	Run actions/upload-artifact@ea165f8d65b6e75b540449e92b4886f43607fa02	2026-10-07T21:23:45.4917664Z ##[endgroup]
quality	Run actions/upload-artifact@ea165f8d65b6e75b540449e92b4886f43607fa02	2026-10-07T21:23:45.5990334Z (node:2581) [DEP0040] DeprecationWarning: The `punycode` module is deprecated. Please use a userland alternative instead.
quality	Run actions/upload-artifact@ea165f8d65b6e75b540449e92b4886f43607fa02	2026-10-07T21:23:45.5991223Z (Use `node --trace-deprecation ...` to show where the warning was created)
quality	Run actions/upload-artifact@ea165f8d65b6e75b540449e92b4886f43607fa02	2026-10-07T21:23:45.6036803Z ##[error]No files were found with the provided path: artifacts/. No artifacts will be uploaded.
