✔ valid schema and cross-record references pass (35.284833ms)
✔ rejects damage below minimum (13.114917ms)
✔ rejects unknown field (12.915916ms)
✔ rejects missing growth (10.467958ms)
✔ rejects missing activation (11.867125ms)
✔ rejects wrong scalar type (8.625459ms)
✔ rejects invalid namespace (8.146291ms)
✔ rejects unresolved hero tool (7.859ms)
✔ rejects wrong-kind reference (8.240292ms)
✔ rejects unresolved estate tool (7.769709ms)
✔ rejects unresolved tuning hero (7.604917ms)
✔ rejects unresolved anti-synergy (7.9195ms)
✔ rejects invalid schema (8.200667ms)
✔ rejects undeclared schema draft (7.967625ms)
✔ rejects unknown schema keyword (8.498ms)
✔ recursively checks test content and global duplicate IDs (9.195458ms)
✔ rejects content without matching schema (9.227458ms)
✔ skin numbers fail even if schema permits arbitrary fields (11.092375ms)
✔ valid Draft2020 unevaluatedProperties is enforced (7.9455ms)
✔ rejects malformed JSON instead of silently skipping it (7.91775ms)
✔ S2 rejects season duration mismatch (120.514ms)
✔ S2 rejects missing world numeric tuning (107.928917ms)
✔ S2 rejects unresolved starting weapon (103.72625ms)
✔ S2 rejects excessive load (99.598333ms)
✔ S2 rejects map-incompatible spawn inset (113.434541ms)
✔ S2 rejects unsupported people rule (110.374834ms)
✔ S2 rejects wrong card count (93.721291ms)
✔ S2 rejects duplicate rarity names (98.387625ms)
✔ S2 rejects oversized squad (103.519875ms)
✔ S3 rejects missing canonical item (102.099584ms)
✔ S3 rejects unknown estate loop stage (96.295459ms)
✔ S3 rejects candidate profile activation (90.305292ms)
✔ S3 rejects profile wrong kind (88.890917ms)
✔ S3 rejects profile test leakage (92.626208ms)
✔ S3 rejects missing anti-synergy rationale (89.211208ms)
✔ S3 rejects hero affinity wrong kind (88.436208ms)
✔ S3 canonical pool passes all semantic gates (39.560958ms)
✔ S3 rejects candidate pretending implemented (87.422541ms)
✔ S3 rejects missing profile enemy (86.36775ms)
✔ S3 rejects missing test profile hero (86.927417ms)
✔ S3 rejects test metadata orphan (93.9475ms)
✔ S3 rejects reordered duplicate evolution (89.275083ms)
✔ S3 rejects sparse tag coverage (121.274333ms)
✔ S3 rejects evolution input kind (89.976875ms)
✔ S3 rejects evolution result base (89.86175ms)
✔ S3 rejects vassal owner kind (87.678667ms)
✔ S3 rejects item tool reference (92.626375ms)
✔ S3 rejects skin numeric metadata (87.089625ms)
✔ S3 rejects insufficient anti pairs (97.145542ms)
✔ S3 rejects insufficient loop links (105.847708ms)
✔ additional subset profile accepts implemented subset (94.195333ms)
✔ additional subset profile rejects candidate activation (95.763334ms)
✔ additional profile can activate a new generic implemented test tool without changing baseline (96.857375ms)
ℹ tests 53
ℹ suites 0
ℹ pass 53
ℹ fail 0
ℹ cancelled 0
ℹ skipped 0
ℹ todo 0
ℹ duration_ms 3440.769166
