quality	Full gate	﻿2026-10-07T21:24:50.1554615Z ##[group]Run ./tools/check.sh
quality	Full gate	2026-10-07T21:24:50.1555037Z [36;1m./tools/check.sh[0m
quality	Full gate	2026-10-07T21:24:50.1767744Z shell: /usr/bin/bash -e {0}
quality	Full gate	2026-10-07T21:24:50.1768111Z env:
quality	Full gate	2026-10-07T21:24:50.1768357Z   DOTNET_ROOT: /usr/share/dotnet
quality	Full gate	2026-10-07T21:24:50.1771832Z   GH_TOKEN: ***
quality	Full gate	2026-10-07T21:24:50.1772102Z ##[endgroup]
quality	Full gate	2026-10-07T21:24:51.0038737Z 
quality	Full gate	2026-10-07T21:24:51.0045947Z added 5 packages, and audited 6 packages in 765ms
quality	Full gate	2026-10-07T21:24:51.0046677Z 
quality	Full gate	2026-10-07T21:24:51.0046904Z 2 packages are looking for funding
quality	Full gate	2026-10-07T21:24:51.0047232Z   run `npm fund` for details
quality	Full gate	2026-10-07T21:24:51.0047471Z 
quality	Full gate	2026-10-07T21:24:51.0047616Z found 0 vulnerabilities
quality	Full gate	2026-10-07T21:24:51.1170095Z 
quality	Full gate	2026-10-07T21:24:51.1170676Z > test
quality	Full gate	2026-10-07T21:24:51.1171149Z > node --test tools/test-content-validator.mjs
quality	Full gate	2026-10-07T21:24:51.1171416Z 
quality	Full gate	2026-10-07T21:24:51.1634128Z TAP version 13
quality	Full gate	2026-10-07T21:24:51.2981647Z # Subtest: valid schema and cross-record references pass
quality	Full gate	2026-10-07T21:24:51.2986278Z ok 1 - valid schema and cross-record references pass
quality	Full gate	2026-10-07T21:24:51.2986921Z   ---
quality	Full gate	2026-10-07T21:24:51.2987397Z   duration_ms: 69.525056
quality	Full gate	2026-10-07T21:24:51.2987808Z   type: 'test'
quality	Full gate	2026-10-07T21:24:51.2988177Z   ...
quality	Full gate	2026-10-07T21:24:51.3385604Z # Subtest: rejects damage below minimum
quality	Full gate	2026-10-07T21:24:51.3389659Z ok 2 - rejects damage below minimum
quality	Full gate	2026-10-07T21:24:51.3390099Z   ---
quality	Full gate	2026-10-07T21:24:51.3390410Z   duration_ms: 40.617555
quality	Full gate	2026-10-07T21:24:51.3390717Z   type: 'test'
quality	Full gate	2026-10-07T21:24:51.3391044Z   ...
quality	Full gate	2026-10-07T21:24:51.3644771Z # Subtest: rejects unknown field
quality	Full gate	2026-10-07T21:24:51.3645815Z ok 3 - rejects unknown field
quality	Full gate	2026-10-07T21:24:51.3646688Z   ---
quality	Full gate	2026-10-07T21:24:51.3647322Z   duration_ms: 25.489537
quality	Full gate	2026-10-07T21:24:51.3647986Z   type: 'test'
quality	Full gate	2026-10-07T21:24:51.3648606Z   ...
quality	Full gate	2026-10-07T21:24:51.4093992Z # Subtest: rejects missing growth
quality	Full gate	2026-10-07T21:24:51.4094979Z ok 4 - rejects missing growth
quality	Full gate	2026-10-07T21:24:51.4095670Z   ---
quality	Full gate	2026-10-07T21:24:51.4096087Z   duration_ms: 44.927093
quality	Full gate	2026-10-07T21:24:51.4096716Z   type: 'test'
quality	Full gate	2026-10-07T21:24:51.4097224Z   ...
quality	Full gate	2026-10-07T21:24:51.4420948Z # Subtest: rejects missing activation
quality	Full gate	2026-10-07T21:24:51.4421900Z ok 5 - rejects missing activation
quality	Full gate	2026-10-07T21:24:51.4422519Z   ---
quality	Full gate	2026-10-07T21:24:51.4423184Z   duration_ms: 32.636012
quality	Full gate	2026-10-07T21:24:51.4424064Z   type: 'test'
quality	Full gate	2026-10-07T21:24:51.4424631Z   ...
quality	Full gate	2026-10-07T21:24:51.4814923Z # Subtest: rejects wrong scalar type
quality	Full gate	2026-10-07T21:24:51.4816369Z ok 6 - rejects wrong scalar type
quality	Full gate	2026-10-07T21:24:51.4817180Z   ---
quality	Full gate	2026-10-07T21:24:51.4817752Z   duration_ms: 38.455014
quality	Full gate	2026-10-07T21:24:51.4818981Z   type: 'test'
quality	Full gate	2026-10-07T21:24:51.4819477Z   ...
quality	Full gate	2026-10-07T21:24:51.5076182Z # Subtest: rejects invalid namespace
quality	Full gate	2026-10-07T21:24:51.5077136Z ok 7 - rejects invalid namespace
quality	Full gate	2026-10-07T21:24:51.5077586Z   ---
quality	Full gate	2026-10-07T21:24:51.5078044Z   duration_ms: 27.226723
quality	Full gate	2026-10-07T21:24:51.5078544Z   type: 'test'
quality	Full gate	2026-10-07T21:24:51.5078936Z   ...
quality	Full gate	2026-10-07T21:24:51.5258512Z # Subtest: rejects unresolved hero tool
quality	Full gate	2026-10-07T21:24:51.5259570Z ok 8 - rejects unresolved hero tool
quality	Full gate	2026-10-07T21:24:51.5260678Z   ---
quality	Full gate	2026-10-07T21:24:51.5261316Z   duration_ms: 17.994423
quality	Full gate	2026-10-07T21:24:51.5261875Z   type: 'test'
quality	Full gate	2026-10-07T21:24:51.5262547Z   ...
quality	Full gate	2026-10-07T21:24:51.5469680Z # Subtest: rejects wrong-kind reference
quality	Full gate	2026-10-07T21:24:51.5470529Z ok 9 - rejects wrong-kind reference
quality	Full gate	2026-10-07T21:24:51.5471119Z   ---
quality	Full gate	2026-10-07T21:24:51.5471783Z   duration_ms: 20.949843
quality	Full gate	2026-10-07T21:24:51.5472263Z   type: 'test'
quality	Full gate	2026-10-07T21:24:51.5472666Z   ...
quality	Full gate	2026-10-07T21:24:51.5664751Z # Subtest: rejects unresolved estate tool
quality	Full gate	2026-10-07T21:24:51.5665500Z ok 10 - rejects unresolved estate tool
quality	Full gate	2026-10-07T21:24:51.5666165Z   ---
quality	Full gate	2026-10-07T21:24:51.5666569Z   duration_ms: 19.537051
quality	Full gate	2026-10-07T21:24:51.5667075Z   type: 'test'
quality	Full gate	2026-10-07T21:24:51.5667504Z   ...
quality	Full gate	2026-10-07T21:24:51.5945408Z # Subtest: rejects unresolved tuning hero
quality	Full gate	2026-10-07T21:24:51.5946201Z ok 11 - rejects unresolved tuning hero
quality	Full gate	2026-10-07T21:24:51.5946696Z   ---
quality	Full gate	2026-10-07T21:24:51.5947446Z   duration_ms: 28.044644
quality	Full gate	2026-10-07T21:24:51.5947834Z   type: 'test'
quality	Full gate	2026-10-07T21:24:51.5948247Z   ...
quality	Full gate	2026-10-07T21:24:51.6139174Z # Subtest: rejects unresolved anti-synergy
quality	Full gate	2026-10-07T21:24:51.6140458Z ok 12 - rejects unresolved anti-synergy
quality	Full gate	2026-10-07T21:24:51.6141353Z   ---
quality	Full gate	2026-10-07T21:24:51.6142073Z   duration_ms: 18.954487
quality	Full gate	2026-10-07T21:24:51.6142791Z   type: 'test'
quality	Full gate	2026-10-07T21:24:51.6143660Z   ...
quality	Full gate	2026-10-07T21:24:51.6352665Z # Subtest: rejects invalid schema
quality	Full gate	2026-10-07T21:24:51.6354300Z ok 13 - rejects invalid schema
quality	Full gate	2026-10-07T21:24:51.6354961Z   ---
quality	Full gate	2026-10-07T21:24:51.6355594Z   duration_ms: 21.637851
quality	Full gate	2026-10-07T21:24:51.6356236Z   type: 'test'
quality	Full gate	2026-10-07T21:24:51.6356933Z   ...
quality	Full gate	2026-10-07T21:24:51.6532902Z # Subtest: rejects undeclared schema draft
quality	Full gate	2026-10-07T21:24:51.6533911Z ok 14 - rejects undeclared schema draft
quality	Full gate	2026-10-07T21:24:51.6534500Z   ---
quality	Full gate	2026-10-07T21:24:51.6534950Z   duration_ms: 18.042282
quality	Full gate	2026-10-07T21:24:51.6535454Z   type: 'test'
quality	Full gate	2026-10-07T21:24:51.6535873Z   ...
quality	Full gate	2026-10-07T21:24:51.6712414Z # Subtest: rejects unknown schema keyword
quality	Full gate	2026-10-07T21:24:51.6713586Z ok 15 - rejects unknown schema keyword
quality	Full gate	2026-10-07T21:24:51.6714002Z   ---
quality	Full gate	2026-10-07T21:24:51.6714359Z   duration_ms: 17.704732
quality	Full gate	2026-10-07T21:24:51.6714827Z   type: 'test'
quality	Full gate	2026-10-07T21:24:51.6715159Z   ...
quality	Full gate	2026-10-07T21:24:51.6896059Z # Subtest: recursively checks test content and global duplicate IDs
quality	Full gate	2026-10-07T21:24:51.6897316Z ok 16 - recursively checks test content and global duplicate IDs
quality	Full gate	2026-10-07T21:24:51.6897937Z   ---
quality	Full gate	2026-10-07T21:24:51.6898524Z   duration_ms: 18.321742
quality	Full gate	2026-10-07T21:24:51.6899087Z   type: 'test'
quality	Full gate	2026-10-07T21:24:51.6899764Z   ...
quality	Full gate	2026-10-07T21:24:51.7060974Z # Subtest: rejects content without matching schema
quality	Full gate	2026-10-07T21:24:51.7062345Z ok 17 - rejects content without matching schema
quality	Full gate	2026-10-07T21:24:51.7062847Z   ---
quality	Full gate	2026-10-07T21:24:51.7063346Z   duration_ms: 16.409196
quality	Full gate	2026-10-07T21:24:51.7063884Z   type: 'test'
quality	Full gate	2026-10-07T21:24:51.7064292Z   ...
quality	Full gate	2026-10-07T21:24:51.7254020Z # Subtest: skin numbers fail even if schema permits arbitrary fields
quality	Full gate	2026-10-07T21:24:51.7255286Z ok 18 - skin numbers fail even if schema permits arbitrary fields
quality	Full gate	2026-10-07T21:24:51.7255942Z   ---
quality	Full gate	2026-10-07T21:24:51.7256364Z   duration_ms: 19.303637
quality	Full gate	2026-10-07T21:24:51.7256813Z   type: 'test'
quality	Full gate	2026-10-07T21:24:51.7257306Z   ...
quality	Full gate	2026-10-07T21:24:51.7440672Z # Subtest: valid Draft2020 unevaluatedProperties is enforced
quality	Full gate	2026-10-07T21:24:51.7441600Z ok 19 - valid Draft2020 unevaluatedProperties is enforced
quality	Full gate	2026-10-07T21:24:51.7442017Z   ---
quality	Full gate	2026-10-07T21:24:51.7442314Z   duration_ms: 18.658442
quality	Full gate	2026-10-07T21:24:51.7442749Z   type: 'test'
quality	Full gate	2026-10-07T21:24:51.7443274Z   ...
quality	Full gate	2026-10-07T21:24:51.7619542Z # Subtest: rejects malformed JSON instead of silently skipping it
quality	Full gate	2026-10-07T21:24:51.7621443Z ok 20 - rejects malformed JSON instead of silently skipping it
quality	Full gate	2026-10-07T21:24:51.7622399Z   ---
quality	Full gate	2026-10-07T21:24:51.7623213Z   duration_ms: 17.757138
quality	Full gate	2026-10-07T21:24:51.7623972Z   type: 'test'
quality	Full gate	2026-10-07T21:24:51.7624747Z   ...
quality	Full gate	2026-10-07T21:24:52.0714007Z # Subtest: S2 rejects season duration mismatch
quality	Full gate	2026-10-07T21:24:52.0714841Z ok 21 - S2 rejects season duration mismatch
quality	Full gate	2026-10-07T21:24:52.0715330Z   ---
quality	Full gate	2026-10-07T21:24:52.0715689Z   duration_ms: 309.012225
quality	Full gate	2026-10-07T21:24:52.0716077Z   type: 'test'
quality	Full gate	2026-10-07T21:24:52.0716504Z   ...
quality	Full gate	2026-10-07T21:24:52.3250926Z # Subtest: S2 rejects missing world numeric tuning
quality	Full gate	2026-10-07T21:24:52.3251832Z ok 22 - S2 rejects missing world numeric tuning
quality	Full gate	2026-10-07T21:24:52.3252471Z   ---
quality	Full gate	2026-10-07T21:24:52.3253176Z   duration_ms: 253.833192
quality	Full gate	2026-10-07T21:24:52.3253689Z   type: 'test'
quality	Full gate	2026-10-07T21:24:52.3254320Z   ...
quality	Full gate	2026-10-07T21:24:52.5182927Z # Subtest: S2 rejects unresolved starting weapon
quality	Full gate	2026-10-07T21:24:52.5184287Z ok 23 - S2 rejects unresolved starting weapon
quality	Full gate	2026-10-07T21:24:52.5184987Z   ---
quality	Full gate	2026-10-07T21:24:52.5185325Z   duration_ms: 193.197987
quality	Full gate	2026-10-07T21:24:52.5185718Z   type: 'test'
quality	Full gate	2026-10-07T21:24:52.5185961Z   ...
quality	Full gate	2026-10-07T21:24:52.7062290Z # Subtest: S2 rejects excessive load
quality	Full gate	2026-10-07T21:24:52.7063599Z ok 24 - S2 rejects excessive load
quality	Full gate	2026-10-07T21:24:52.7064385Z   ---
quality	Full gate	2026-10-07T21:24:52.7065335Z   duration_ms: 187.959007
quality	Full gate	2026-10-07T21:24:52.7065882Z   type: 'test'
quality	Full gate	2026-10-07T21:24:52.7066408Z   ...
quality	Full gate	2026-10-07T21:24:52.8988143Z # Subtest: S2 rejects map-incompatible spawn inset
quality	Full gate	2026-10-07T21:24:52.8989002Z ok 25 - S2 rejects map-incompatible spawn inset
quality	Full gate	2026-10-07T21:24:52.8989880Z   ---
quality	Full gate	2026-10-07T21:24:52.8990234Z   duration_ms: 192.377668
quality	Full gate	2026-10-07T21:24:52.8990611Z   type: 'test'
quality	Full gate	2026-10-07T21:24:52.8990935Z   ...
quality	Full gate	2026-10-07T21:24:53.0849387Z # Subtest: S2 rejects unsupported people rule
quality	Full gate	2026-10-07T21:24:53.0849924Z ok 26 - S2 rejects unsupported people rule
quality	Full gate	2026-10-07T21:24:53.0850212Z   ---
quality	Full gate	2026-10-07T21:24:53.0850443Z   duration_ms: 185.973598
quality	Full gate	2026-10-07T21:24:53.0850691Z   type: 'test'
quality	Full gate	2026-10-07T21:24:53.0850904Z   ...
quality	Full gate	2026-10-07T21:24:53.2717558Z # Subtest: S2 rejects wrong card count
quality	Full gate	2026-10-07T21:24:53.2718359Z ok 27 - S2 rejects wrong card count
quality	Full gate	2026-10-07T21:24:53.2719186Z   ---
quality	Full gate	2026-10-07T21:24:53.2719627Z   duration_ms: 186.83298
quality	Full gate	2026-10-07T21:24:53.2719972Z   type: 'test'
quality	Full gate	2026-10-07T21:24:53.2720224Z   ...
quality	Full gate	2026-10-07T21:24:53.4781399Z # Subtest: S2 rejects duplicate rarity names
quality	Full gate	2026-10-07T21:24:53.4782830Z ok 28 - S2 rejects duplicate rarity names
quality	Full gate	2026-10-07T21:24:53.4784739Z   ---
quality	Full gate	2026-10-07T21:24:53.4785186Z   duration_ms: 206.238676
quality	Full gate	2026-10-07T21:24:53.4786491Z   type: 'test'
quality	Full gate	2026-10-07T21:24:53.4787448Z   ...
quality	Full gate	2026-10-07T21:24:53.6736024Z # Subtest: S2 rejects oversized squad
quality	Full gate	2026-10-07T21:24:53.6736839Z ok 29 - S2 rejects oversized squad
quality	Full gate	2026-10-07T21:24:53.6737328Z   ---
quality	Full gate	2026-10-07T21:24:53.6737717Z   duration_ms: 195.23492
quality	Full gate	2026-10-07T21:24:53.6738185Z   type: 'test'
quality	Full gate	2026-10-07T21:24:53.6738597Z   ...
quality	Full gate	2026-10-07T21:24:53.8486621Z # Subtest: S3 rejects missing canonical item
quality	Full gate	2026-10-07T21:24:53.8487367Z ok 30 - S3 rejects missing canonical item
quality	Full gate	2026-10-07T21:24:53.8487831Z   ---
quality	Full gate	2026-10-07T21:24:53.8488270Z   duration_ms: 175.154654
quality	Full gate	2026-10-07T21:24:53.8488703Z   type: 'test'
quality	Full gate	2026-10-07T21:24:53.8489172Z   ...
quality	Full gate	2026-10-07T21:24:54.0493376Z # Subtest: S3 rejects unknown estate loop stage
quality	Full gate	2026-10-07T21:24:54.0494000Z ok 31 - S3 rejects unknown estate loop stage
quality	Full gate	2026-10-07T21:24:54.0494684Z   ---
quality	Full gate	2026-10-07T21:24:54.0494955Z   duration_ms: 200.62159
quality	Full gate	2026-10-07T21:24:54.0495469Z   type: 'test'
quality	Full gate	2026-10-07T21:24:54.0495718Z   ...
quality	Full gate	2026-10-07T21:24:54.2425180Z # Subtest: S3 rejects candidate profile activation
quality	Full gate	2026-10-07T21:24:54.2426475Z ok 32 - S3 rejects candidate profile activation
quality	Full gate	2026-10-07T21:24:54.2428145Z   ---
quality	Full gate	2026-10-07T21:24:54.2428467Z   duration_ms: 193.197582
quality	Full gate	2026-10-07T21:24:54.2428730Z   type: 'test'
quality	Full gate	2026-10-07T21:24:54.2429017Z   ...
quality	Full gate	2026-10-07T21:24:54.4201593Z # Subtest: S3 rejects profile wrong kind
quality	Full gate	2026-10-07T21:24:54.4202606Z ok 33 - S3 rejects profile wrong kind
quality	Full gate	2026-10-07T21:24:54.4203413Z   ---
quality	Full gate	2026-10-07T21:24:54.4203645Z   duration_ms: 177.475543
quality	Full gate	2026-10-07T21:24:54.4203988Z   type: 'test'
quality	Full gate	2026-10-07T21:24:54.4204292Z   ...
quality	Full gate	2026-10-07T21:24:54.6002684Z # Subtest: S3 rejects profile test leakage
quality	Full gate	2026-10-07T21:24:54.6003461Z ok 34 - S3 rejects profile test leakage
quality	Full gate	2026-10-07T21:24:54.6004111Z   ---
quality	Full gate	2026-10-07T21:24:54.6004350Z   duration_ms: 180.026814
quality	Full gate	2026-10-07T21:24:54.6004628Z   type: 'test'
quality	Full gate	2026-10-07T21:24:54.6004945Z   ...
quality	Full gate	2026-10-07T21:24:54.7834740Z # Subtest: S3 rejects missing anti-synergy rationale
quality	Full gate	2026-10-07T21:24:54.7835595Z ok 35 - S3 rejects missing anti-synergy rationale
quality	Full gate	2026-10-07T21:24:54.7836172Z   ---
quality	Full gate	2026-10-07T21:24:54.7836434Z   duration_ms: 183.09345
quality	Full gate	2026-10-07T21:24:54.7836696Z   type: 'test'
quality	Full gate	2026-10-07T21:24:54.7836921Z   ...
quality	Full gate	2026-10-07T21:24:54.9752755Z # Subtest: S3 rejects hero affinity wrong kind
quality	Full gate	2026-10-07T21:24:54.9753809Z ok 36 - S3 rejects hero affinity wrong kind
quality	Full gate	2026-10-07T21:24:54.9754274Z   ---
quality	Full gate	2026-10-07T21:24:54.9754653Z   duration_ms: 191.204449
quality	Full gate	2026-10-07T21:24:54.9755121Z   type: 'test'
quality	Full gate	2026-10-07T21:24:54.9755605Z   ...
quality	Full gate	2026-10-07T21:24:55.0711142Z # Subtest: S3 canonical pool passes all semantic gates
quality	Full gate	2026-10-07T21:24:55.0712250Z ok 37 - S3 canonical pool passes all semantic gates
quality	Full gate	2026-10-07T21:24:55.0712702Z   ---
quality	Full gate	2026-10-07T21:24:55.0713004Z   duration_ms: 96.159152
quality	Full gate	2026-10-07T21:24:55.0713523Z   type: 'test'
quality	Full gate	2026-10-07T21:24:55.0713824Z   ...
quality	Full gate	2026-10-07T21:24:55.2643621Z # Subtest: S3 rejects candidate pretending implemented
quality	Full gate	2026-10-07T21:24:55.2644445Z ok 38 - S3 rejects candidate pretending implemented
quality	Full gate	2026-10-07T21:24:55.2645324Z   ---
quality	Full gate	2026-10-07T21:24:55.2645564Z   duration_ms: 193.283576
quality	Full gate	2026-10-07T21:24:55.2646184Z   type: 'test'
quality	Full gate	2026-10-07T21:24:55.2646426Z   ...
quality	Full gate	2026-10-07T21:24:55.4563337Z # Subtest: S3 rejects missing profile enemy
quality	Full gate	2026-10-07T21:24:55.4564344Z ok 39 - S3 rejects missing profile enemy
quality	Full gate	2026-10-07T21:24:55.4564651Z   ---
quality	Full gate	2026-10-07T21:24:55.4564882Z   duration_ms: 191.982902
quality	Full gate	2026-10-07T21:24:55.4565146Z   type: 'test'
quality	Full gate	2026-10-07T21:24:55.4565367Z   ...
quality	Full gate	2026-10-07T21:24:55.6331102Z # Subtest: S3 rejects missing test profile hero
quality	Full gate	2026-10-07T21:24:55.6332197Z ok 40 - S3 rejects missing test profile hero
quality	Full gate	2026-10-07T21:24:55.6332638Z   ---
quality	Full gate	2026-10-07T21:24:55.6332881Z   duration_ms: 176.630969
quality	Full gate	2026-10-07T21:24:55.6333377Z   type: 'test'
quality	Full gate	2026-10-07T21:24:55.6333693Z   ...
quality	Full gate	2026-10-07T21:24:55.8272566Z # Subtest: S3 rejects test metadata orphan
quality	Full gate	2026-10-07T21:24:55.8273513Z ok 41 - S3 rejects test metadata orphan
quality	Full gate	2026-10-07T21:24:55.8273980Z   ---
quality	Full gate	2026-10-07T21:24:55.8275061Z   duration_ms: 193.990486
quality	Full gate	2026-10-07T21:24:55.8275620Z   type: 'test'
quality	Full gate	2026-10-07T21:24:55.8275929Z   ...
quality	Full gate	2026-10-07T21:24:56.0147361Z # Subtest: S3 rejects reordered duplicate evolution
quality	Full gate	2026-10-07T21:24:56.0149188Z ok 42 - S3 rejects reordered duplicate evolution
quality	Full gate	2026-10-07T21:24:56.0149613Z   ---
quality	Full gate	2026-10-07T21:24:56.0149936Z   duration_ms: 187.422121
quality	Full gate	2026-10-07T21:24:56.0150278Z   type: 'test'
quality	Full gate	2026-10-07T21:24:56.0150573Z   ...
quality	Full gate	2026-10-07T21:24:56.4041306Z # Subtest: S3 rejects sparse tag coverage
quality	Full gate	2026-10-07T21:24:56.4041865Z ok 43 - S3 rejects sparse tag coverage
quality	Full gate	2026-10-07T21:24:56.4042533Z   ---
quality	Full gate	2026-10-07T21:24:56.4043454Z   duration_ms: 389.20748
quality	Full gate	2026-10-07T21:24:56.4044053Z   type: 'test'
quality	Full gate	2026-10-07T21:24:56.4044391Z   ...
quality	Full gate	2026-10-07T21:24:56.5976470Z # Subtest: S3 rejects evolution input kind
quality	Full gate	2026-10-07T21:24:56.5977164Z ok 44 - S3 rejects evolution input kind
quality	Full gate	2026-10-07T21:24:56.5977555Z   ---
quality	Full gate	2026-10-07T21:24:56.5977898Z   duration_ms: 193.539282
quality	Full gate	2026-10-07T21:24:56.5978263Z   type: 'test'
quality	Full gate	2026-10-07T21:24:56.5978603Z   ...
quality	Full gate	2026-10-07T21:24:56.8008911Z # Subtest: S3 rejects evolution result base
quality	Full gate	2026-10-07T21:24:56.8009993Z ok 45 - S3 rejects evolution result base
quality	Full gate	2026-10-07T21:24:56.8011821Z   ---
quality	Full gate	2026-10-07T21:24:56.8012841Z   duration_ms: 203.169179
quality	Full gate	2026-10-07T21:24:56.8013470Z   type: 'test'
quality	Full gate	2026-10-07T21:24:56.8013709Z   ...
quality	Full gate	2026-10-07T21:24:57.0133656Z # Subtest: S3 rejects vassal owner kind
quality	Full gate	2026-10-07T21:24:57.0134304Z ok 46 - S3 rejects vassal owner kind
quality	Full gate	2026-10-07T21:24:57.0134587Z   ---
quality	Full gate	2026-10-07T21:24:57.0134811Z   duration_ms: 212.324921
quality	Full gate	2026-10-07T21:24:57.0135064Z   type: 'test'
quality	Full gate	2026-10-07T21:24:57.0135319Z   ...
quality	Full gate	2026-10-07T21:24:57.3879336Z # Subtest: S3 rejects item tool reference
quality	Full gate	2026-10-07T21:24:57.3880334Z ok 47 - S3 rejects item tool reference
quality	Full gate	2026-10-07T21:24:57.3881232Z   ---
quality	Full gate	2026-10-07T21:24:57.3881678Z   duration_ms: 374.620292
quality	Full gate	2026-10-07T21:24:57.3882051Z   type: 'test'
quality	Full gate	2026-10-07T21:24:57.3882343Z   ...
quality	Full gate	2026-10-07T21:24:57.5762959Z # Subtest: S3 rejects skin numeric metadata
quality	Full gate	2026-10-07T21:24:57.5764293Z ok 48 - S3 rejects skin numeric metadata
quality	Full gate	2026-10-07T21:24:57.5765031Z   ---
quality	Full gate	2026-10-07T21:24:57.5765912Z   duration_ms: 188.26081
quality	Full gate	2026-10-07T21:24:57.5766273Z   type: 'test'
quality	Full gate	2026-10-07T21:24:57.5766501Z   ...
quality	Full gate	2026-10-07T21:24:57.7731444Z # Subtest: S3 rejects insufficient anti pairs
quality	Full gate	2026-10-07T21:24:57.7732005Z ok 49 - S3 rejects insufficient anti pairs
quality	Full gate	2026-10-07T21:24:57.7732306Z   ---
quality	Full gate	2026-10-07T21:24:57.7732536Z   duration_ms: 196.740236
quality	Full gate	2026-10-07T21:24:57.7732800Z   type: 'test'
quality	Full gate	2026-10-07T21:24:57.7733195Z   ...
quality	Full gate	2026-10-07T21:24:58.0950357Z # Subtest: S3 rejects insufficient loop links
quality	Full gate	2026-10-07T21:24:58.0951484Z ok 50 - S3 rejects insufficient loop links
quality	Full gate	2026-10-07T21:24:58.0951886Z   ---
quality	Full gate	2026-10-07T21:24:58.0952198Z   duration_ms: 321.798158
quality	Full gate	2026-10-07T21:24:58.0952578Z   type: 'test'
quality	Full gate	2026-10-07T21:24:58.0952889Z   ...
quality	Full gate	2026-10-07T21:24:58.2130699Z 1..50
quality	Full gate	2026-10-07T21:24:58.2131152Z # tests 50
quality	Full gate	2026-10-07T21:24:58.2131459Z # suites 0
quality	Full gate	2026-10-07T21:24:58.2131751Z # pass 50
quality	Full gate	2026-10-07T21:24:58.2132434Z # fail 0
quality	Full gate	2026-10-07T21:24:58.2132725Z # cancelled 0
quality	Full gate	2026-10-07T21:24:58.2133230Z # skipped 0
quality	Full gate	2026-10-07T21:24:58.2144249Z # todo 0
quality	Full gate	2026-10-07T21:24:58.2144791Z # duration_ms 7061.00108
quality	Full gate	2026-10-07T21:24:58.2606150Z TAP version 13
quality	Full gate	2026-10-07T21:24:58.8599394Z # Subtest: standalone missing issue
quality	Full gate	2026-10-07T21:24:58.8605176Z ok 1 - standalone missing issue
quality	Full gate	2026-10-07T21:24:58.8605631Z   ---
quality	Full gate	2026-10-07T21:24:58.8606025Z   duration_ms: 252.333716
quality	Full gate	2026-10-07T21:24:58.8606507Z   type: 'test'
quality	Full gate	2026-10-07T21:24:58.8606813Z   ...
quality	Full gate	2026-10-07T21:24:58.8610844Z # Subtest: inline missing issue
quality	Full gate	2026-10-07T21:24:58.8613340Z ok 2 - inline missing issue
quality	Full gate	2026-10-07T21:24:58.8613887Z   ---
quality	Full gate	2026-10-07T21:24:58.8614110Z   duration_ms: 141.124819
quality	Full gate	2026-10-07T21:24:58.8614354Z   type: 'test'
quality	Full gate	2026-10-07T21:24:58.8614565Z   ...
quality	Full gate	2026-10-07T21:24:58.8615379Z # Subtest: block missing issue
quality	Full gate	2026-10-07T21:24:58.8619568Z ok 3 - block missing issue
quality	Full gate	2026-10-07T21:24:58.8620066Z   ---
quality	Full gate	2026-10-07T21:24:58.8620474Z   duration_ms: 41.558609
quality	Full gate	2026-10-07T21:24:58.8620885Z   type: 'test'
quality	Full gate	2026-10-07T21:24:58.8621345Z   ...
quality	Full gate	2026-10-07T21:24:58.8621931Z # Subtest: shell missing issue
quality	Full gate	2026-10-07T21:24:58.8622423Z ok 4 - shell missing issue
quality	Full gate	2026-10-07T21:24:58.8622806Z   ---
quality	Full gate	2026-10-07T21:24:58.8623393Z   duration_ms: 40.843987
quality	Full gate	2026-10-07T21:24:58.8623778Z   type: 'test'
quality	Full gate	2026-10-07T21:24:58.8624156Z   ...
quality	Full gate	2026-10-07T21:24:58.8624618Z # Subtest: linked inline
quality	Full gate	2026-10-07T21:24:58.8625371Z ok 5 - linked inline
quality	Full gate	2026-10-07T21:24:58.8625930Z   ---
quality	Full gate	2026-10-07T21:24:58.8626194Z   duration_ms: 42.914479
quality	Full gate	2026-10-07T21:24:58.8626515Z   type: 'test'
quality	Full gate	2026-10-07T21:24:58.8626802Z   ...
quality	Full gate	2026-10-07T21:24:58.8627279Z # Subtest: linked shell
quality	Full gate	2026-10-07T21:24:58.8628559Z ok 6 - linked shell
quality	Full gate	2026-10-07T21:24:58.8628935Z   ---
quality	Full gate	2026-10-07T21:24:58.8629309Z   duration_ms: 44.045594
quality	Full gate	2026-10-07T21:24:58.8629664Z   type: 'test'
quality	Full gate	2026-10-07T21:24:58.8630055Z   ...
quality	Full gate	2026-10-07T21:24:58.8697796Z 1..6
quality	Full gate	2026-10-07T21:24:58.8698238Z # tests 6
quality	Full gate	2026-10-07T21:24:58.8698569Z # suites 0
quality	Full gate	2026-10-07T21:24:58.8698890Z # pass 6
quality	Full gate	2026-10-07T21:24:58.8699152Z # fail 0
quality	Full gate	2026-10-07T21:24:58.8704402Z # cancelled 0
quality	Full gate	2026-10-07T21:24:58.8719055Z # skipped 0
quality	Full gate	2026-10-07T21:24:58.8719425Z # todo 0
quality	Full gate	2026-10-07T21:24:58.8719815Z # duration_ms 620.281103
quality	Full gate	2026-10-07T21:24:58.9637687Z 
quality	Full gate	2026-10-07T21:24:58.9638307Z > validate
quality	Full gate	2026-10-07T21:24:58.9638837Z > node tools/validate-content.mjs
quality	Full gate	2026-10-07T21:24:58.9639167Z 
quality	Full gate	2026-10-07T21:24:59.2353650Z {
quality	Full gate	2026-10-07T21:24:59.2354184Z   "valid": true,
quality	Full gate	2026-10-07T21:24:59.2354614Z   "records": 225,
quality	Full gate	2026-10-07T21:24:59.2354963Z   "schemas": 12,
quality	Full gate	2026-10-07T21:24:59.2355346Z   "errors": [],
quality	Full gate	2026-10-07T21:24:59.2355644Z   "gateCounts": {
quality	Full gate	2026-10-07T21:24:59.2355962Z     "canonicalCounts": {
quality	Full gate	2026-10-07T21:24:59.2356327Z       "weapon": 30,
quality	Full gate	2026-10-07T21:24:59.2356614Z       "tool": 40,
quality	Full gate	2026-10-07T21:24:59.2356904Z       "charter": 16,
quality	Full gate	2026-10-07T21:24:59.2357203Z       "item": 60,
quality	Full gate	2026-10-07T21:24:59.2357480Z       "vassal": 16,
quality	Full gate	2026-10-07T21:24:59.2357781Z       "enemy": 24,
quality	Full gate	2026-10-07T21:24:59.2358190Z       "evolution": 30,
quality	Full gate	2026-10-07T21:24:59.2358600Z       "hero": 1,
quality	Full gate	2026-10-07T21:24:59.2358967Z       "estate": 1,
quality	Full gate	2026-10-07T21:24:59.2359333Z       "skin": 1
quality	Full gate	2026-10-07T21:24:59.2359698Z     },
quality	Full gate	2026-10-07T21:24:59.2360046Z     "minTagDistinctCount": 8,
quality	Full gate	2026-10-07T21:24:59.2360475Z     "noGrowthTools": 0,
quality	Full gate	2026-10-07T21:24:59.2360847Z     "evolutionCounts": {
quality	Full gate	2026-10-07T21:24:59.2361268Z       "weapon-tool": 10,
quality	Full gate	2026-10-07T21:24:59.2361647Z       "tool-tool": 10,
quality	Full gate	2026-10-07T21:24:59.2361996Z       "tool-growth": 10
quality	Full gate	2026-10-07T21:24:59.2362341Z     },
quality	Full gate	2026-10-07T21:24:59.2363674Z     "unorderedAntiSynergyPairs": 11,
quality	Full gate	2026-10-07T21:24:59.2364117Z     "skinNumericCount": 0,
quality	Full gate	2026-10-07T21:24:59.2364535Z     "loopLinkedDistinct": 130
quality	Full gate	2026-10-07T21:24:59.2364865Z   }
quality	Full gate	2026-10-07T21:24:59.2365151Z }
quality	Full gate	2026-10-07T21:24:59.3210474Z S3 content tables match canonical JSON
quality	Full gate	2026-10-07T21:24:59.3546396Z metrics selftest PASS
quality	Full gate	2026-10-07T21:24:59.9696349Z file:///home/runner/work/bs-mobile/bs-mobile/tools/pr-policy.mjs:15
quality	Full gate	2026-10-07T21:24:59.9699034Z   for (const heading of ['Gate result', 'Verification', 'Screens']) if (!(pr.body ?? '').includes(heading)) throw new Error(`PR missing ${heading}`);
quality	Full gate	2026-10-07T21:24:59.9700262Z                                                                                                                   ^
quality	Full gate	2026-10-07T21:24:59.9700821Z 
quality	Full gate	2026-10-07T21:24:59.9701425Z Error: PR missing Gate result
quality	Full gate	2026-10-07T21:24:59.9701972Z     at file:///home/runner/work/bs-mobile/bs-mobile/tools/pr-policy.mjs:15:115
quality	Full gate	2026-10-07T21:24:59.9702479Z     at ModuleJob.run (node:internal/modules/esm/module_job:343:25)
quality	Full gate	2026-10-07T21:24:59.9703309Z     at async onImport.tracePromise.__proto__ (node:internal/modules/esm/loader:681:26)
quality	Full gate	2026-10-07T21:24:59.9703919Z     at async asyncRunEntryPointWithESMLoader (node:internal/modules/run_main:117:5)
quality	Full gate	2026-10-07T21:24:59.9704225Z 
quality	Full gate	2026-10-07T21:24:59.9704334Z Node.js v22.23.3
quality	Full gate	2026-10-07T21:24:59.9735196Z ##[error]Process completed with exit code 1.
quality	Run actions/upload-artifact@ea165f8d65b6e75b540449e92b4886f43607fa02	﻿2026-10-07T21:24:59.9838247Z ##[group]Run actions/upload-artifact@ea165f8d65b6e75b540449e92b4886f43607fa02
quality	Run actions/upload-artifact@ea165f8d65b6e75b540449e92b4886f43607fa02	2026-10-07T21:24:59.9838639Z with:
quality	Run actions/upload-artifact@ea165f8d65b6e75b540449e92b4886f43607fa02	2026-10-07T21:24:59.9838906Z   name: evidence-ed74bb5814df7073f2b4844278d99a080beb88fc
quality	Run actions/upload-artifact@ea165f8d65b6e75b540449e92b4886f43607fa02	2026-10-07T21:24:59.9839232Z   path: artifacts/
quality	Run actions/upload-artifact@ea165f8d65b6e75b540449e92b4886f43607fa02	2026-10-07T21:24:59.9839455Z   retention-days: 90
quality	Run actions/upload-artifact@ea165f8d65b6e75b540449e92b4886f43607fa02	2026-10-07T21:24:59.9839693Z   if-no-files-found: error
quality	Run actions/upload-artifact@ea165f8d65b6e75b540449e92b4886f43607fa02	2026-10-07T21:24:59.9839936Z   compression-level: 6
quality	Run actions/upload-artifact@ea165f8d65b6e75b540449e92b4886f43607fa02	2026-10-07T21:24:59.9840164Z   overwrite: false
quality	Run actions/upload-artifact@ea165f8d65b6e75b540449e92b4886f43607fa02	2026-10-07T21:24:59.9840384Z   include-hidden-files: false
quality	Run actions/upload-artifact@ea165f8d65b6e75b540449e92b4886f43607fa02	2026-10-07T21:24:59.9840629Z env:
quality	Run actions/upload-artifact@ea165f8d65b6e75b540449e92b4886f43607fa02	2026-10-07T21:24:59.9840832Z   DOTNET_ROOT: /usr/share/dotnet
quality	Run actions/upload-artifact@ea165f8d65b6e75b540449e92b4886f43607fa02	2026-10-07T21:24:59.9841072Z ##[endgroup]
quality	Run actions/upload-artifact@ea165f8d65b6e75b540449e92b4886f43607fa02	2026-10-07T21:25:00.1450096Z (node:2791) [DEP0040] DeprecationWarning: The `punycode` module is deprecated. Please use a userland alternative instead.
quality	Run actions/upload-artifact@ea165f8d65b6e75b540449e92b4886f43607fa02	2026-10-07T21:25:00.1450916Z (Use `node --trace-deprecation ...` to show where the warning was created)
quality	Run actions/upload-artifact@ea165f8d65b6e75b540449e92b4886f43607fa02	2026-10-07T21:25:00.1525863Z ##[error]No files were found with the provided path: artifacts/. No artifacts will be uploaded.
